============================================================
  Generated by:           Genus(TM) Synthesis Solution 25.12-s067_1
  Generated on:           Jul 02 2026  08:30:22 am
  Module:                 fa_accel_top
  Operating conditions:   typ 
  Interconnect mode:      placement
  Area mode:              physical library
============================================================

Timing
--------

Clock Period 
-------------
clk   5000.0 


  Cost    Critical               Violating 
 Group   Path Slack     TNS        Paths   
-------------------------------------------
clk          -528.1   -350977.1       2373 
default    No paths         0.0            
-------------------------------------------
Total                 -350977.1       2373 

Instance Count
--------------
Leaf Instance Count             1141708 
Physical Instance count               0 
Sequential Instance Count         23873 
Combinational Instance Count    1117835 
Hierarchical Instance Count           4 

Area
----
Cell Area                          21344961.494
Physical Cell Area                 0.000
Total Cell Area (Cell+Physical)    21344961.494
Net Area                           12147321.991
Total Area (Cell+Physical+Net)     33492283.485

Floorplan Utilization              70.72%
Max Fanout                         23969 (clk)
Min Fanout                         0 (FE_OFN40768_dma_rst_n)
Average Fanout                     2.0
Terms to net ratio                 3.0010
Terms to instance ratio            3.1562
Runtime                            14987.423009000855 seconds
Elapsed Runtime                    49116 seconds
Genus peak memory usage            11384.04 
Innovus peak memory usage          11218.730469 
Hostname                           sh02lo02

Physical Data
-------------
Total Net Length                   55215099.96 um
Average Net Length                 45.99 um
Routing Congestion                 H: 6.91% V: 14.22%
