============================================================
  Generated by:           Genus(TM) Synthesis Solution 25.12-s067_1
  Generated on:           Jul 01 2026  11:15:32 pm
  Module:                 fa_accel_top
  Technology libraries:   sky130_fd_sc_hs__tt_025C_1v80 1.0000000000
                          sky130_sram_0kbytes_1rw1r_32x64_8_TT_1p8V_25C_lib 
                          sky130_sram_0kbytes_1rw1r_48x16_8_TT_1p8V_25C_lib 
                          physical_cells 
  Operating conditions:   typ 
  Interconnect mode:      global
  Area mode:              physical library
============================================================

Timing
--------

Clock Period 
-------------
clk   5000.0 


  Cost    Critical               Violating 
 Group   Path Slack     TNS        Paths   
-------------------------------------------
clk          -310.7   -688156.0       2864 
default    No paths         0.0            
-------------------------------------------
Total                 -688156.0       2864 

Instance Count
--------------
Leaf Instance Count             868910 
Physical Instance count              0 
Sequential Instance Count        23873 
Combinational Instance Count    845037 
Hierarchical Instance Count          4 

Area
----
Cell Area                          18706233.264
Physical Cell Area                 0.000
Total Cell Area (Cell+Physical)    18706233.264
Net Area                           5657858.431
Total Area (Cell+Physical+Net)     24364091.695

Max Fanout                         23969 (clk)
Min Fanout                         0 (n_13593)
Average Fanout                     2.0
Terms to net ratio                 3.0256
Terms to instance ratio            3.2930
Runtime                            4404.335801000035 seconds
Elapsed Runtime                    15856 seconds
Genus peak memory usage            11384.04 
Innovus peak memory usage          no_value 
Hostname                           sh02lo02
