============================================================
  Generated by:           Genus(TM) Synthesis Solution 25.12-s067_1
  Generated on:           Jul 02 2026  08:28:40 am
  Module:                 fa_accel_top
  Operating conditions:   typ 
  Interconnect mode:      placement
  Area mode:              physical library
============================================================


Path 1: VIOLATED (-528 ps) Setup Check with Pin u_row_engine/u_score_pipe_u_dot_pe_dot_o_reg[17]/CLK->D
          Group: clk
     Startpoint: (R) u_kv_buffer_gen_kv_sram_bank[8].u_k_bank_rd_data_reg[25]/CLK
          Clock: (R) clk
       Endpoint: (R) u_row_engine/u_score_pipe_u_dot_pe_dot_o_reg[17]/D
          Clock: (R) clk

                     Capture       Launch     
        Clock Edge:+    5000            0     
       Src Latency:+       0            0     
       Net Latency:+       0 (I)     -300 (I) 
           Arrival:=    5000         -300     
                                              
             Setup:-     169                  
     Required Time:=    4831                  
      Launch Clock:-    -300                  
         Data Path:-    5659                  
             Slack:=    -528                  

#---------------------------------------------------------------------------------------------------------------------------------------------------------------------------------------------------------------
#                                             Timing Point                                               Flags    Arc    Edge            Cell             Fanout  Load Trans Delay Arrival       Instance       
#                                                                                                                                                                 (fF)  (ps)  (ps)   (ps)        Location       
#---------------------------------------------------------------------------------------------------------------------------------------------------------------------------------------------------------------
  u_kv_buffer_gen_kv_sram_bank[8].u_k_bank_rd_data_reg[25]/CLK                                           -       -       R     (arrival)                   23969     -     0     0    -300                (-,-) 
  u_kv_buffer_gen_kv_sram_bank[8].u_k_bank_rd_data_reg[25]/Q                                             -       CLK->Q  F     sky130_fd_sc_hs__dfrtp_2        2  34.5    72   250     -50   (708.960,2444.220) 
  u_row_engine/FE_OFC105627_kv_buffer_k_row_33__9/X                                                      -       A->X    F     sky130_fd_sc_hs__buf_16        12 229.4    39   125      75   (719.520,2444.220) 
  u_row_engine/FE_OFC105628_kv_buffer_k_row_33__9/Y                                                      -       A->Y    R     sky130_fd_sc_hs__inv_16        10  63.3    71   211     286  (1431.840,2410.920) 
  u_row_engine/u_score_pipe_u_dot_pe_csa_tree_dot_sum_37_28_add_25_13_I64_groupi_g477073/Y               -       B->Y    F     sky130_fd_sc_hs__nand2_2        1   6.4    50    52     338  (1330.080,2420.910) 
  u_row_engine/u_score_pipe_u_dot_pe_csa_tree_dot_sum_37_28_add_25_13_I64_groupi_g465411/Y               -       A->Y    R     sky130_fd_sc_hs__nand2_2        2  10.6    60    60     398  (1327.200,2424.240) 
  u_row_engine/FE_RC_229223_0/X                                                                          -       A->X    R     sky130_fd_sc_hs__and2_4         4  38.2    88   131     529  (1330.560,2417.580) 
  u_row_engine/u_score_pipe_u_dot_pe_csa_tree_dot_sum_37_28_add_25_13_I64_groupi_g448176/Y               -       A->Y    F     sky130_fd_sc_hs__nand2_2        1   6.0    38    49     578  (1417.920,2407.590) 
  u_row_engine/u_score_pipe_u_dot_pe_csa_tree_dot_sum_37_28_add_25_13_I64_groupi_g436968/Y               -       A->Y    R     sky130_fd_sc_hs__nand2_2        1  21.3    97    82     660  (1417.440,2404.260) 
  u_row_engine/FE_OFC63271_u_score_pipe_u_dot_pe_csa_tree_dot_sum_37_28_add_25_13_I64_groupi_n_61964/Y   -       A->Y    F     sky130_fd_sc_hs__inv_8          3 280.2    96   103     762  (1417.920,2404.260) 
  u_row_engine/u_score_pipe_u_dot_pe_csa_tree_dot_sum_37_28_add_25_13_I64_groupi_g429333/Y               -       A->Y    R     sky130_fd_sc_hs__nand2_8        1   6.4    73   310    1073  (1434.240,1032.300) 
  u_row_engine/u_score_pipe_u_dot_pe_csa_tree_dot_sum_37_28_add_25_13_I64_groupi_g425055/Y               -       A->Y    F     sky130_fd_sc_hs__nand2_2        1   7.6    43    49    1122  (1437.120,1028.970) 
  u_row_engine/u_score_pipe_u_dot_pe_csa_tree_dot_sum_37_28_add_25_13_I64_groupi_g422967/Y               -       A->Y    R     sky130_fd_sc_hs__nand2_2        1  16.4    79    72    1193  (1424.640,1028.970) 
  u_row_engine/FE_OFC114326_u_score_pipe_u_dot_pe_csa_tree_dot_sum_37_28_add_25_13_I64_groupi_n_15415/X  -       A->X    R     sky130_fd_sc_hs__buf_16         4 136.9    62   110    1303  (1425.120,1028.970) 
  u_row_engine/FE_RC_159205_0/Y                                                                          -       A2->Y   F     sky130_fd_sc_hs__o21ai_4        1  15.8    49   106    1409   (882.720,1012.320) 
  u_row_engine/FE_RC_63487_0/Y                                                                           -       B->Y    R     sky130_fd_sc_hs__nand2_8        3  25.2    80    87    1496   (882.720,1012.320) 
  u_row_engine/FE_RC_58031_0/Y                                                                           -       B1->Y   F     sky130_fd_sc_hs__o21ai_4        1  15.8    65    62    1558   (939.360,1015.650) 
  u_row_engine/FE_RC_58030_0/Y                                                                           -       B->Y    R     sky130_fd_sc_hs__nand2_8        3  70.1   165   148    1706   (939.360,1015.650) 
  u_row_engine/FE_RC_66279_0/Y                                                                           -       A2_N->Y R     sky130_fd_sc_hs__o2bb2ai_4      2  21.4   149   134    1839   (940.800,1272.060) 
  u_row_engine/FE_RC_66278_0/Y                                                                           -       A2_N->Y R     sky130_fd_sc_hs__o2bb2ai_4      4  19.4   140   116    1955   (940.800,1272.060) 
  u_row_engine/FE_RC_58738_0/Y                                                                           -       A->Y    F     sky130_fd_sc_hs__nand2_2        1   5.4    45    50    2005   (924.000,1272.060) 
  u_row_engine/FE_RC_58737_0/Y                                                                           -       B1->Y   R     sky130_fd_sc_hs__o21ai_2        2  10.0   125    57    2062   (924.000,1272.060) 
  u_row_engine/FE_RC_58735_0/Y                                                                           -       A2_N->Y R     sky130_fd_sc_hs__o2bb2ai_2      1  16.3   174   124    2186   (924.000,1272.060) 
  u_row_engine/FE_OFC94995_u_score_pipe_u_dot_pe_csa_tree_dot_sum_37_28_add_25_13_I64_groupi_n_86565/X   -       A->X    R     sky130_fd_sc_hs__buf_16         5 100.3    55   120    2305   (924.000,1272.060) 
  u_row_engine/FE_RC_162096_0/Y                                                                          -       A2->Y   F     sky130_fd_sc_hs__o21ai_4        1  18.4    53    84    2388    (884.160,925.740) 
  u_row_engine/FE_RC_85158_0/Y                                                                           -       B->Y    R     sky130_fd_sc_hs__nand2_8        3  21.8    74    85    2473    (883.200,939.060) 
  u_row_engine/fplcwnsbuf_local425/X                                                                     -       A->X    R     sky130_fd_sc_hs__buf_1          1   4.5    42    80    2553    (891.840,985.680) 
  u_row_engine/u_score_pipe_u_dot_pe_csa_tree_dot_sum_37_28_add_25_13_I64_groupi_g398110/X               -       A->X    R     sky130_fd_sc_hs__and2_4         3  59.9   122   150    2703    (891.840,985.680) 
  u_row_engine/u_score_pipe_u_dot_pe_csa_tree_dot_sum_37_28_add_25_13_I64_groupi_g512132_dup/Y           -       A_N->Y  R     sky130_fd_sc_hs__nand2b_2       3  13.4    82   136    2839   (892.320,1245.420) 
  u_row_engine/u_score_pipe_u_dot_pe_csa_tree_dot_sum_37_28_add_25_13_I64_groupi_g397098_dup1/X          -       C->X    F     sky130_fd_sc_hs__xor3_2         1   9.7    80   199    3038   (891.360,1255.410) 
  u_row_engine/FE_RC_85971_0_dup/Y                                                                       -       S->Y    F     sky130_fd_sc_hs__mux2i_1        1   5.4    66   113    3151   (909.600,1248.750) 
  u_row_engine/FE_RC_163096_0/Y                                                                          -       A2->Y   R     sky130_fd_sc_hs__o21ai_2        1   8.8   116   114    3265   (909.600,1248.750) 
  u_row_engine/FE_OCPC175335_FE_RN_46824_0/X                                                             -       A->X    R     sky130_fd_sc_hs__buf_8          3  55.6    68   121    3386   (910.560,1248.750) 
  u_row_engine/FE_OCPC175336_FE_RN_46824_0/Y                                                             -       A->Y    F     sky130_fd_sc_hs__inv_1          1   6.2    33    52    3438   (910.560,1022.310) 
  u_row_engine/FE_RC_219041_0/Y                                                                          -       A1->Y   R     sky130_fd_sc_hs__o21ai_2        4  31.7   291   240    3678   (908.640,1022.310) 
  u_row_engine/FE_RC_218846_0/Y                                                                          -       B1->Y   F     sky130_fd_sc_hs__o21ai_4        1   5.3    62    60    3738    (935.040,989.010) 
  u_row_engine/FE_RC_83819_0/Y                                                                           -       A->Y    R     sky130_fd_sc_hs__nand2_2        2  20.5    94    89    3827    (935.040,989.010) 
  u_row_engine/plcwnsbuf_st1367/X                                                                        -       A->X    R     sky130_fd_sc_hs__buf_1          2   5.6    49    89    3916   (931.200,1052.280) 
  u_row_engine/FE_RC_133552_0/Y                                                                          -       A_N->Y  R     sky130_fd_sc_hs__nand2b_2       1   5.3    48    81    3997   (931.200,1052.280) 
  u_row_engine/FE_RC_133551_0/Y                                                                          -       A->Y    F     sky130_fd_sc_hs__nand2_2        1   6.6    34    40    4038   (931.200,1052.280) 
  u_row_engine/u_score_pipe_u_dot_pe_csa_tree_dot_sum_37_28_add_25_13_I64_groupi_g396190/COUT            -       A->COUT F     sky130_fd_sc_hs__fah_2          1  11.3    65   293    4331   (932.640,1058.940) 
  u_row_engine/FE_OFC118744_u_score_pipe_u_dot_pe_csa_tree_dot_sum_37_28_add_25_13_I64_groupi_n_91017/X  -       A->X    F     sky130_fd_sc_hs__clkbuf_16      1 102.9    49   142    4473   (945.120,1058.940) 
  u_row_engine/fplcwnsbuf_local400/Y                                                                     -       A->Y    R     sky130_fd_sc_hs__clkinv_16      1 116.1    37    75    4548   (948.000,1360.305) 
  u_row_engine/fplcwnsbuf_local399/Y                                                                     -       A->Y    F     sky130_fd_sc_hs__clkinv_16      3 126.1    41    86    4634   (948.000,1737.011) 
  u_row_engine/u_score_pipe_u_dot_pe_csa_tree_dot_sum_37_28_add_25_13_I64_groupi_g396176/Y               -       B->Y    R     sky130_fd_sc_hs__nand2_8        3  11.1    57   122    4756   (948.000,2264.400) 
  u_row_engine/FE_OCPC171739_u_score_pipe_u_dot_pe_csa_tree_dot_sum_37_28_add_25_13_I64_groupi_n_17051/X -       A->X    R     sky130_fd_sc_hs__buf_2          2  12.3    62    99    4855   (949.440,2267.730) 
  u_row_engine/g532914/X                                                                                 -       B1_N->X F     sky130_fd_sc_hs__a21bo_1        2   8.0    48   165    5020   (954.720,2287.710) 
  u_row_engine/FE_RC_111553_0/Y                                                                          -       A->Y    R     sky130_fd_sc_hs__nand2_1        1   5.4    51    54    5074   (959.520,2294.370) 
  u_row_engine/FE_RC_111552_0/Y                                                                          -       A->Y    F     sky130_fd_sc_hs__nand3_2        1  23.4   128    98    5172   (959.520,2294.370) 
  u_row_engine/FE_RC_3394_0/Y                                                                            -       A->Y    R     sky130_fd_sc_hs__inv_8          1 131.5   125   138    5310   (950.880,2291.040) 
  u_row_engine/u_score_pipe_u_dot_pe_dot_o_reg[17]/D                                                     <<<     -       R     sky130_fd_sc_hs__dfrtp_2        1     -     -    48    5359  (1483.680,2467.530) 
#---------------------------------------------------------------------------------------------------------------------------------------------------------------------------------------------------------------

