============================================================
  Generated by:           Genus(TM) Synthesis Solution 25.12-s067_1
  Generated on:           Jul 01 2026  06:55:31 pm
  Module:                 fa_accel_top
  Technology libraries:   sky130_fd_sc_hs__tt_025C_1v80 1.0000000000
                          sky130_sram_0kbytes_1rw1r_32x64_8_TT_1p8V_25C_lib 
                          sky130_sram_0kbytes_1rw1r_48x16_8_TT_1p8V_25C_lib 
                          physical_cells 
  Operating conditions:   typ 
  Interconnect mode:      global
  Area mode:              physical library
============================================================

 
  Hierarchy Report Format : 
 
    level instance ( module ) <status>
 
    status :    preserve_<value> -- indicating preserve hierachy or inherited_preserve value
           :    blackbox --  indicating  unresolved instance
 
==================================================================

 0 fa_accel_top
  1 u_regfile ( fa_regfile ) 
     2 mux_93_23 ( bmux_6_23 ) 
     2 mux_94_23 ( bmux_5_22 ) 
     2 mux_95_23 ( bmux_4_21 ) 
     2 mux_done_clear_pulse_162_31 ( bmux_10_24 ) 
     2 ctl_write_addr_153_22 ( case_box ) 
     2 mux_done_clear_pulse_153_22 ( mux ) 
     2 mux_soft_reset_pulse_155_17 ( bmux_10_24 ) 
     2 mux_soft_reset_pulse_153_22 ( mux ) 
     2 mux_start_pulse_155_17 ( bmux_10_24 ) 
     2 mux_start_pulse_153_22 ( mux ) 
     2 ctl_s_axil_araddr_192_22 ( case_box_25 ) 
     2 mux_s_axil_rdata_192_22 ( mux_17 ) 
     2 mux_done_clear_pulse_151_11 ( bmux_10_24 ) 
     2 mux_soft_reset_pulse_151_11 ( bmux_10_24 ) 
     2 mux_start_pulse_151_11 ( bmux_10_24 ) 
     2 apply_wstrb_170_46:mux_merged_67_11 ( bmux ) 
     2 apply_wstrb_170_46:mux_merged_68_11 ( bmux ) 
     2 apply_wstrb_170_46:mux_merged_69_11 ( bmux ) 
     2 apply_wstrb_170_46:mux_merged_70_11 ( bmux ) 
     2 apply_wstrb_171_46:mux_merged_67_11 ( bmux ) 
     2 apply_wstrb_171_46:mux_merged_68_11 ( bmux ) 
     2 apply_wstrb_171_46:mux_merged_69_11 ( bmux ) 
     2 apply_wstrb_171_46:mux_merged_70_11 ( bmux ) 
     2 apply_wstrb_172_46:mux_merged_67_11 ( bmux ) 
     2 apply_wstrb_172_46:mux_merged_68_11 ( bmux ) 
     2 apply_wstrb_172_46:mux_merged_69_11 ( bmux ) 
     2 apply_wstrb_172_46:mux_merged_70_11 ( bmux ) 
     2 apply_wstrb_173_46:mux_merged_67_11 ( bmux ) 
     2 apply_wstrb_173_46:mux_merged_68_11 ( bmux ) 
     2 apply_wstrb_173_46:mux_merged_69_11 ( bmux ) 
     2 apply_wstrb_173_46:mux_merged_70_11 ( bmux ) 
     2 apply_wstrb_174_46:mux_merged_67_11 ( bmux ) 
     2 apply_wstrb_174_46:mux_merged_68_11 ( bmux ) 
     2 apply_wstrb_174_46:mux_merged_69_11 ( bmux ) 
     2 apply_wstrb_174_46:mux_merged_70_11 ( bmux ) 
     2 apply_wstrb_175_46:mux_merged_67_11 ( bmux ) 
     2 apply_wstrb_175_46:mux_merged_68_11 ( bmux ) 
     2 apply_wstrb_175_46:mux_merged_69_11 ( bmux ) 
     2 apply_wstrb_175_46:mux_merged_70_11 ( bmux ) 
     2 apply_wstrb_176_46:mux_merged_67_11 ( bmux ) 
     2 apply_wstrb_176_46:mux_merged_68_11 ( bmux ) 
     2 apply_wstrb_176_46:mux_merged_69_11 ( bmux ) 
     2 apply_wstrb_176_46:mux_merged_70_11 ( bmux ) 
     2 apply_wstrb_177_46:mux_merged_67_11 ( bmux ) 
     2 apply_wstrb_177_46:mux_merged_68_11 ( bmux ) 
     2 apply_wstrb_177_46:mux_merged_69_11 ( bmux ) 
     2 apply_wstrb_177_46:mux_merged_70_11 ( bmux ) 
     2 apply_wstrb_178_46:mux_merged_67_11 ( bmux ) 
     2 apply_wstrb_178_46:mux_merged_68_11 ( bmux ) 
     2 apply_wstrb_178_46:mux_merged_69_11 ( bmux ) 
     2 apply_wstrb_178_46:mux_merged_70_11 ( bmux ) 
     2 apply_wstrb_low16_180_26:apply_wstrb_83_16:mux_merged_67_11 ( bmux ) 
     2 apply_wstrb_low16_180_26:apply_wstrb_83_16:mux_merged_68_11 ( bmux ) 
     2 apply_wstrb_low16_183_22:apply_wstrb_83_16:mux_merged_67_11 ( bmux ) 
     2 apply_wstrb_low16_183_22:apply_wstrb_83_16:mux_merged_68_11 ( bmux ) 
  1 u_scheduler ( fa_scheduler ) 
     2 add_74_30 ( add_unsigned ) 
     2 eq_92_30 ( equal_unsigned ) 
     2 add_44_49 ( add_unsigned_44 ) 
     2 eq_46_40 ( equal_unsigned_46 ) 
     2 lt_157_37 ( lt_unsigned ) 
     2 lte_158_54 ( leq_unsigned ) 
     2 add_129_36 ( add_unsigned_52 ) 
     2 add_115_38 ( add_unsigned_52 ) 
     2 add_119_38 ( add_unsigned_52 ) 
     2 mux_state_q_92_30 ( bmux_59 ) 
     2 mux_state_q_112_17 ( bmux_10_24 ) 
     2 mux_state_q_126_30 ( bmux_61 ) 
     2 ctl_state_q_77_20 ( case_box_39 ) 
     2 mux_k_offset_q_77_20 ( mux_62 ) 
     2 mux_busy_o_80_15 ( bmux_10_24 ) 
     2 mux_busy_o_77_20 ( mux_66 ) 
     2 mux_cycles_o_80_15 ( bmux_5_22 ) 
     2 mux_cycles_o_77_20 ( mux_70 ) 
     2 mux_error_o_77_20 ( mux ) 
     2 mux_done_o_77_20 ( mux_66 ) 
     2 mux_q_index_q_77_20 ( mux_79 ) 
     2 mux_kv_tile_q_77_20 ( mux_82 ) 
     2 mux_state_q_77_20 ( mux_85 ) 
     2 mux_state_q_77_27 ( bmux_86 ) 
  1 u_q_buffer ( fa_q_buffer_D64_ELEM_W16_BEAT_W128 ) 
     2 gen_q_sram_bank[0].u_q_bank ( fa_sram_1rw1r_64x64_sky130 ) 
     2 gen_q_sram_bank[1].u_q_bank ( fa_sram_1rw1r_64x64_sky130 ) 
     2 gen_q_sram_bank[2].u_q_bank ( fa_sram_1rw1r_64x64_sky130 ) 
     2 gen_q_sram_bank[3].u_q_bank ( fa_sram_1rw1r_64x64_sky130 ) 
     2 gen_q_sram_bank[4].u_q_bank ( fa_sram_1rw1r_64x64_sky130 ) 
     2 gen_q_sram_bank[5].u_q_bank ( fa_sram_1rw1r_64x64_sky130 ) 
     2 gen_q_sram_bank[6].u_q_bank ( fa_sram_1rw1r_64x64_sky130 ) 
     2 gen_q_sram_bank[7].u_q_bank ( fa_sram_1rw1r_64x64_sky130 ) 
     2 gen_q_sram_bank[8].u_q_bank ( fa_sram_1rw1r_64x64_sky130 ) 
     2 gen_q_sram_bank[9].u_q_bank ( fa_sram_1rw1r_64x64_sky130 ) 
     2 gen_q_sram_bank[10].u_q_bank ( fa_sram_1rw1r_64x64_sky130 ) 
     2 gen_q_sram_bank[11].u_q_bank ( fa_sram_1rw1r_64x64_sky130 ) 
     2 gen_q_sram_bank[12].u_q_bank ( fa_sram_1rw1r_64x64_sky130 ) 
     2 gen_q_sram_bank[13].u_q_bank ( fa_sram_1rw1r_64x64_sky130 ) 
     2 gen_q_sram_bank[14].u_q_bank ( fa_sram_1rw1r_64x64_sky130 ) 
     2 gen_q_sram_bank[15].u_q_bank ( fa_sram_1rw1r_64x64_sky130 ) 
     2 add_88_40 ( add_unsigned_98 ) 
     2 mux_beat_count_q_84_26 ( bmux_59 ) 
  1 u_kv_buffer ( fa_kv_buffer_TILE_ROWS64_D64_ELEM_W16_BEAT_W128_ROW_INDEX_W6 ) 
     2 gen_kv_sram_bank[0].u_k_bank ( fa_sram_1rw1r_64x64_sky130 ) 
     2 gen_kv_sram_bank[0].u_v_bank ( fa_sram_1rw1r_64x64_sky130 ) 
     2 gen_kv_sram_bank[1].u_k_bank ( fa_sram_1rw1r_64x64_sky130 ) 
     2 gen_kv_sram_bank[1].u_v_bank ( fa_sram_1rw1r_64x64_sky130 ) 
     2 gen_kv_sram_bank[2].u_k_bank ( fa_sram_1rw1r_64x64_sky130 ) 
     2 gen_kv_sram_bank[2].u_v_bank ( fa_sram_1rw1r_64x64_sky130 ) 
     2 gen_kv_sram_bank[3].u_k_bank ( fa_sram_1rw1r_64x64_sky130 ) 
     2 gen_kv_sram_bank[3].u_v_bank ( fa_sram_1rw1r_64x64_sky130 ) 
     2 gen_kv_sram_bank[4].u_k_bank ( fa_sram_1rw1r_64x64_sky130 ) 
     2 gen_kv_sram_bank[4].u_v_bank ( fa_sram_1rw1r_64x64_sky130 ) 
     2 gen_kv_sram_bank[5].u_k_bank ( fa_sram_1rw1r_64x64_sky130 ) 
     2 gen_kv_sram_bank[5].u_v_bank ( fa_sram_1rw1r_64x64_sky130 ) 
     2 gen_kv_sram_bank[6].u_k_bank ( fa_sram_1rw1r_64x64_sky130 ) 
     2 gen_kv_sram_bank[6].u_v_bank ( fa_sram_1rw1r_64x64_sky130 ) 
     2 gen_kv_sram_bank[7].u_k_bank ( fa_sram_1rw1r_64x64_sky130 ) 
     2 gen_kv_sram_bank[7].u_v_bank ( fa_sram_1rw1r_64x64_sky130 ) 
     2 gen_kv_sram_bank[8].u_k_bank ( fa_sram_1rw1r_64x64_sky130 ) 
     2 gen_kv_sram_bank[8].u_v_bank ( fa_sram_1rw1r_64x64_sky130 ) 
     2 gen_kv_sram_bank[9].u_k_bank ( fa_sram_1rw1r_64x64_sky130 ) 
     2 gen_kv_sram_bank[9].u_v_bank ( fa_sram_1rw1r_64x64_sky130 ) 
     2 gen_kv_sram_bank[10].u_k_bank ( fa_sram_1rw1r_64x64_sky130 ) 
     2 gen_kv_sram_bank[10].u_v_bank ( fa_sram_1rw1r_64x64_sky130 ) 
     2 gen_kv_sram_bank[11].u_k_bank ( fa_sram_1rw1r_64x64_sky130 ) 
     2 gen_kv_sram_bank[11].u_v_bank ( fa_sram_1rw1r_64x64_sky130 ) 
     2 gen_kv_sram_bank[12].u_k_bank ( fa_sram_1rw1r_64x64_sky130 ) 
     2 gen_kv_sram_bank[12].u_v_bank ( fa_sram_1rw1r_64x64_sky130 ) 
     2 gen_kv_sram_bank[13].u_k_bank ( fa_sram_1rw1r_64x64_sky130 ) 
     2 gen_kv_sram_bank[13].u_v_bank ( fa_sram_1rw1r_64x64_sky130 ) 
     2 gen_kv_sram_bank[14].u_k_bank ( fa_sram_1rw1r_64x64_sky130 ) 
     2 gen_kv_sram_bank[14].u_v_bank ( fa_sram_1rw1r_64x64_sky130 ) 
     2 gen_kv_sram_bank[15].u_k_bank ( fa_sram_1rw1r_64x64_sky130 ) 
     2 gen_kv_sram_bank[15].u_v_bank ( fa_sram_1rw1r_64x64_sky130 ) 
     2 add_142_46 ( add_unsigned_98 ) 
     2 add_139_46 ( add_unsigned_129 ) 
     2 add_156_46 ( add_unsigned_98 ) 
     2 add_153_46 ( add_unsigned_129 ) 
     2 mux_v_row_count_q_149_31 ( bmux_166 ) 
     2 mux_k_row_count_q_135_31 ( bmux_166 ) 
     2 mux_v_beat_count_q_147_30 ( bmux_59 ) 
     2 mux_k_beat_count_q_133_30 ( bmux_59 ) 
  1 u_row_engine ( fa_row_engine_D64_ELEM_W16_OUT_W16 ) 
     2 u_score_pipe ( fa_score_pipe_D64_ELEM_W16_SCORE_W48 ) 
        3 u_dot_pe ( fa_dot_pe_D64_ELEM_W16_ACC_W48 ) 
           4 dot_sum_37_28:mul_24_32_I1 ( mult_signed ) 
           4 dot_sum_37_28:add_25_13_I2 ( add_signed ) 
           4 dot_sum_37_28:add_25_13_I3 ( add_signed_286 ) 
           4 dot_sum_37_28:add_25_13_I4 ( add_signed_288 ) 
           4 dot_sum_37_28:add_25_13_I5 ( add_signed_290 ) 
           4 dot_sum_37_28:add_25_13_I6 ( add_signed_292 ) 
           4 dot_sum_37_28:add_25_13_I7 ( add_signed_294 ) 
           4 dot_sum_37_28:add_25_13_I8 ( add_signed_296 ) 
           4 dot_sum_37_28:add_25_13_I9 ( add_signed_298 ) 
           4 dot_sum_37_28:add_25_13_I10 ( add_signed_300 ) 
           4 dot_sum_37_28:add_25_13_I11 ( add_signed_302 ) 
           4 dot_sum_37_28:add_25_13_I12 ( add_signed_304 ) 
           4 dot_sum_37_28:add_25_13_I13 ( add_signed_306 ) 
           4 dot_sum_37_28:add_25_13_I14 ( add_signed_308 ) 
           4 dot_sum_37_28:add_25_13_I15 ( add_signed_310 ) 
           4 dot_sum_37_28:add_25_13_I16 ( add_signed_312 ) 
           4 dot_sum_37_28:add_25_13_I17 ( add_signed_314 ) 
           4 dot_sum_37_28:add_25_13_I18 ( add_signed_316 ) 
           4 dot_sum_37_28:add_25_13_I19 ( add_signed_316 ) 
           4 dot_sum_37_28:add_25_13_I20 ( add_signed_316 ) 
           4 dot_sum_37_28:add_25_13_I21 ( add_signed_316 ) 
           4 dot_sum_37_28:add_25_13_I22 ( add_signed_316 ) 
           4 dot_sum_37_28:add_25_13_I23 ( add_signed_316 ) 
           4 dot_sum_37_28:add_25_13_I24 ( add_signed_316 ) 
           4 dot_sum_37_28:add_25_13_I25 ( add_signed_316 ) 
           4 dot_sum_37_28:add_25_13_I26 ( add_signed_316 ) 
           4 dot_sum_37_28:add_25_13_I27 ( add_signed_316 ) 
           4 dot_sum_37_28:add_25_13_I28 ( add_signed_316 ) 
           4 dot_sum_37_28:add_25_13_I29 ( add_signed_316 ) 
           4 dot_sum_37_28:add_25_13_I30 ( add_signed_316 ) 
           4 dot_sum_37_28:add_25_13_I31 ( add_signed_316 ) 
           4 dot_sum_37_28:add_25_13_I32 ( add_signed_316 ) 
           4 dot_sum_37_28:add_25_13_I33 ( add_signed_316 ) 
           4 dot_sum_37_28:add_25_13_I34 ( add_signed_316 ) 
           4 dot_sum_37_28:add_25_13_I35 ( add_signed_316 ) 
           4 dot_sum_37_28:add_25_13_I36 ( add_signed_316 ) 
           4 dot_sum_37_28:add_25_13_I37 ( add_signed_316 ) 
           4 dot_sum_37_28:add_25_13_I38 ( add_signed_316 ) 
           4 dot_sum_37_28:add_25_13_I39 ( add_signed_316 ) 
           4 dot_sum_37_28:add_25_13_I40 ( add_signed_316 ) 
           4 dot_sum_37_28:add_25_13_I41 ( add_signed_316 ) 
           4 dot_sum_37_28:add_25_13_I42 ( add_signed_316 ) 
           4 dot_sum_37_28:add_25_13_I43 ( add_signed_316 ) 
           4 dot_sum_37_28:add_25_13_I44 ( add_signed_316 ) 
           4 dot_sum_37_28:add_25_13_I45 ( add_signed_316 ) 
           4 dot_sum_37_28:add_25_13_I46 ( add_signed_316 ) 
           4 dot_sum_37_28:add_25_13_I47 ( add_signed_316 ) 
           4 dot_sum_37_28:add_25_13_I48 ( add_signed_316 ) 
           4 dot_sum_37_28:add_25_13_I49 ( add_signed_316 ) 
           4 dot_sum_37_28:add_25_13_I50 ( add_signed_316 ) 
           4 dot_sum_37_28:add_25_13_I51 ( add_signed_316 ) 
           4 dot_sum_37_28:add_25_13_I52 ( add_signed_316 ) 
           4 dot_sum_37_28:add_25_13_I53 ( add_signed_316 ) 
           4 dot_sum_37_28:add_25_13_I54 ( add_signed_316 ) 
           4 dot_sum_37_28:add_25_13_I55 ( add_signed_316 ) 
           4 dot_sum_37_28:add_25_13_I56 ( add_signed_316 ) 
           4 dot_sum_37_28:add_25_13_I57 ( add_signed_316 ) 
           4 dot_sum_37_28:add_25_13_I58 ( add_signed_316 ) 
           4 dot_sum_37_28:add_25_13_I59 ( add_signed_316 ) 
           4 dot_sum_37_28:add_25_13_I60 ( add_signed_316 ) 
           4 dot_sum_37_28:add_25_13_I61 ( add_signed_316 ) 
           4 dot_sum_37_28:add_25_13_I62 ( add_signed_316 ) 
           4 dot_sum_37_28:add_25_13_I63 ( add_signed_316 ) 
           4 dot_sum_37_28:add_25_13_I64 ( add_signed_316 ) 
           4 dot_sum_37_28:mul_24_32_I2 ( mult_signed ) 
           4 dot_sum_37_28:mul_24_32_I3 ( mult_signed ) 
           4 dot_sum_37_28:mul_24_32_I4 ( mult_signed ) 
           4 dot_sum_37_28:mul_24_32_I5 ( mult_signed ) 
           4 dot_sum_37_28:mul_24_32_I6 ( mult_signed ) 
           4 dot_sum_37_28:mul_24_32_I7 ( mult_signed ) 
           4 dot_sum_37_28:mul_24_32_I8 ( mult_signed ) 
           4 dot_sum_37_28:mul_24_32_I9 ( mult_signed ) 
           4 dot_sum_37_28:mul_24_32_I10 ( mult_signed ) 
           4 dot_sum_37_28:mul_24_32_I11 ( mult_signed ) 
           4 dot_sum_37_28:mul_24_32_I12 ( mult_signed ) 
           4 dot_sum_37_28:mul_24_32_I13 ( mult_signed ) 
           4 dot_sum_37_28:mul_24_32_I14 ( mult_signed ) 
           4 dot_sum_37_28:mul_24_32_I15 ( mult_signed ) 
           4 dot_sum_37_28:mul_24_32_I16 ( mult_signed ) 
           4 dot_sum_37_28:mul_24_32_I17 ( mult_signed ) 
           4 dot_sum_37_28:mul_24_32_I18 ( mult_signed ) 
           4 dot_sum_37_28:mul_24_32_I19 ( mult_signed ) 
           4 dot_sum_37_28:mul_24_32_I20 ( mult_signed ) 
           4 dot_sum_37_28:mul_24_32_I21 ( mult_signed ) 
           4 dot_sum_37_28:mul_24_32_I22 ( mult_signed ) 
           4 dot_sum_37_28:mul_24_32_I23 ( mult_signed ) 
           4 dot_sum_37_28:mul_24_32_I24 ( mult_signed ) 
           4 dot_sum_37_28:mul_24_32_I25 ( mult_signed ) 
           4 dot_sum_37_28:mul_24_32_I26 ( mult_signed ) 
           4 dot_sum_37_28:mul_24_32_I27 ( mult_signed ) 
           4 dot_sum_37_28:mul_24_32_I28 ( mult_signed ) 
           4 dot_sum_37_28:mul_24_32_I29 ( mult_signed ) 
           4 dot_sum_37_28:mul_24_32_I30 ( mult_signed ) 
           4 dot_sum_37_28:mul_24_32_I31 ( mult_signed ) 
           4 dot_sum_37_28:mul_24_32_I32 ( mult_signed ) 
           4 dot_sum_37_28:mul_24_32_I33 ( mult_signed ) 
           4 dot_sum_37_28:mul_24_32_I34 ( mult_signed ) 
           4 dot_sum_37_28:mul_24_32_I35 ( mult_signed ) 
           4 dot_sum_37_28:mul_24_32_I36 ( mult_signed ) 
           4 dot_sum_37_28:mul_24_32_I37 ( mult_signed ) 
           4 dot_sum_37_28:mul_24_32_I38 ( mult_signed ) 
           4 dot_sum_37_28:mul_24_32_I39 ( mult_signed ) 
           4 dot_sum_37_28:mul_24_32_I40 ( mult_signed ) 
           4 dot_sum_37_28:mul_24_32_I41 ( mult_signed ) 
           4 dot_sum_37_28:mul_24_32_I42 ( mult_signed ) 
           4 dot_sum_37_28:mul_24_32_I43 ( mult_signed ) 
           4 dot_sum_37_28:mul_24_32_I44 ( mult_signed ) 
           4 dot_sum_37_28:mul_24_32_I45 ( mult_signed ) 
           4 dot_sum_37_28:mul_24_32_I46 ( mult_signed ) 
           4 dot_sum_37_28:mul_24_32_I47 ( mult_signed ) 
           4 dot_sum_37_28:mul_24_32_I48 ( mult_signed ) 
           4 dot_sum_37_28:mul_24_32_I49 ( mult_signed ) 
           4 dot_sum_37_28:mul_24_32_I50 ( mult_signed ) 
           4 dot_sum_37_28:mul_24_32_I51 ( mult_signed ) 
           4 dot_sum_37_28:mul_24_32_I52 ( mult_signed ) 
           4 dot_sum_37_28:mul_24_32_I53 ( mult_signed ) 
           4 dot_sum_37_28:mul_24_32_I54 ( mult_signed ) 
           4 dot_sum_37_28:mul_24_32_I55 ( mult_signed ) 
           4 dot_sum_37_28:mul_24_32_I56 ( mult_signed ) 
           4 dot_sum_37_28:mul_24_32_I57 ( mult_signed ) 
           4 dot_sum_37_28:mul_24_32_I58 ( mult_signed ) 
           4 dot_sum_37_28:mul_24_32_I59 ( mult_signed ) 
           4 dot_sum_37_28:mul_24_32_I60 ( mult_signed ) 
           4 dot_sum_37_28:mul_24_32_I61 ( mult_signed ) 
           4 dot_sum_37_28:mul_24_32_I62 ( mult_signed ) 
           4 dot_sum_37_28:mul_24_32_I63 ( mult_signed ) 
           4 dot_sum_37_28:mul_24_32_I64 ( mult_signed ) 
           4 mux_37_18 ( bmux_7024 ) 
        3 u_score_scale ( fa_score_scale_SCORE_W48 ) 
        3 mux_51_20 ( bmux ) 
        3 mux_50_20 ( bmux ) 
     2 u_softmax ( fa_softmax_online_vec_D64_SCORE_W24_EXP_W24_L_W32_ACC_W48 ) 
        3 u_factor ( fa_exp_approx_IN_W25_OUT_W24 ) 
           4 gte_82_13 ( geq_signed ) 
           4 lt_84_22 ( lt_signed ) 
           4 sub_87_21 ( sub_unsigned ) 
           4 minus_72_27 ( sub_signed ) 
           4 sub_77_19 ( sub_unsigned ) 
           4 mul_78_29 ( mult_unsigned ) 
           4 add_79_38 ( add_unsigned_7201 ) 
           4 add_76_33 ( add_unsigned_129 ) 
           4 ctl_index_32_13 ( case_box_196 ) 
           4 anchor_value_75_12:mux_anchor_value_32_13 ( mux_7031 ) 
           4 ctl_index_32_8 ( case_box_196 ) 
           4 anchor_value_76_12:mux_anchor_value_32_13 ( mux_7031 ) 
           4 mux_y_next_84_22 ( bmux_923 ) 
        3 eq_83_19 ( equal_signed ) 
        3 lt_87_28 ( lt_signed_7210 ) 
        3 sub_90_30 ( sub_signed_7212 ) 
        3 sub_94_36 ( sub_signed_7212 ) 
        3 add_175_38 ( add_unsigned_7216 ) 
        3 add_184_36 ( add_unsigned_7216 ) 
        3 add_178_56_I64 ( add_signed_7220 ) 
        3 add_187_54_I64 ( add_signed_7220 ) 
        3 add_178_56_I63 ( add_signed_7220 ) 
        3 add_187_54_I63 ( add_signed_7220 ) 
        3 add_178_56_I62 ( add_signed_7220 ) 
        3 add_187_54_I62 ( add_signed_7220 ) 
        3 add_178_56_I61 ( add_signed_7220 ) 
        3 add_187_54_I61 ( add_signed_7220 ) 
        3 add_178_56_I60 ( add_signed_7220 ) 
        3 add_187_54_I60 ( add_signed_7220 ) 
        3 add_178_56_I59 ( add_signed_7220 ) 
        3 add_187_54_I59 ( add_signed_7220 ) 
        3 add_178_56_I58 ( add_signed_7220 ) 
        3 add_187_54_I58 ( add_signed_7220 ) 
        3 add_178_56_I57 ( add_signed_7220 ) 
        3 add_187_54_I57 ( add_signed_7220 ) 
        3 add_178_56_I56 ( add_signed_7220 ) 
        3 add_187_54_I56 ( add_signed_7220 ) 
        3 add_178_56_I55 ( add_signed_7220 ) 
        3 add_187_54_I55 ( add_signed_7220 ) 
        3 add_178_56_I54 ( add_signed_7220 ) 
        3 add_187_54_I54 ( add_signed_7220 ) 
        3 add_178_56_I53 ( add_signed_7220 ) 
        3 add_187_54_I53 ( add_signed_7220 ) 
        3 add_178_56_I52 ( add_signed_7220 ) 
        3 add_187_54_I52 ( add_signed_7220 ) 
        3 add_178_56_I51 ( add_signed_7220 ) 
        3 add_187_54_I51 ( add_signed_7220 ) 
        3 add_178_56_I50 ( add_signed_7220 ) 
        3 add_187_54_I50 ( add_signed_7220 ) 
        3 add_178_56_I49 ( add_signed_7220 ) 
        3 add_187_54_I49 ( add_signed_7220 ) 
        3 add_178_56_I48 ( add_signed_7220 ) 
        3 add_187_54_I48 ( add_signed_7220 ) 
        3 add_178_56_I47 ( add_signed_7220 ) 
        3 add_187_54_I47 ( add_signed_7220 ) 
        3 add_178_56_I46 ( add_signed_7220 ) 
        3 add_187_54_I46 ( add_signed_7220 ) 
        3 add_178_56_I45 ( add_signed_7220 ) 
        3 add_187_54_I45 ( add_signed_7220 ) 
        3 add_178_56_I44 ( add_signed_7220 ) 
        3 add_187_54_I44 ( add_signed_7220 ) 
        3 add_178_56_I43 ( add_signed_7220 ) 
        3 add_187_54_I43 ( add_signed_7220 ) 
        3 add_178_56_I42 ( add_signed_7220 ) 
        3 add_187_54_I42 ( add_signed_7220 ) 
        3 add_178_56_I41 ( add_signed_7220 ) 
        3 add_187_54_I41 ( add_signed_7220 ) 
        3 add_178_56_I40 ( add_signed_7220 ) 
        3 add_187_54_I40 ( add_signed_7220 ) 
        3 add_178_56_I39 ( add_signed_7220 ) 
        3 add_187_54_I39 ( add_signed_7220 ) 
        3 add_178_56_I38 ( add_signed_7220 ) 
        3 add_187_54_I38 ( add_signed_7220 ) 
        3 add_178_56_I37 ( add_signed_7220 ) 
        3 add_187_54_I37 ( add_signed_7220 ) 
        3 add_178_56_I36 ( add_signed_7220 ) 
        3 add_187_54_I36 ( add_signed_7220 ) 
        3 add_178_56_I35 ( add_signed_7220 ) 
        3 add_187_54_I35 ( add_signed_7220 ) 
        3 add_178_56_I34 ( add_signed_7220 ) 
        3 add_187_54_I34 ( add_signed_7220 ) 
        3 add_178_56_I33 ( add_signed_7220 ) 
        3 add_187_54_I33 ( add_signed_7220 ) 
        3 add_178_56_I32 ( add_signed_7220 ) 
        3 add_187_54_I32 ( add_signed_7220 ) 
        3 add_178_56_I31 ( add_signed_7220 ) 
        3 add_187_54_I31 ( add_signed_7220 ) 
        3 add_178_56_I30 ( add_signed_7220 ) 
        3 add_187_54_I30 ( add_signed_7220 ) 
        3 add_178_56_I29 ( add_signed_7220 ) 
        3 add_187_54_I29 ( add_signed_7220 ) 
        3 add_178_56_I28 ( add_signed_7220 ) 
        3 add_187_54_I28 ( add_signed_7220 ) 
        3 add_178_56_I27 ( add_signed_7220 ) 
        3 add_187_54_I27 ( add_signed_7220 ) 
        3 add_178_56_I26 ( add_signed_7220 ) 
        3 add_187_54_I26 ( add_signed_7220 ) 
        3 add_178_56_I25 ( add_signed_7220 ) 
        3 add_187_54_I25 ( add_signed_7220 ) 
        3 add_178_56_I24 ( add_signed_7220 ) 
        3 add_187_54_I24 ( add_signed_7220 ) 
        3 add_178_56_I23 ( add_signed_7220 ) 
        3 add_187_54_I23 ( add_signed_7220 ) 
        3 add_178_56_I22 ( add_signed_7220 ) 
        3 add_187_54_I22 ( add_signed_7220 ) 
        3 add_178_56_I21 ( add_signed_7220 ) 
        3 add_187_54_I21 ( add_signed_7220 ) 
        3 add_178_56_I20 ( add_signed_7220 ) 
        3 add_187_54_I20 ( add_signed_7220 ) 
        3 add_178_56_I19 ( add_signed_7220 ) 
        3 add_187_54_I19 ( add_signed_7220 ) 
        3 add_178_56_I18 ( add_signed_7220 ) 
        3 add_187_54_I18 ( add_signed_7220 ) 
        3 add_178_56_I17 ( add_signed_7220 ) 
        3 add_187_54_I17 ( add_signed_7220 ) 
        3 add_178_56_I16 ( add_signed_7220 ) 
        3 add_187_54_I16 ( add_signed_7220 ) 
        3 add_178_56_I15 ( add_signed_7220 ) 
        3 add_187_54_I15 ( add_signed_7220 ) 
        3 add_178_56_I14 ( add_signed_7220 ) 
        3 add_187_54_I14 ( add_signed_7220 ) 
        3 add_178_56_I13 ( add_signed_7220 ) 
        3 add_187_54_I13 ( add_signed_7220 ) 
        3 add_178_56_I12 ( add_signed_7220 ) 
        3 add_187_54_I12 ( add_signed_7220 ) 
        3 add_178_56_I11 ( add_signed_7220 ) 
        3 add_187_54_I11 ( add_signed_7220 ) 
        3 add_178_56_I10 ( add_signed_7220 ) 
        3 add_187_54_I10 ( add_signed_7220 ) 
        3 add_178_56_I9 ( add_signed_7220 ) 
        3 add_187_54_I9 ( add_signed_7220 ) 
        3 add_178_56_I8 ( add_signed_7220 ) 
        3 add_187_54_I8 ( add_signed_7220 ) 
        3 add_178_56_I7 ( add_signed_7220 ) 
        3 add_187_54_I7 ( add_signed_7220 ) 
        3 add_178_56_I6 ( add_signed_7220 ) 
        3 add_187_54_I6 ( add_signed_7220 ) 
        3 add_178_56_I5 ( add_signed_7220 ) 
        3 add_187_54_I5 ( add_signed_7220 ) 
        3 add_178_56_I4 ( add_signed_7220 ) 
        3 add_187_54_I4 ( add_signed_7220 ) 
        3 add_178_56_I3 ( add_signed_7220 ) 
        3 add_187_54_I3 ( add_signed_7220 ) 
        3 add_178_56_I2 ( add_signed_7220 ) 
        3 add_187_54_I2 ( add_signed_7220 ) 
        3 add_178_56_I1 ( add_signed_7220 ) 
        3 add_187_54_I1 ( add_signed_7220 ) 
        3 mul_111_40 ( mult_unsigned_7857 ) 
        3 mul_120_73_I64 ( mult_signed_8025 ) 
        3 mul_118_36_I64 ( mult_signed_8589 ) 
        3 mul_120_73_I63 ( mult_signed_8025 ) 
        3 mul_118_36_I63 ( mult_signed_8589 ) 
        3 mul_120_73_I62 ( mult_signed_8025 ) 
        3 mul_118_36_I62 ( mult_signed_8589 ) 
        3 mul_120_73_I61 ( mult_signed_8025 ) 
        3 mul_118_36_I61 ( mult_signed_8589 ) 
        3 mul_120_73_I60 ( mult_signed_8025 ) 
        3 mul_118_36_I60 ( mult_signed_8589 ) 
        3 mul_120_73_I59 ( mult_signed_8025 ) 
        3 mul_118_36_I59 ( mult_signed_8589 ) 
        3 mul_120_73_I58 ( mult_signed_8025 ) 
        3 mul_118_36_I58 ( mult_signed_8589 ) 
        3 mul_120_73_I57 ( mult_signed_8025 ) 
        3 mul_118_36_I57 ( mult_signed_8589 ) 
        3 mul_120_73_I56 ( mult_signed_8025 ) 
        3 mul_118_36_I56 ( mult_signed_8589 ) 
        3 mul_120_73_I55 ( mult_signed_8025 ) 
        3 mul_118_36_I55 ( mult_signed_8589 ) 
        3 mul_120_73_I54 ( mult_signed_8025 ) 
        3 mul_118_36_I54 ( mult_signed_8589 ) 
        3 mul_120_73_I53 ( mult_signed_8025 ) 
        3 mul_118_36_I53 ( mult_signed_8589 ) 
        3 mul_120_73_I52 ( mult_signed_8025 ) 
        3 mul_118_36_I52 ( mult_signed_8589 ) 
        3 mul_120_73_I51 ( mult_signed_8025 ) 
        3 mul_118_36_I51 ( mult_signed_8589 ) 
        3 mul_120_73_I50 ( mult_signed_8025 ) 
        3 mul_118_36_I50 ( mult_signed_8589 ) 
        3 mul_120_73_I49 ( mult_signed_8025 ) 
        3 mul_118_36_I49 ( mult_signed_8589 ) 
        3 mul_120_73_I48 ( mult_signed_8025 ) 
        3 mul_118_36_I48 ( mult_signed_8589 ) 
        3 mul_120_73_I47 ( mult_signed_8025 ) 
        3 mul_118_36_I47 ( mult_signed_8589 ) 
        3 mul_120_73_I46 ( mult_signed_8025 ) 
        3 mul_118_36_I46 ( mult_signed_8589 ) 
        3 mul_120_73_I45 ( mult_signed_8025 ) 
        3 mul_118_36_I45 ( mult_signed_8589 ) 
        3 mul_120_73_I44 ( mult_signed_8025 ) 
        3 mul_118_36_I44 ( mult_signed_8589 ) 
        3 mul_120_73_I43 ( mult_signed_8025 ) 
        3 mul_118_36_I43 ( mult_signed_8589 ) 
        3 mul_120_73_I42 ( mult_signed_8025 ) 
        3 mul_118_36_I42 ( mult_signed_8589 ) 
        3 mul_120_73_I41 ( mult_signed_8025 ) 
        3 mul_118_36_I41 ( mult_signed_8589 ) 
        3 mul_120_73_I40 ( mult_signed_8025 ) 
        3 mul_118_36_I40 ( mult_signed_8589 ) 
        3 mul_120_73_I39 ( mult_signed_8025 ) 
        3 mul_118_36_I39 ( mult_signed_8589 ) 
        3 mul_120_73_I38 ( mult_signed_8025 ) 
        3 mul_118_36_I38 ( mult_signed_8589 ) 
        3 mul_120_73_I37 ( mult_signed_8025 ) 
        3 mul_118_36_I37 ( mult_signed_8589 ) 
        3 mul_120_73_I36 ( mult_signed_8025 ) 
        3 mul_118_36_I36 ( mult_signed_8589 ) 
        3 mul_120_73_I35 ( mult_signed_8025 ) 
        3 mul_118_36_I35 ( mult_signed_8589 ) 
        3 mul_120_73_I34 ( mult_signed_8025 ) 
        3 mul_118_36_I34 ( mult_signed_8589 ) 
        3 mul_120_73_I33 ( mult_signed_8025 ) 
        3 mul_118_36_I33 ( mult_signed_8589 ) 
        3 mul_120_73_I32 ( mult_signed_8025 ) 
        3 mul_118_36_I32 ( mult_signed_8589 ) 
        3 mul_120_73_I31 ( mult_signed_8025 ) 
        3 mul_118_36_I31 ( mult_signed_8589 ) 
        3 mul_120_73_I30 ( mult_signed_8025 ) 
        3 mul_118_36_I30 ( mult_signed_8589 ) 
        3 mul_120_73_I29 ( mult_signed_8025 ) 
        3 mul_118_36_I29 ( mult_signed_8589 ) 
        3 mul_120_73_I28 ( mult_signed_8025 ) 
        3 mul_118_36_I28 ( mult_signed_8589 ) 
        3 mul_120_73_I27 ( mult_signed_8025 ) 
        3 mul_118_36_I27 ( mult_signed_8589 ) 
        3 mul_120_73_I26 ( mult_signed_8025 ) 
        3 mul_118_36_I26 ( mult_signed_8589 ) 
        3 mul_120_73_I25 ( mult_signed_8025 ) 
        3 mul_118_36_I25 ( mult_signed_8589 ) 
        3 mul_120_73_I24 ( mult_signed_8025 ) 
        3 mul_118_36_I24 ( mult_signed_8589 ) 
        3 mul_120_73_I23 ( mult_signed_8025 ) 
        3 mul_118_36_I23 ( mult_signed_8589 ) 
        3 mul_120_73_I22 ( mult_signed_8025 ) 
        3 mul_118_36_I22 ( mult_signed_8589 ) 
        3 mul_120_73_I21 ( mult_signed_8025 ) 
        3 mul_118_36_I21 ( mult_signed_8589 ) 
        3 mul_120_73_I20 ( mult_signed_8025 ) 
        3 mul_118_36_I20 ( mult_signed_8589 ) 
        3 mul_120_73_I19 ( mult_signed_8025 ) 
        3 mul_118_36_I19 ( mult_signed_8589 ) 
        3 mul_120_73_I18 ( mult_signed_8025 ) 
        3 mul_118_36_I18 ( mult_signed_8589 ) 
        3 mul_120_73_I17 ( mult_signed_8025 ) 
        3 mul_118_36_I17 ( mult_signed_8589 ) 
        3 mul_120_73_I16 ( mult_signed_8025 ) 
        3 mul_118_36_I16 ( mult_signed_8589 ) 
        3 mul_120_73_I15 ( mult_signed_8025 ) 
        3 mul_118_36_I15 ( mult_signed_8589 ) 
        3 mul_120_73_I14 ( mult_signed_8025 ) 
        3 mul_118_36_I14 ( mult_signed_8589 ) 
        3 mul_120_73_I13 ( mult_signed_8025 ) 
        3 mul_118_36_I13 ( mult_signed_8589 ) 
        3 mul_120_73_I12 ( mult_signed_8025 ) 
        3 mul_118_36_I12 ( mult_signed_8589 ) 
        3 mul_120_73_I11 ( mult_signed_8025 ) 
        3 mul_118_36_I11 ( mult_signed_8589 ) 
        3 mul_120_73_I10 ( mult_signed_8025 ) 
        3 mul_118_36_I10 ( mult_signed_8589 ) 
        3 mul_120_73_I9 ( mult_signed_8025 ) 
        3 mul_118_36_I9 ( mult_signed_8589 ) 
        3 mul_120_73_I8 ( mult_signed_8025 ) 
        3 mul_118_36_I8 ( mult_signed_8589 ) 
        3 mul_120_73_I7 ( mult_signed_8025 ) 
        3 mul_118_36_I7 ( mult_signed_8589 ) 
        3 mul_120_73_I6 ( mult_signed_8025 ) 
        3 mul_118_36_I6 ( mult_signed_8589 ) 
        3 mul_120_73_I5 ( mult_signed_8025 ) 
        3 mul_118_36_I5 ( mult_signed_8589 ) 
        3 mul_120_73_I4 ( mult_signed_8025 ) 
        3 mul_118_36_I4 ( mult_signed_8589 ) 
        3 mul_120_73_I3 ( mult_signed_8025 ) 
        3 mul_118_36_I3 ( mult_signed_8589 ) 
        3 mul_120_73_I2 ( mult_signed_8025 ) 
        3 mul_118_36_I2 ( mult_signed_8589 ) 
        3 mul_120_73_I1 ( mult_signed_8025 ) 
        3 mul_118_36_I1 ( mult_signed_8589 ) 
        3 mux_issue_seen_q_194_11 ( bmux_10_24 ) 
        3 mux_196_22 ( bmux_7204 ) 
        3 mux_72_24 ( bmux_7204 ) 
        3 mux_issue_new_m_87_28 ( bmux_7204 ) 
        3 mux_issue_new_m_83_19 ( bmux_7204 ) 
        3 mux_issue_new_m_82_9 ( bmux_7204 ) 
        3 mux_issue_op_87_28 ( bmux_10_24 ) 
        3 mux_issue_op_83_19 ( bmux_61 ) 
        3 mux_issue_op_82_9 ( bmux_61 ) 
        3 mux_factor_x_87_28 ( bmux_54782 ) 
        3 mux_factor_x_83_19 ( bmux_54782 ) 
        3 mux_factor_x_82_9 ( bmux_54782 ) 
        3 mux_commit_acc_q[0]_164_15 ( bmux_54785 ) 
        3 mux_commit_acc_q[1]_164_15 ( bmux_54785 ) 
        3 mux_commit_acc_q[2]_164_15 ( bmux_54785 ) 
        3 mux_commit_acc_q[3]_164_15 ( bmux_54785 ) 
        3 mux_commit_acc_q[4]_164_15 ( bmux_54785 ) 
        3 mux_commit_acc_q[5]_164_15 ( bmux_54785 ) 
        3 mux_commit_acc_q[6]_164_15 ( bmux_54785 ) 
        3 mux_commit_acc_q[7]_164_15 ( bmux_54785 ) 
        3 mux_commit_acc_q[8]_164_15 ( bmux_54785 ) 
        3 mux_commit_acc_q[9]_164_15 ( bmux_54785 ) 
        3 mux_commit_acc_q[10]_164_15 ( bmux_54785 ) 
        3 mux_commit_acc_q[11]_164_15 ( bmux_54785 ) 
        3 mux_commit_acc_q[12]_164_15 ( bmux_54785 ) 
        3 mux_commit_acc_q[13]_164_15 ( bmux_54785 ) 
        3 mux_commit_acc_q[14]_164_15 ( bmux_54785 ) 
        3 mux_commit_acc_q[15]_164_15 ( bmux_54785 ) 
        3 mux_commit_acc_q[16]_164_15 ( bmux_54785 ) 
        3 mux_commit_acc_q[17]_164_15 ( bmux_54785 ) 
        3 mux_commit_acc_q[18]_164_15 ( bmux_54785 ) 
        3 mux_commit_acc_q[19]_164_15 ( bmux_54785 ) 
        3 mux_commit_acc_q[20]_164_15 ( bmux_54785 ) 
        3 mux_commit_acc_q[21]_164_15 ( bmux_54785 ) 
        3 mux_commit_acc_q[22]_164_15 ( bmux_54785 ) 
        3 mux_commit_acc_q[23]_164_15 ( bmux_54785 ) 
        3 mux_commit_acc_q[24]_164_15 ( bmux_54785 ) 
        3 mux_commit_acc_q[25]_164_15 ( bmux_54785 ) 
        3 mux_commit_acc_q[26]_164_15 ( bmux_54785 ) 
        3 mux_commit_acc_q[27]_164_15 ( bmux_54785 ) 
        3 mux_commit_acc_q[28]_164_15 ( bmux_54785 ) 
        3 mux_commit_acc_q[29]_164_15 ( bmux_54785 ) 
        3 mux_commit_acc_q[30]_164_15 ( bmux_54785 ) 
        3 mux_commit_acc_q[31]_164_15 ( bmux_54785 ) 
        3 mux_commit_acc_q[32]_164_15 ( bmux_54785 ) 
        3 mux_commit_acc_q[33]_164_15 ( bmux_54785 ) 
        3 mux_commit_acc_q[34]_164_15 ( bmux_54785 ) 
        3 mux_commit_acc_q[35]_164_15 ( bmux_54785 ) 
        3 mux_commit_acc_q[36]_164_15 ( bmux_54785 ) 
        3 mux_commit_acc_q[37]_164_15 ( bmux_54785 ) 
        3 mux_commit_acc_q[38]_164_15 ( bmux_54785 ) 
        3 mux_commit_acc_q[39]_164_15 ( bmux_54785 ) 
        3 mux_commit_acc_q[40]_164_15 ( bmux_54785 ) 
        3 mux_commit_acc_q[41]_164_15 ( bmux_54785 ) 
        3 mux_commit_acc_q[42]_164_15 ( bmux_54785 ) 
        3 mux_commit_acc_q[43]_164_15 ( bmux_54785 ) 
        3 mux_commit_acc_q[44]_164_15 ( bmux_54785 ) 
        3 mux_commit_acc_q[45]_164_15 ( bmux_54785 ) 
        3 mux_commit_acc_q[46]_164_15 ( bmux_54785 ) 
        3 mux_commit_acc_q[47]_164_15 ( bmux_54785 ) 
        3 mux_commit_acc_q[48]_164_15 ( bmux_54785 ) 
        3 mux_commit_acc_q[49]_164_15 ( bmux_54785 ) 
        3 mux_commit_acc_q[50]_164_15 ( bmux_54785 ) 
        3 mux_commit_acc_q[51]_164_15 ( bmux_54785 ) 
        3 mux_commit_acc_q[52]_164_15 ( bmux_54785 ) 
        3 mux_commit_acc_q[53]_164_15 ( bmux_54785 ) 
        3 mux_commit_acc_q[54]_164_15 ( bmux_54785 ) 
        3 mux_commit_acc_q[55]_164_15 ( bmux_54785 ) 
        3 mux_commit_acc_q[56]_164_15 ( bmux_54785 ) 
        3 mux_commit_acc_q[57]_164_15 ( bmux_54785 ) 
        3 mux_commit_acc_q[58]_164_15 ( bmux_54785 ) 
        3 mux_commit_acc_q[59]_164_15 ( bmux_54785 ) 
        3 mux_commit_acc_q[60]_164_15 ( bmux_54785 ) 
        3 mux_commit_acc_q[61]_164_15 ( bmux_54785 ) 
        3 mux_commit_acc_q[62]_164_15 ( bmux_54785 ) 
        3 mux_commit_acc_q[63]_164_15 ( bmux_54785 ) 
        3 mux_commit_l_q_164_15 ( bmux_54977 ) 
        3 mux_issue_m_q_194_11 ( bmux_7204 ) 
     2 u_finalize ( fa_finalize_vec_D64_L_W32_ACC_W48_OUT_W16 ) 
        3 u_recip_approx ( fa_recip_approx_IN_W32_OUT_W32 ) 
           4 g1 ( or_op ) 
           4 g2 ( or_op_402 ) 
           4 g3 ( or_op_403 ) 
           4 gte_120_32 ( geq_signed_55186 ) 
           4 srl_121_32 ( shift_right_vlog_unsigned ) 
           4 sll_124_33 ( shift_left_vlog_unsigned ) 
           4 minus_124_37 ( sub_signed_55733 ) 
           4 eq_88_25 ( equal_unsigned ) 
           4 sll_102_30 ( shift_left_vlog_unsigned_55897 ) 
           4 sub_102_37 ( sub_unsigned_55899 ) 
           4 sub_103_53 ( sub_signed_55901 ) 
           4 mul_109_40 ( mult_unsigned_56412 ) 
           4 mul_111_36 ( mult_unsigned_56939 ) 
           4 sub_110_42 ( sub_unsigned_56941 ) 
           4 ctl_x_i_91_11 ( case_box_420 ) 
           4 mux_msb_index_91_11 ( mux_56944 ) 
           4 mux_102_30 ( bmux_5_22 ) 
           4 mux_seed_s1_next_96_9 ( bmux_56946 ) 
           4 mux_160_20 ( bmux_56946 ) 
           4 mux_165_20 ( bmux_5_22 ) 
           4 mux_mantissa_s1_next_96_9 ( bmux_5_22 ) 
           4 mux_157_24 ( bmux_5_22 ) 
           4 mux_166_18 ( bmux_56954 ) 
           4 mux_114_8 ( bmux_5_22 ) 
           4 mux_171_23 ( bmux_5_22 ) 
           4 mux_exponent_s1_next_96_9 ( bmux_166 ) 
           4 mux_158_24 ( bmux_166 ) 
           4 mux_164_24 ( bmux_166 ) 
           4 mux_170_24 ( bmux_166 ) 
           4 mux_126_12 ( bmux_5_22 ) 
           4 mux_y_s4_next_120_32 ( bmux_5_22 ) 
           4 mux_y_s4_next_118_9 ( bmux_5_22 ) 
           4 mux_174_14 ( bmux_5_22 ) 
           4 ctl_index_50_13 ( case_box_400 ) 
           4 seed_lut_105_22:mux_seed_lut_50_13 ( mux_55183 ) 
        3 gen_out_quant[0].u_out_quant ( fa_out_quant_IN_W48_RECIP_W32_OUT_W16 ) 
           4 mul_27_38 ( mult_signed_57740 ) 
           4 mux_58_18 ( bmux_25_28 ) 
           4 quantize_q88_58_28:gt_40_37 ( gt_unsigned ) 
           4 quantize_q88_58_28:gte_42_45 ( geq_unsigned ) 
           4 quantize_q88_58_28:minus_45_16 ( sub_signed_56980 ) 
           4 quantize_q88_58_28:add_38_34 ( add_unsigned_56982 ) 
           4 quantize_q88_58_28:minus_37_42 ( sub_signed_56984 ) 
           4 quantize_q88_58_28:mux_37_21 ( bmux_56985 ) 
           4 quantize_q88_58_28:mux_quantize_q88_44_20 ( bmux_25_28 ) 
           4 quantize_q88_58_28:mux_quantize_q88_42_29 ( bmux_25_28 ) 
           4 quantize_q88_58_28:mux_quantize_q88_40_21 ( bmux_25_28 ) 
        3 gen_out_quant[1].u_out_quant ( fa_out_quant_IN_W48_RECIP_W32_OUT_W16 ) 
           4 mul_27_38 ( mult_signed_57740 ) 
           4 mux_58_18 ( bmux_25_28 ) 
           4 quantize_q88_58_28:gt_40_37 ( gt_unsigned ) 
           4 quantize_q88_58_28:gte_42_45 ( geq_unsigned ) 
           4 quantize_q88_58_28:minus_45_16 ( sub_signed_56980 ) 
           4 quantize_q88_58_28:add_38_34 ( add_unsigned_56982 ) 
           4 quantize_q88_58_28:minus_37_42 ( sub_signed_56984 ) 
           4 quantize_q88_58_28:mux_37_21 ( bmux_56985 ) 
           4 quantize_q88_58_28:mux_quantize_q88_44_20 ( bmux_25_28 ) 
           4 quantize_q88_58_28:mux_quantize_q88_42_29 ( bmux_25_28 ) 
           4 quantize_q88_58_28:mux_quantize_q88_40_21 ( bmux_25_28 ) 
        3 gen_out_quant[2].u_out_quant ( fa_out_quant_IN_W48_RECIP_W32_OUT_W16 ) 
           4 mul_27_38 ( mult_signed_57740 ) 
           4 mux_58_18 ( bmux_25_28 ) 
           4 quantize_q88_58_28:gt_40_37 ( gt_unsigned ) 
           4 quantize_q88_58_28:gte_42_45 ( geq_unsigned ) 
           4 quantize_q88_58_28:minus_45_16 ( sub_signed_56980 ) 
           4 quantize_q88_58_28:add_38_34 ( add_unsigned_56982 ) 
           4 quantize_q88_58_28:minus_37_42 ( sub_signed_56984 ) 
           4 quantize_q88_58_28:mux_37_21 ( bmux_56985 ) 
           4 quantize_q88_58_28:mux_quantize_q88_44_20 ( bmux_25_28 ) 
           4 quantize_q88_58_28:mux_quantize_q88_42_29 ( bmux_25_28 ) 
           4 quantize_q88_58_28:mux_quantize_q88_40_21 ( bmux_25_28 ) 
        3 gen_out_quant[3].u_out_quant ( fa_out_quant_IN_W48_RECIP_W32_OUT_W16 ) 
           4 mul_27_38 ( mult_signed_57740 ) 
           4 mux_58_18 ( bmux_25_28 ) 
           4 quantize_q88_58_28:gt_40_37 ( gt_unsigned ) 
           4 quantize_q88_58_28:gte_42_45 ( geq_unsigned ) 
           4 quantize_q88_58_28:minus_45_16 ( sub_signed_56980 ) 
           4 quantize_q88_58_28:add_38_34 ( add_unsigned_56982 ) 
           4 quantize_q88_58_28:minus_37_42 ( sub_signed_56984 ) 
           4 quantize_q88_58_28:mux_37_21 ( bmux_56985 ) 
           4 quantize_q88_58_28:mux_quantize_q88_44_20 ( bmux_25_28 ) 
           4 quantize_q88_58_28:mux_quantize_q88_42_29 ( bmux_25_28 ) 
           4 quantize_q88_58_28:mux_quantize_q88_40_21 ( bmux_25_28 ) 
        3 gen_out_quant[4].u_out_quant ( fa_out_quant_IN_W48_RECIP_W32_OUT_W16 ) 
           4 mul_27_38 ( mult_signed_57740 ) 
           4 mux_58_18 ( bmux_25_28 ) 
           4 quantize_q88_58_28:gt_40_37 ( gt_unsigned ) 
           4 quantize_q88_58_28:gte_42_45 ( geq_unsigned ) 
           4 quantize_q88_58_28:minus_45_16 ( sub_signed_56980 ) 
           4 quantize_q88_58_28:add_38_34 ( add_unsigned_56982 ) 
           4 quantize_q88_58_28:minus_37_42 ( sub_signed_56984 ) 
           4 quantize_q88_58_28:mux_37_21 ( bmux_56985 ) 
           4 quantize_q88_58_28:mux_quantize_q88_44_20 ( bmux_25_28 ) 
           4 quantize_q88_58_28:mux_quantize_q88_42_29 ( bmux_25_28 ) 
           4 quantize_q88_58_28:mux_quantize_q88_40_21 ( bmux_25_28 ) 
        3 gen_out_quant[5].u_out_quant ( fa_out_quant_IN_W48_RECIP_W32_OUT_W16 ) 
           4 mul_27_38 ( mult_signed_57740 ) 
           4 mux_58_18 ( bmux_25_28 ) 
           4 quantize_q88_58_28:gt_40_37 ( gt_unsigned ) 
           4 quantize_q88_58_28:gte_42_45 ( geq_unsigned ) 
           4 quantize_q88_58_28:minus_45_16 ( sub_signed_56980 ) 
           4 quantize_q88_58_28:add_38_34 ( add_unsigned_56982 ) 
           4 quantize_q88_58_28:minus_37_42 ( sub_signed_56984 ) 
           4 quantize_q88_58_28:mux_37_21 ( bmux_56985 ) 
           4 quantize_q88_58_28:mux_quantize_q88_44_20 ( bmux_25_28 ) 
           4 quantize_q88_58_28:mux_quantize_q88_42_29 ( bmux_25_28 ) 
           4 quantize_q88_58_28:mux_quantize_q88_40_21 ( bmux_25_28 ) 
        3 gen_out_quant[6].u_out_quant ( fa_out_quant_IN_W48_RECIP_W32_OUT_W16 ) 
           4 mul_27_38 ( mult_signed_57740 ) 
           4 mux_58_18 ( bmux_25_28 ) 
           4 quantize_q88_58_28:gt_40_37 ( gt_unsigned ) 
           4 quantize_q88_58_28:gte_42_45 ( geq_unsigned ) 
           4 quantize_q88_58_28:minus_45_16 ( sub_signed_56980 ) 
           4 quantize_q88_58_28:add_38_34 ( add_unsigned_56982 ) 
           4 quantize_q88_58_28:minus_37_42 ( sub_signed_56984 ) 
           4 quantize_q88_58_28:mux_37_21 ( bmux_56985 ) 
           4 quantize_q88_58_28:mux_quantize_q88_44_20 ( bmux_25_28 ) 
           4 quantize_q88_58_28:mux_quantize_q88_42_29 ( bmux_25_28 ) 
           4 quantize_q88_58_28:mux_quantize_q88_40_21 ( bmux_25_28 ) 
        3 gen_out_quant[7].u_out_quant ( fa_out_quant_IN_W48_RECIP_W32_OUT_W16 ) 
           4 mul_27_38 ( mult_signed_57740 ) 
           4 mux_58_18 ( bmux_25_28 ) 
           4 quantize_q88_58_28:gt_40_37 ( gt_unsigned ) 
           4 quantize_q88_58_28:gte_42_45 ( geq_unsigned ) 
           4 quantize_q88_58_28:minus_45_16 ( sub_signed_56980 ) 
           4 quantize_q88_58_28:add_38_34 ( add_unsigned_56982 ) 
           4 quantize_q88_58_28:minus_37_42 ( sub_signed_56984 ) 
           4 quantize_q88_58_28:mux_37_21 ( bmux_56985 ) 
           4 quantize_q88_58_28:mux_quantize_q88_44_20 ( bmux_25_28 ) 
           4 quantize_q88_58_28:mux_quantize_q88_42_29 ( bmux_25_28 ) 
           4 quantize_q88_58_28:mux_quantize_q88_40_21 ( bmux_25_28 ) 
        3 gen_out_quant[8].u_out_quant ( fa_out_quant_IN_W48_RECIP_W32_OUT_W16 ) 
           4 mul_27_38 ( mult_signed_57740 ) 
           4 mux_58_18 ( bmux_25_28 ) 
           4 quantize_q88_58_28:gt_40_37 ( gt_unsigned ) 
           4 quantize_q88_58_28:gte_42_45 ( geq_unsigned ) 
           4 quantize_q88_58_28:minus_45_16 ( sub_signed_56980 ) 
           4 quantize_q88_58_28:add_38_34 ( add_unsigned_56982 ) 
           4 quantize_q88_58_28:minus_37_42 ( sub_signed_56984 ) 
           4 quantize_q88_58_28:mux_37_21 ( bmux_56985 ) 
           4 quantize_q88_58_28:mux_quantize_q88_44_20 ( bmux_25_28 ) 
           4 quantize_q88_58_28:mux_quantize_q88_42_29 ( bmux_25_28 ) 
           4 quantize_q88_58_28:mux_quantize_q88_40_21 ( bmux_25_28 ) 
        3 gen_out_quant[9].u_out_quant ( fa_out_quant_IN_W48_RECIP_W32_OUT_W16 ) 
           4 mul_27_38 ( mult_signed_57740 ) 
           4 mux_58_18 ( bmux_25_28 ) 
           4 quantize_q88_58_28:gt_40_37 ( gt_unsigned ) 
           4 quantize_q88_58_28:gte_42_45 ( geq_unsigned ) 
           4 quantize_q88_58_28:minus_45_16 ( sub_signed_56980 ) 
           4 quantize_q88_58_28:add_38_34 ( add_unsigned_56982 ) 
           4 quantize_q88_58_28:minus_37_42 ( sub_signed_56984 ) 
           4 quantize_q88_58_28:mux_37_21 ( bmux_56985 ) 
           4 quantize_q88_58_28:mux_quantize_q88_44_20 ( bmux_25_28 ) 
           4 quantize_q88_58_28:mux_quantize_q88_42_29 ( bmux_25_28 ) 
           4 quantize_q88_58_28:mux_quantize_q88_40_21 ( bmux_25_28 ) 
        3 gen_out_quant[10].u_out_quant ( fa_out_quant_IN_W48_RECIP_W32_OUT_W16 ) 
           4 mul_27_38 ( mult_signed_57740 ) 
           4 mux_58_18 ( bmux_25_28 ) 
           4 quantize_q88_58_28:gt_40_37 ( gt_unsigned ) 
           4 quantize_q88_58_28:gte_42_45 ( geq_unsigned ) 
           4 quantize_q88_58_28:minus_45_16 ( sub_signed_56980 ) 
           4 quantize_q88_58_28:add_38_34 ( add_unsigned_56982 ) 
           4 quantize_q88_58_28:minus_37_42 ( sub_signed_56984 ) 
           4 quantize_q88_58_28:mux_37_21 ( bmux_56985 ) 
           4 quantize_q88_58_28:mux_quantize_q88_44_20 ( bmux_25_28 ) 
           4 quantize_q88_58_28:mux_quantize_q88_42_29 ( bmux_25_28 ) 
           4 quantize_q88_58_28:mux_quantize_q88_40_21 ( bmux_25_28 ) 
        3 gen_out_quant[11].u_out_quant ( fa_out_quant_IN_W48_RECIP_W32_OUT_W16 ) 
           4 mul_27_38 ( mult_signed_57740 ) 
           4 mux_58_18 ( bmux_25_28 ) 
           4 quantize_q88_58_28:gt_40_37 ( gt_unsigned ) 
           4 quantize_q88_58_28:gte_42_45 ( geq_unsigned ) 
           4 quantize_q88_58_28:minus_45_16 ( sub_signed_56980 ) 
           4 quantize_q88_58_28:add_38_34 ( add_unsigned_56982 ) 
           4 quantize_q88_58_28:minus_37_42 ( sub_signed_56984 ) 
           4 quantize_q88_58_28:mux_37_21 ( bmux_56985 ) 
           4 quantize_q88_58_28:mux_quantize_q88_44_20 ( bmux_25_28 ) 
           4 quantize_q88_58_28:mux_quantize_q88_42_29 ( bmux_25_28 ) 
           4 quantize_q88_58_28:mux_quantize_q88_40_21 ( bmux_25_28 ) 
        3 gen_out_quant[12].u_out_quant ( fa_out_quant_IN_W48_RECIP_W32_OUT_W16 ) 
           4 mul_27_38 ( mult_signed_57740 ) 
           4 mux_58_18 ( bmux_25_28 ) 
           4 quantize_q88_58_28:gt_40_37 ( gt_unsigned ) 
           4 quantize_q88_58_28:gte_42_45 ( geq_unsigned ) 
           4 quantize_q88_58_28:minus_45_16 ( sub_signed_56980 ) 
           4 quantize_q88_58_28:add_38_34 ( add_unsigned_56982 ) 
           4 quantize_q88_58_28:minus_37_42 ( sub_signed_56984 ) 
           4 quantize_q88_58_28:mux_37_21 ( bmux_56985 ) 
           4 quantize_q88_58_28:mux_quantize_q88_44_20 ( bmux_25_28 ) 
           4 quantize_q88_58_28:mux_quantize_q88_42_29 ( bmux_25_28 ) 
           4 quantize_q88_58_28:mux_quantize_q88_40_21 ( bmux_25_28 ) 
        3 gen_out_quant[13].u_out_quant ( fa_out_quant_IN_W48_RECIP_W32_OUT_W16 ) 
           4 mul_27_38 ( mult_signed_57740 ) 
           4 mux_58_18 ( bmux_25_28 ) 
           4 quantize_q88_58_28:gt_40_37 ( gt_unsigned ) 
           4 quantize_q88_58_28:gte_42_45 ( geq_unsigned ) 
           4 quantize_q88_58_28:minus_45_16 ( sub_signed_56980 ) 
           4 quantize_q88_58_28:add_38_34 ( add_unsigned_56982 ) 
           4 quantize_q88_58_28:minus_37_42 ( sub_signed_56984 ) 
           4 quantize_q88_58_28:mux_37_21 ( bmux_56985 ) 
           4 quantize_q88_58_28:mux_quantize_q88_44_20 ( bmux_25_28 ) 
           4 quantize_q88_58_28:mux_quantize_q88_42_29 ( bmux_25_28 ) 
           4 quantize_q88_58_28:mux_quantize_q88_40_21 ( bmux_25_28 ) 
        3 gen_out_quant[14].u_out_quant ( fa_out_quant_IN_W48_RECIP_W32_OUT_W16 ) 
           4 mul_27_38 ( mult_signed_57740 ) 
           4 mux_58_18 ( bmux_25_28 ) 
           4 quantize_q88_58_28:gt_40_37 ( gt_unsigned ) 
           4 quantize_q88_58_28:gte_42_45 ( geq_unsigned ) 
           4 quantize_q88_58_28:minus_45_16 ( sub_signed_56980 ) 
           4 quantize_q88_58_28:add_38_34 ( add_unsigned_56982 ) 
           4 quantize_q88_58_28:minus_37_42 ( sub_signed_56984 ) 
           4 quantize_q88_58_28:mux_37_21 ( bmux_56985 ) 
           4 quantize_q88_58_28:mux_quantize_q88_44_20 ( bmux_25_28 ) 
           4 quantize_q88_58_28:mux_quantize_q88_42_29 ( bmux_25_28 ) 
           4 quantize_q88_58_28:mux_quantize_q88_40_21 ( bmux_25_28 ) 
        3 gen_out_quant[15].u_out_quant ( fa_out_quant_IN_W48_RECIP_W32_OUT_W16 ) 
           4 mul_27_38 ( mult_signed_57740 ) 
           4 mux_58_18 ( bmux_25_28 ) 
           4 quantize_q88_58_28:gt_40_37 ( gt_unsigned ) 
           4 quantize_q88_58_28:gte_42_45 ( geq_unsigned ) 
           4 quantize_q88_58_28:minus_45_16 ( sub_signed_56980 ) 
           4 quantize_q88_58_28:add_38_34 ( add_unsigned_56982 ) 
           4 quantize_q88_58_28:minus_37_42 ( sub_signed_56984 ) 
           4 quantize_q88_58_28:mux_37_21 ( bmux_56985 ) 
           4 quantize_q88_58_28:mux_quantize_q88_44_20 ( bmux_25_28 ) 
           4 quantize_q88_58_28:mux_quantize_q88_42_29 ( bmux_25_28 ) 
           4 quantize_q88_58_28:mux_quantize_q88_40_21 ( bmux_25_28 ) 
        3 gen_out_quant[16].u_out_quant ( fa_out_quant_IN_W48_RECIP_W32_OUT_W16 ) 
           4 mul_27_38 ( mult_signed_57740 ) 
           4 mux_58_18 ( bmux_25_28 ) 
           4 quantize_q88_58_28:gt_40_37 ( gt_unsigned ) 
           4 quantize_q88_58_28:gte_42_45 ( geq_unsigned ) 
           4 quantize_q88_58_28:minus_45_16 ( sub_signed_56980 ) 
           4 quantize_q88_58_28:add_38_34 ( add_unsigned_56982 ) 
           4 quantize_q88_58_28:minus_37_42 ( sub_signed_56984 ) 
           4 quantize_q88_58_28:mux_37_21 ( bmux_56985 ) 
           4 quantize_q88_58_28:mux_quantize_q88_44_20 ( bmux_25_28 ) 
           4 quantize_q88_58_28:mux_quantize_q88_42_29 ( bmux_25_28 ) 
           4 quantize_q88_58_28:mux_quantize_q88_40_21 ( bmux_25_28 ) 
        3 gen_out_quant[17].u_out_quant ( fa_out_quant_IN_W48_RECIP_W32_OUT_W16 ) 
           4 mul_27_38 ( mult_signed_57740 ) 
           4 mux_58_18 ( bmux_25_28 ) 
           4 quantize_q88_58_28:gt_40_37 ( gt_unsigned ) 
           4 quantize_q88_58_28:gte_42_45 ( geq_unsigned ) 
           4 quantize_q88_58_28:minus_45_16 ( sub_signed_56980 ) 
           4 quantize_q88_58_28:add_38_34 ( add_unsigned_56982 ) 
           4 quantize_q88_58_28:minus_37_42 ( sub_signed_56984 ) 
           4 quantize_q88_58_28:mux_37_21 ( bmux_56985 ) 
           4 quantize_q88_58_28:mux_quantize_q88_44_20 ( bmux_25_28 ) 
           4 quantize_q88_58_28:mux_quantize_q88_42_29 ( bmux_25_28 ) 
           4 quantize_q88_58_28:mux_quantize_q88_40_21 ( bmux_25_28 ) 
        3 gen_out_quant[18].u_out_quant ( fa_out_quant_IN_W48_RECIP_W32_OUT_W16 ) 
           4 mul_27_38 ( mult_signed_57740 ) 
           4 mux_58_18 ( bmux_25_28 ) 
           4 quantize_q88_58_28:gt_40_37 ( gt_unsigned ) 
           4 quantize_q88_58_28:gte_42_45 ( geq_unsigned ) 
           4 quantize_q88_58_28:minus_45_16 ( sub_signed_56980 ) 
           4 quantize_q88_58_28:add_38_34 ( add_unsigned_56982 ) 
           4 quantize_q88_58_28:minus_37_42 ( sub_signed_56984 ) 
           4 quantize_q88_58_28:mux_37_21 ( bmux_56985 ) 
           4 quantize_q88_58_28:mux_quantize_q88_44_20 ( bmux_25_28 ) 
           4 quantize_q88_58_28:mux_quantize_q88_42_29 ( bmux_25_28 ) 
           4 quantize_q88_58_28:mux_quantize_q88_40_21 ( bmux_25_28 ) 
        3 gen_out_quant[19].u_out_quant ( fa_out_quant_IN_W48_RECIP_W32_OUT_W16 ) 
           4 mul_27_38 ( mult_signed_57740 ) 
           4 mux_58_18 ( bmux_25_28 ) 
           4 quantize_q88_58_28:gt_40_37 ( gt_unsigned ) 
           4 quantize_q88_58_28:gte_42_45 ( geq_unsigned ) 
           4 quantize_q88_58_28:minus_45_16 ( sub_signed_56980 ) 
           4 quantize_q88_58_28:add_38_34 ( add_unsigned_56982 ) 
           4 quantize_q88_58_28:minus_37_42 ( sub_signed_56984 ) 
           4 quantize_q88_58_28:mux_37_21 ( bmux_56985 ) 
           4 quantize_q88_58_28:mux_quantize_q88_44_20 ( bmux_25_28 ) 
           4 quantize_q88_58_28:mux_quantize_q88_42_29 ( bmux_25_28 ) 
           4 quantize_q88_58_28:mux_quantize_q88_40_21 ( bmux_25_28 ) 
        3 gen_out_quant[20].u_out_quant ( fa_out_quant_IN_W48_RECIP_W32_OUT_W16 ) 
           4 mul_27_38 ( mult_signed_57740 ) 
           4 mux_58_18 ( bmux_25_28 ) 
           4 quantize_q88_58_28:gt_40_37 ( gt_unsigned ) 
           4 quantize_q88_58_28:gte_42_45 ( geq_unsigned ) 
           4 quantize_q88_58_28:minus_45_16 ( sub_signed_56980 ) 
           4 quantize_q88_58_28:add_38_34 ( add_unsigned_56982 ) 
           4 quantize_q88_58_28:minus_37_42 ( sub_signed_56984 ) 
           4 quantize_q88_58_28:mux_37_21 ( bmux_56985 ) 
           4 quantize_q88_58_28:mux_quantize_q88_44_20 ( bmux_25_28 ) 
           4 quantize_q88_58_28:mux_quantize_q88_42_29 ( bmux_25_28 ) 
           4 quantize_q88_58_28:mux_quantize_q88_40_21 ( bmux_25_28 ) 
        3 gen_out_quant[21].u_out_quant ( fa_out_quant_IN_W48_RECIP_W32_OUT_W16 ) 
           4 mul_27_38 ( mult_signed_57740 ) 
           4 mux_58_18 ( bmux_25_28 ) 
           4 quantize_q88_58_28:gt_40_37 ( gt_unsigned ) 
           4 quantize_q88_58_28:gte_42_45 ( geq_unsigned ) 
           4 quantize_q88_58_28:minus_45_16 ( sub_signed_56980 ) 
           4 quantize_q88_58_28:add_38_34 ( add_unsigned_56982 ) 
           4 quantize_q88_58_28:minus_37_42 ( sub_signed_56984 ) 
           4 quantize_q88_58_28:mux_37_21 ( bmux_56985 ) 
           4 quantize_q88_58_28:mux_quantize_q88_44_20 ( bmux_25_28 ) 
           4 quantize_q88_58_28:mux_quantize_q88_42_29 ( bmux_25_28 ) 
           4 quantize_q88_58_28:mux_quantize_q88_40_21 ( bmux_25_28 ) 
        3 gen_out_quant[22].u_out_quant ( fa_out_quant_IN_W48_RECIP_W32_OUT_W16 ) 
           4 mul_27_38 ( mult_signed_57740 ) 
           4 mux_58_18 ( bmux_25_28 ) 
           4 quantize_q88_58_28:gt_40_37 ( gt_unsigned ) 
           4 quantize_q88_58_28:gte_42_45 ( geq_unsigned ) 
           4 quantize_q88_58_28:minus_45_16 ( sub_signed_56980 ) 
           4 quantize_q88_58_28:add_38_34 ( add_unsigned_56982 ) 
           4 quantize_q88_58_28:minus_37_42 ( sub_signed_56984 ) 
           4 quantize_q88_58_28:mux_37_21 ( bmux_56985 ) 
           4 quantize_q88_58_28:mux_quantize_q88_44_20 ( bmux_25_28 ) 
           4 quantize_q88_58_28:mux_quantize_q88_42_29 ( bmux_25_28 ) 
           4 quantize_q88_58_28:mux_quantize_q88_40_21 ( bmux_25_28 ) 
        3 gen_out_quant[23].u_out_quant ( fa_out_quant_IN_W48_RECIP_W32_OUT_W16 ) 
           4 mul_27_38 ( mult_signed_57740 ) 
           4 mux_58_18 ( bmux_25_28 ) 
           4 quantize_q88_58_28:gt_40_37 ( gt_unsigned ) 
           4 quantize_q88_58_28:gte_42_45 ( geq_unsigned ) 
           4 quantize_q88_58_28:minus_45_16 ( sub_signed_56980 ) 
           4 quantize_q88_58_28:add_38_34 ( add_unsigned_56982 ) 
           4 quantize_q88_58_28:minus_37_42 ( sub_signed_56984 ) 
           4 quantize_q88_58_28:mux_37_21 ( bmux_56985 ) 
           4 quantize_q88_58_28:mux_quantize_q88_44_20 ( bmux_25_28 ) 
           4 quantize_q88_58_28:mux_quantize_q88_42_29 ( bmux_25_28 ) 
           4 quantize_q88_58_28:mux_quantize_q88_40_21 ( bmux_25_28 ) 
        3 gen_out_quant[24].u_out_quant ( fa_out_quant_IN_W48_RECIP_W32_OUT_W16 ) 
           4 mul_27_38 ( mult_signed_57740 ) 
           4 mux_58_18 ( bmux_25_28 ) 
           4 quantize_q88_58_28:gt_40_37 ( gt_unsigned ) 
           4 quantize_q88_58_28:gte_42_45 ( geq_unsigned ) 
           4 quantize_q88_58_28:minus_45_16 ( sub_signed_56980 ) 
           4 quantize_q88_58_28:add_38_34 ( add_unsigned_56982 ) 
           4 quantize_q88_58_28:minus_37_42 ( sub_signed_56984 ) 
           4 quantize_q88_58_28:mux_37_21 ( bmux_56985 ) 
           4 quantize_q88_58_28:mux_quantize_q88_44_20 ( bmux_25_28 ) 
           4 quantize_q88_58_28:mux_quantize_q88_42_29 ( bmux_25_28 ) 
           4 quantize_q88_58_28:mux_quantize_q88_40_21 ( bmux_25_28 ) 
        3 gen_out_quant[25].u_out_quant ( fa_out_quant_IN_W48_RECIP_W32_OUT_W16 ) 
           4 mul_27_38 ( mult_signed_57740 ) 
           4 mux_58_18 ( bmux_25_28 ) 
           4 quantize_q88_58_28:gt_40_37 ( gt_unsigned ) 
           4 quantize_q88_58_28:gte_42_45 ( geq_unsigned ) 
           4 quantize_q88_58_28:minus_45_16 ( sub_signed_56980 ) 
           4 quantize_q88_58_28:add_38_34 ( add_unsigned_56982 ) 
           4 quantize_q88_58_28:minus_37_42 ( sub_signed_56984 ) 
           4 quantize_q88_58_28:mux_37_21 ( bmux_56985 ) 
           4 quantize_q88_58_28:mux_quantize_q88_44_20 ( bmux_25_28 ) 
           4 quantize_q88_58_28:mux_quantize_q88_42_29 ( bmux_25_28 ) 
           4 quantize_q88_58_28:mux_quantize_q88_40_21 ( bmux_25_28 ) 
        3 gen_out_quant[26].u_out_quant ( fa_out_quant_IN_W48_RECIP_W32_OUT_W16 ) 
           4 mul_27_38 ( mult_signed_57740 ) 
           4 mux_58_18 ( bmux_25_28 ) 
           4 quantize_q88_58_28:gt_40_37 ( gt_unsigned ) 
           4 quantize_q88_58_28:gte_42_45 ( geq_unsigned ) 
           4 quantize_q88_58_28:minus_45_16 ( sub_signed_56980 ) 
           4 quantize_q88_58_28:add_38_34 ( add_unsigned_56982 ) 
           4 quantize_q88_58_28:minus_37_42 ( sub_signed_56984 ) 
           4 quantize_q88_58_28:mux_37_21 ( bmux_56985 ) 
           4 quantize_q88_58_28:mux_quantize_q88_44_20 ( bmux_25_28 ) 
           4 quantize_q88_58_28:mux_quantize_q88_42_29 ( bmux_25_28 ) 
           4 quantize_q88_58_28:mux_quantize_q88_40_21 ( bmux_25_28 ) 
        3 gen_out_quant[27].u_out_quant ( fa_out_quant_IN_W48_RECIP_W32_OUT_W16 ) 
           4 mul_27_38 ( mult_signed_57740 ) 
           4 mux_58_18 ( bmux_25_28 ) 
           4 quantize_q88_58_28:gt_40_37 ( gt_unsigned ) 
           4 quantize_q88_58_28:gte_42_45 ( geq_unsigned ) 
           4 quantize_q88_58_28:minus_45_16 ( sub_signed_56980 ) 
           4 quantize_q88_58_28:add_38_34 ( add_unsigned_56982 ) 
           4 quantize_q88_58_28:minus_37_42 ( sub_signed_56984 ) 
           4 quantize_q88_58_28:mux_37_21 ( bmux_56985 ) 
           4 quantize_q88_58_28:mux_quantize_q88_44_20 ( bmux_25_28 ) 
           4 quantize_q88_58_28:mux_quantize_q88_42_29 ( bmux_25_28 ) 
           4 quantize_q88_58_28:mux_quantize_q88_40_21 ( bmux_25_28 ) 
        3 gen_out_quant[28].u_out_quant ( fa_out_quant_IN_W48_RECIP_W32_OUT_W16 ) 
           4 mul_27_38 ( mult_signed_57740 ) 
           4 mux_58_18 ( bmux_25_28 ) 
           4 quantize_q88_58_28:gt_40_37 ( gt_unsigned ) 
           4 quantize_q88_58_28:gte_42_45 ( geq_unsigned ) 
           4 quantize_q88_58_28:minus_45_16 ( sub_signed_56980 ) 
           4 quantize_q88_58_28:add_38_34 ( add_unsigned_56982 ) 
           4 quantize_q88_58_28:minus_37_42 ( sub_signed_56984 ) 
           4 quantize_q88_58_28:mux_37_21 ( bmux_56985 ) 
           4 quantize_q88_58_28:mux_quantize_q88_44_20 ( bmux_25_28 ) 
           4 quantize_q88_58_28:mux_quantize_q88_42_29 ( bmux_25_28 ) 
           4 quantize_q88_58_28:mux_quantize_q88_40_21 ( bmux_25_28 ) 
        3 gen_out_quant[29].u_out_quant ( fa_out_quant_IN_W48_RECIP_W32_OUT_W16 ) 
           4 mul_27_38 ( mult_signed_57740 ) 
           4 mux_58_18 ( bmux_25_28 ) 
           4 quantize_q88_58_28:gt_40_37 ( gt_unsigned ) 
           4 quantize_q88_58_28:gte_42_45 ( geq_unsigned ) 
           4 quantize_q88_58_28:minus_45_16 ( sub_signed_56980 ) 
           4 quantize_q88_58_28:add_38_34 ( add_unsigned_56982 ) 
           4 quantize_q88_58_28:minus_37_42 ( sub_signed_56984 ) 
           4 quantize_q88_58_28:mux_37_21 ( bmux_56985 ) 
           4 quantize_q88_58_28:mux_quantize_q88_44_20 ( bmux_25_28 ) 
           4 quantize_q88_58_28:mux_quantize_q88_42_29 ( bmux_25_28 ) 
           4 quantize_q88_58_28:mux_quantize_q88_40_21 ( bmux_25_28 ) 
        3 gen_out_quant[30].u_out_quant ( fa_out_quant_IN_W48_RECIP_W32_OUT_W16 ) 
           4 mul_27_38 ( mult_signed_57740 ) 
           4 mux_58_18 ( bmux_25_28 ) 
           4 quantize_q88_58_28:gt_40_37 ( gt_unsigned ) 
           4 quantize_q88_58_28:gte_42_45 ( geq_unsigned ) 
           4 quantize_q88_58_28:minus_45_16 ( sub_signed_56980 ) 
           4 quantize_q88_58_28:add_38_34 ( add_unsigned_56982 ) 
           4 quantize_q88_58_28:minus_37_42 ( sub_signed_56984 ) 
           4 quantize_q88_58_28:mux_37_21 ( bmux_56985 ) 
           4 quantize_q88_58_28:mux_quantize_q88_44_20 ( bmux_25_28 ) 
           4 quantize_q88_58_28:mux_quantize_q88_42_29 ( bmux_25_28 ) 
           4 quantize_q88_58_28:mux_quantize_q88_40_21 ( bmux_25_28 ) 
        3 gen_out_quant[31].u_out_quant ( fa_out_quant_IN_W48_RECIP_W32_OUT_W16 ) 
           4 mul_27_38 ( mult_signed_57740 ) 
           4 mux_58_18 ( bmux_25_28 ) 
           4 quantize_q88_58_28:gt_40_37 ( gt_unsigned ) 
           4 quantize_q88_58_28:gte_42_45 ( geq_unsigned ) 
           4 quantize_q88_58_28:minus_45_16 ( sub_signed_56980 ) 
           4 quantize_q88_58_28:add_38_34 ( add_unsigned_56982 ) 
           4 quantize_q88_58_28:minus_37_42 ( sub_signed_56984 ) 
           4 quantize_q88_58_28:mux_37_21 ( bmux_56985 ) 
           4 quantize_q88_58_28:mux_quantize_q88_44_20 ( bmux_25_28 ) 
           4 quantize_q88_58_28:mux_quantize_q88_42_29 ( bmux_25_28 ) 
           4 quantize_q88_58_28:mux_quantize_q88_40_21 ( bmux_25_28 ) 
        3 gen_out_quant[32].u_out_quant ( fa_out_quant_IN_W48_RECIP_W32_OUT_W16 ) 
           4 mul_27_38 ( mult_signed_57740 ) 
           4 mux_58_18 ( bmux_25_28 ) 
           4 quantize_q88_58_28:gt_40_37 ( gt_unsigned ) 
           4 quantize_q88_58_28:gte_42_45 ( geq_unsigned ) 
           4 quantize_q88_58_28:minus_45_16 ( sub_signed_56980 ) 
           4 quantize_q88_58_28:add_38_34 ( add_unsigned_56982 ) 
           4 quantize_q88_58_28:minus_37_42 ( sub_signed_56984 ) 
           4 quantize_q88_58_28:mux_37_21 ( bmux_56985 ) 
           4 quantize_q88_58_28:mux_quantize_q88_44_20 ( bmux_25_28 ) 
           4 quantize_q88_58_28:mux_quantize_q88_42_29 ( bmux_25_28 ) 
           4 quantize_q88_58_28:mux_quantize_q88_40_21 ( bmux_25_28 ) 
        3 gen_out_quant[33].u_out_quant ( fa_out_quant_IN_W48_RECIP_W32_OUT_W16 ) 
           4 mul_27_38 ( mult_signed_57740 ) 
           4 mux_58_18 ( bmux_25_28 ) 
           4 quantize_q88_58_28:gt_40_37 ( gt_unsigned ) 
           4 quantize_q88_58_28:gte_42_45 ( geq_unsigned ) 
           4 quantize_q88_58_28:minus_45_16 ( sub_signed_56980 ) 
           4 quantize_q88_58_28:add_38_34 ( add_unsigned_56982 ) 
           4 quantize_q88_58_28:minus_37_42 ( sub_signed_56984 ) 
           4 quantize_q88_58_28:mux_37_21 ( bmux_56985 ) 
           4 quantize_q88_58_28:mux_quantize_q88_44_20 ( bmux_25_28 ) 
           4 quantize_q88_58_28:mux_quantize_q88_42_29 ( bmux_25_28 ) 
           4 quantize_q88_58_28:mux_quantize_q88_40_21 ( bmux_25_28 ) 
        3 gen_out_quant[34].u_out_quant ( fa_out_quant_IN_W48_RECIP_W32_OUT_W16 ) 
           4 mul_27_38 ( mult_signed_57740 ) 
           4 mux_58_18 ( bmux_25_28 ) 
           4 quantize_q88_58_28:gt_40_37 ( gt_unsigned ) 
           4 quantize_q88_58_28:gte_42_45 ( geq_unsigned ) 
           4 quantize_q88_58_28:minus_45_16 ( sub_signed_56980 ) 
           4 quantize_q88_58_28:add_38_34 ( add_unsigned_56982 ) 
           4 quantize_q88_58_28:minus_37_42 ( sub_signed_56984 ) 
           4 quantize_q88_58_28:mux_37_21 ( bmux_56985 ) 
           4 quantize_q88_58_28:mux_quantize_q88_44_20 ( bmux_25_28 ) 
           4 quantize_q88_58_28:mux_quantize_q88_42_29 ( bmux_25_28 ) 
           4 quantize_q88_58_28:mux_quantize_q88_40_21 ( bmux_25_28 ) 
        3 gen_out_quant[35].u_out_quant ( fa_out_quant_IN_W48_RECIP_W32_OUT_W16 ) 
           4 mul_27_38 ( mult_signed_57740 ) 
           4 mux_58_18 ( bmux_25_28 ) 
           4 quantize_q88_58_28:gt_40_37 ( gt_unsigned ) 
           4 quantize_q88_58_28:gte_42_45 ( geq_unsigned ) 
           4 quantize_q88_58_28:minus_45_16 ( sub_signed_56980 ) 
           4 quantize_q88_58_28:add_38_34 ( add_unsigned_56982 ) 
           4 quantize_q88_58_28:minus_37_42 ( sub_signed_56984 ) 
           4 quantize_q88_58_28:mux_37_21 ( bmux_56985 ) 
           4 quantize_q88_58_28:mux_quantize_q88_44_20 ( bmux_25_28 ) 
           4 quantize_q88_58_28:mux_quantize_q88_42_29 ( bmux_25_28 ) 
           4 quantize_q88_58_28:mux_quantize_q88_40_21 ( bmux_25_28 ) 
        3 gen_out_quant[36].u_out_quant ( fa_out_quant_IN_W48_RECIP_W32_OUT_W16 ) 
           4 mul_27_38 ( mult_signed_57740 ) 
           4 mux_58_18 ( bmux_25_28 ) 
           4 quantize_q88_58_28:gt_40_37 ( gt_unsigned ) 
           4 quantize_q88_58_28:gte_42_45 ( geq_unsigned ) 
           4 quantize_q88_58_28:minus_45_16 ( sub_signed_56980 ) 
           4 quantize_q88_58_28:add_38_34 ( add_unsigned_56982 ) 
           4 quantize_q88_58_28:minus_37_42 ( sub_signed_56984 ) 
           4 quantize_q88_58_28:mux_37_21 ( bmux_56985 ) 
           4 quantize_q88_58_28:mux_quantize_q88_44_20 ( bmux_25_28 ) 
           4 quantize_q88_58_28:mux_quantize_q88_42_29 ( bmux_25_28 ) 
           4 quantize_q88_58_28:mux_quantize_q88_40_21 ( bmux_25_28 ) 
        3 gen_out_quant[37].u_out_quant ( fa_out_quant_IN_W48_RECIP_W32_OUT_W16 ) 
           4 mul_27_38 ( mult_signed_57740 ) 
           4 mux_58_18 ( bmux_25_28 ) 
           4 quantize_q88_58_28:gt_40_37 ( gt_unsigned ) 
           4 quantize_q88_58_28:gte_42_45 ( geq_unsigned ) 
           4 quantize_q88_58_28:minus_45_16 ( sub_signed_56980 ) 
           4 quantize_q88_58_28:add_38_34 ( add_unsigned_56982 ) 
           4 quantize_q88_58_28:minus_37_42 ( sub_signed_56984 ) 
           4 quantize_q88_58_28:mux_37_21 ( bmux_56985 ) 
           4 quantize_q88_58_28:mux_quantize_q88_44_20 ( bmux_25_28 ) 
           4 quantize_q88_58_28:mux_quantize_q88_42_29 ( bmux_25_28 ) 
           4 quantize_q88_58_28:mux_quantize_q88_40_21 ( bmux_25_28 ) 
        3 gen_out_quant[38].u_out_quant ( fa_out_quant_IN_W48_RECIP_W32_OUT_W16 ) 
           4 mul_27_38 ( mult_signed_57740 ) 
           4 mux_58_18 ( bmux_25_28 ) 
           4 quantize_q88_58_28:gt_40_37 ( gt_unsigned ) 
           4 quantize_q88_58_28:gte_42_45 ( geq_unsigned ) 
           4 quantize_q88_58_28:minus_45_16 ( sub_signed_56980 ) 
           4 quantize_q88_58_28:add_38_34 ( add_unsigned_56982 ) 
           4 quantize_q88_58_28:minus_37_42 ( sub_signed_56984 ) 
           4 quantize_q88_58_28:mux_37_21 ( bmux_56985 ) 
           4 quantize_q88_58_28:mux_quantize_q88_44_20 ( bmux_25_28 ) 
           4 quantize_q88_58_28:mux_quantize_q88_42_29 ( bmux_25_28 ) 
           4 quantize_q88_58_28:mux_quantize_q88_40_21 ( bmux_25_28 ) 
        3 gen_out_quant[39].u_out_quant ( fa_out_quant_IN_W48_RECIP_W32_OUT_W16 ) 
           4 mul_27_38 ( mult_signed_57740 ) 
           4 mux_58_18 ( bmux_25_28 ) 
           4 quantize_q88_58_28:gt_40_37 ( gt_unsigned ) 
           4 quantize_q88_58_28:gte_42_45 ( geq_unsigned ) 
           4 quantize_q88_58_28:minus_45_16 ( sub_signed_56980 ) 
           4 quantize_q88_58_28:add_38_34 ( add_unsigned_56982 ) 
           4 quantize_q88_58_28:minus_37_42 ( sub_signed_56984 ) 
           4 quantize_q88_58_28:mux_37_21 ( bmux_56985 ) 
           4 quantize_q88_58_28:mux_quantize_q88_44_20 ( bmux_25_28 ) 
           4 quantize_q88_58_28:mux_quantize_q88_42_29 ( bmux_25_28 ) 
           4 quantize_q88_58_28:mux_quantize_q88_40_21 ( bmux_25_28 ) 
        3 gen_out_quant[40].u_out_quant ( fa_out_quant_IN_W48_RECIP_W32_OUT_W16 ) 
           4 mul_27_38 ( mult_signed_57740 ) 
           4 mux_58_18 ( bmux_25_28 ) 
           4 quantize_q88_58_28:gt_40_37 ( gt_unsigned ) 
           4 quantize_q88_58_28:gte_42_45 ( geq_unsigned ) 
           4 quantize_q88_58_28:minus_45_16 ( sub_signed_56980 ) 
           4 quantize_q88_58_28:add_38_34 ( add_unsigned_56982 ) 
           4 quantize_q88_58_28:minus_37_42 ( sub_signed_56984 ) 
           4 quantize_q88_58_28:mux_37_21 ( bmux_56985 ) 
           4 quantize_q88_58_28:mux_quantize_q88_44_20 ( bmux_25_28 ) 
           4 quantize_q88_58_28:mux_quantize_q88_42_29 ( bmux_25_28 ) 
           4 quantize_q88_58_28:mux_quantize_q88_40_21 ( bmux_25_28 ) 
        3 gen_out_quant[41].u_out_quant ( fa_out_quant_IN_W48_RECIP_W32_OUT_W16 ) 
           4 mul_27_38 ( mult_signed_57740 ) 
           4 mux_58_18 ( bmux_25_28 ) 
           4 quantize_q88_58_28:gt_40_37 ( gt_unsigned ) 
           4 quantize_q88_58_28:gte_42_45 ( geq_unsigned ) 
           4 quantize_q88_58_28:minus_45_16 ( sub_signed_56980 ) 
           4 quantize_q88_58_28:add_38_34 ( add_unsigned_56982 ) 
           4 quantize_q88_58_28:minus_37_42 ( sub_signed_56984 ) 
           4 quantize_q88_58_28:mux_37_21 ( bmux_56985 ) 
           4 quantize_q88_58_28:mux_quantize_q88_44_20 ( bmux_25_28 ) 
           4 quantize_q88_58_28:mux_quantize_q88_42_29 ( bmux_25_28 ) 
           4 quantize_q88_58_28:mux_quantize_q88_40_21 ( bmux_25_28 ) 
        3 gen_out_quant[42].u_out_quant ( fa_out_quant_IN_W48_RECIP_W32_OUT_W16 ) 
           4 mul_27_38 ( mult_signed_57740 ) 
           4 mux_58_18 ( bmux_25_28 ) 
           4 quantize_q88_58_28:gt_40_37 ( gt_unsigned ) 
           4 quantize_q88_58_28:gte_42_45 ( geq_unsigned ) 
           4 quantize_q88_58_28:minus_45_16 ( sub_signed_56980 ) 
           4 quantize_q88_58_28:add_38_34 ( add_unsigned_56982 ) 
           4 quantize_q88_58_28:minus_37_42 ( sub_signed_56984 ) 
           4 quantize_q88_58_28:mux_37_21 ( bmux_56985 ) 
           4 quantize_q88_58_28:mux_quantize_q88_44_20 ( bmux_25_28 ) 
           4 quantize_q88_58_28:mux_quantize_q88_42_29 ( bmux_25_28 ) 
           4 quantize_q88_58_28:mux_quantize_q88_40_21 ( bmux_25_28 ) 
        3 gen_out_quant[43].u_out_quant ( fa_out_quant_IN_W48_RECIP_W32_OUT_W16 ) 
           4 mul_27_38 ( mult_signed_57740 ) 
           4 mux_58_18 ( bmux_25_28 ) 
           4 quantize_q88_58_28:gt_40_37 ( gt_unsigned ) 
           4 quantize_q88_58_28:gte_42_45 ( geq_unsigned ) 
           4 quantize_q88_58_28:minus_45_16 ( sub_signed_56980 ) 
           4 quantize_q88_58_28:add_38_34 ( add_unsigned_56982 ) 
           4 quantize_q88_58_28:minus_37_42 ( sub_signed_56984 ) 
           4 quantize_q88_58_28:mux_37_21 ( bmux_56985 ) 
           4 quantize_q88_58_28:mux_quantize_q88_44_20 ( bmux_25_28 ) 
           4 quantize_q88_58_28:mux_quantize_q88_42_29 ( bmux_25_28 ) 
           4 quantize_q88_58_28:mux_quantize_q88_40_21 ( bmux_25_28 ) 
        3 gen_out_quant[44].u_out_quant ( fa_out_quant_IN_W48_RECIP_W32_OUT_W16 ) 
           4 mul_27_38 ( mult_signed_57740 ) 
           4 mux_58_18 ( bmux_25_28 ) 
           4 quantize_q88_58_28:gt_40_37 ( gt_unsigned ) 
           4 quantize_q88_58_28:gte_42_45 ( geq_unsigned ) 
           4 quantize_q88_58_28:minus_45_16 ( sub_signed_56980 ) 
           4 quantize_q88_58_28:add_38_34 ( add_unsigned_56982 ) 
           4 quantize_q88_58_28:minus_37_42 ( sub_signed_56984 ) 
           4 quantize_q88_58_28:mux_37_21 ( bmux_56985 ) 
           4 quantize_q88_58_28:mux_quantize_q88_44_20 ( bmux_25_28 ) 
           4 quantize_q88_58_28:mux_quantize_q88_42_29 ( bmux_25_28 ) 
           4 quantize_q88_58_28:mux_quantize_q88_40_21 ( bmux_25_28 ) 
        3 gen_out_quant[45].u_out_quant ( fa_out_quant_IN_W48_RECIP_W32_OUT_W16 ) 
           4 mul_27_38 ( mult_signed_57740 ) 
           4 mux_58_18 ( bmux_25_28 ) 
           4 quantize_q88_58_28:gt_40_37 ( gt_unsigned ) 
           4 quantize_q88_58_28:gte_42_45 ( geq_unsigned ) 
           4 quantize_q88_58_28:minus_45_16 ( sub_signed_56980 ) 
           4 quantize_q88_58_28:add_38_34 ( add_unsigned_56982 ) 
           4 quantize_q88_58_28:minus_37_42 ( sub_signed_56984 ) 
           4 quantize_q88_58_28:mux_37_21 ( bmux_56985 ) 
           4 quantize_q88_58_28:mux_quantize_q88_44_20 ( bmux_25_28 ) 
           4 quantize_q88_58_28:mux_quantize_q88_42_29 ( bmux_25_28 ) 
           4 quantize_q88_58_28:mux_quantize_q88_40_21 ( bmux_25_28 ) 
        3 gen_out_quant[46].u_out_quant ( fa_out_quant_IN_W48_RECIP_W32_OUT_W16 ) 
           4 mul_27_38 ( mult_signed_57740 ) 
           4 mux_58_18 ( bmux_25_28 ) 
           4 quantize_q88_58_28:gt_40_37 ( gt_unsigned ) 
           4 quantize_q88_58_28:gte_42_45 ( geq_unsigned ) 
           4 quantize_q88_58_28:minus_45_16 ( sub_signed_56980 ) 
           4 quantize_q88_58_28:add_38_34 ( add_unsigned_56982 ) 
           4 quantize_q88_58_28:minus_37_42 ( sub_signed_56984 ) 
           4 quantize_q88_58_28:mux_37_21 ( bmux_56985 ) 
           4 quantize_q88_58_28:mux_quantize_q88_44_20 ( bmux_25_28 ) 
           4 quantize_q88_58_28:mux_quantize_q88_42_29 ( bmux_25_28 ) 
           4 quantize_q88_58_28:mux_quantize_q88_40_21 ( bmux_25_28 ) 
        3 gen_out_quant[47].u_out_quant ( fa_out_quant_IN_W48_RECIP_W32_OUT_W16 ) 
           4 mul_27_38 ( mult_signed_57740 ) 
           4 mux_58_18 ( bmux_25_28 ) 
           4 quantize_q88_58_28:gt_40_37 ( gt_unsigned ) 
           4 quantize_q88_58_28:gte_42_45 ( geq_unsigned ) 
           4 quantize_q88_58_28:minus_45_16 ( sub_signed_56980 ) 
           4 quantize_q88_58_28:add_38_34 ( add_unsigned_56982 ) 
           4 quantize_q88_58_28:minus_37_42 ( sub_signed_56984 ) 
           4 quantize_q88_58_28:mux_37_21 ( bmux_56985 ) 
           4 quantize_q88_58_28:mux_quantize_q88_44_20 ( bmux_25_28 ) 
           4 quantize_q88_58_28:mux_quantize_q88_42_29 ( bmux_25_28 ) 
           4 quantize_q88_58_28:mux_quantize_q88_40_21 ( bmux_25_28 ) 
        3 gen_out_quant[48].u_out_quant ( fa_out_quant_IN_W48_RECIP_W32_OUT_W16 ) 
           4 mul_27_38 ( mult_signed_57740 ) 
           4 mux_58_18 ( bmux_25_28 ) 
           4 quantize_q88_58_28:gt_40_37 ( gt_unsigned ) 
           4 quantize_q88_58_28:gte_42_45 ( geq_unsigned ) 
           4 quantize_q88_58_28:minus_45_16 ( sub_signed_56980 ) 
           4 quantize_q88_58_28:add_38_34 ( add_unsigned_56982 ) 
           4 quantize_q88_58_28:minus_37_42 ( sub_signed_56984 ) 
           4 quantize_q88_58_28:mux_37_21 ( bmux_56985 ) 
           4 quantize_q88_58_28:mux_quantize_q88_44_20 ( bmux_25_28 ) 
           4 quantize_q88_58_28:mux_quantize_q88_42_29 ( bmux_25_28 ) 
           4 quantize_q88_58_28:mux_quantize_q88_40_21 ( bmux_25_28 ) 
        3 gen_out_quant[49].u_out_quant ( fa_out_quant_IN_W48_RECIP_W32_OUT_W16 ) 
           4 mul_27_38 ( mult_signed_57740 ) 
           4 mux_58_18 ( bmux_25_28 ) 
           4 quantize_q88_58_28:gt_40_37 ( gt_unsigned ) 
           4 quantize_q88_58_28:gte_42_45 ( geq_unsigned ) 
           4 quantize_q88_58_28:minus_45_16 ( sub_signed_56980 ) 
           4 quantize_q88_58_28:add_38_34 ( add_unsigned_56982 ) 
           4 quantize_q88_58_28:minus_37_42 ( sub_signed_56984 ) 
           4 quantize_q88_58_28:mux_37_21 ( bmux_56985 ) 
           4 quantize_q88_58_28:mux_quantize_q88_44_20 ( bmux_25_28 ) 
           4 quantize_q88_58_28:mux_quantize_q88_42_29 ( bmux_25_28 ) 
           4 quantize_q88_58_28:mux_quantize_q88_40_21 ( bmux_25_28 ) 
        3 gen_out_quant[50].u_out_quant ( fa_out_quant_IN_W48_RECIP_W32_OUT_W16 ) 
           4 mul_27_38 ( mult_signed_57740 ) 
           4 mux_58_18 ( bmux_25_28 ) 
           4 quantize_q88_58_28:gt_40_37 ( gt_unsigned ) 
           4 quantize_q88_58_28:gte_42_45 ( geq_unsigned ) 
           4 quantize_q88_58_28:minus_45_16 ( sub_signed_56980 ) 
           4 quantize_q88_58_28:add_38_34 ( add_unsigned_56982 ) 
           4 quantize_q88_58_28:minus_37_42 ( sub_signed_56984 ) 
           4 quantize_q88_58_28:mux_37_21 ( bmux_56985 ) 
           4 quantize_q88_58_28:mux_quantize_q88_44_20 ( bmux_25_28 ) 
           4 quantize_q88_58_28:mux_quantize_q88_42_29 ( bmux_25_28 ) 
           4 quantize_q88_58_28:mux_quantize_q88_40_21 ( bmux_25_28 ) 
        3 gen_out_quant[51].u_out_quant ( fa_out_quant_IN_W48_RECIP_W32_OUT_W16 ) 
           4 mul_27_38 ( mult_signed_57740 ) 
           4 mux_58_18 ( bmux_25_28 ) 
           4 quantize_q88_58_28:gt_40_37 ( gt_unsigned ) 
           4 quantize_q88_58_28:gte_42_45 ( geq_unsigned ) 
           4 quantize_q88_58_28:minus_45_16 ( sub_signed_56980 ) 
           4 quantize_q88_58_28:add_38_34 ( add_unsigned_56982 ) 
           4 quantize_q88_58_28:minus_37_42 ( sub_signed_56984 ) 
           4 quantize_q88_58_28:mux_37_21 ( bmux_56985 ) 
           4 quantize_q88_58_28:mux_quantize_q88_44_20 ( bmux_25_28 ) 
           4 quantize_q88_58_28:mux_quantize_q88_42_29 ( bmux_25_28 ) 
           4 quantize_q88_58_28:mux_quantize_q88_40_21 ( bmux_25_28 ) 
        3 gen_out_quant[52].u_out_quant ( fa_out_quant_IN_W48_RECIP_W32_OUT_W16 ) 
           4 mul_27_38 ( mult_signed_57740 ) 
           4 mux_58_18 ( bmux_25_28 ) 
           4 quantize_q88_58_28:gt_40_37 ( gt_unsigned ) 
           4 quantize_q88_58_28:gte_42_45 ( geq_unsigned ) 
           4 quantize_q88_58_28:minus_45_16 ( sub_signed_56980 ) 
           4 quantize_q88_58_28:add_38_34 ( add_unsigned_56982 ) 
           4 quantize_q88_58_28:minus_37_42 ( sub_signed_56984 ) 
           4 quantize_q88_58_28:mux_37_21 ( bmux_56985 ) 
           4 quantize_q88_58_28:mux_quantize_q88_44_20 ( bmux_25_28 ) 
           4 quantize_q88_58_28:mux_quantize_q88_42_29 ( bmux_25_28 ) 
           4 quantize_q88_58_28:mux_quantize_q88_40_21 ( bmux_25_28 ) 
        3 gen_out_quant[53].u_out_quant ( fa_out_quant_IN_W48_RECIP_W32_OUT_W16 ) 
           4 mul_27_38 ( mult_signed_57740 ) 
           4 mux_58_18 ( bmux_25_28 ) 
           4 quantize_q88_58_28:gt_40_37 ( gt_unsigned ) 
           4 quantize_q88_58_28:gte_42_45 ( geq_unsigned ) 
           4 quantize_q88_58_28:minus_45_16 ( sub_signed_56980 ) 
           4 quantize_q88_58_28:add_38_34 ( add_unsigned_56982 ) 
           4 quantize_q88_58_28:minus_37_42 ( sub_signed_56984 ) 
           4 quantize_q88_58_28:mux_37_21 ( bmux_56985 ) 
           4 quantize_q88_58_28:mux_quantize_q88_44_20 ( bmux_25_28 ) 
           4 quantize_q88_58_28:mux_quantize_q88_42_29 ( bmux_25_28 ) 
           4 quantize_q88_58_28:mux_quantize_q88_40_21 ( bmux_25_28 ) 
        3 gen_out_quant[54].u_out_quant ( fa_out_quant_IN_W48_RECIP_W32_OUT_W16 ) 
           4 mul_27_38 ( mult_signed_57740 ) 
           4 mux_58_18 ( bmux_25_28 ) 
           4 quantize_q88_58_28:gt_40_37 ( gt_unsigned ) 
           4 quantize_q88_58_28:gte_42_45 ( geq_unsigned ) 
           4 quantize_q88_58_28:minus_45_16 ( sub_signed_56980 ) 
           4 quantize_q88_58_28:add_38_34 ( add_unsigned_56982 ) 
           4 quantize_q88_58_28:minus_37_42 ( sub_signed_56984 ) 
           4 quantize_q88_58_28:mux_37_21 ( bmux_56985 ) 
           4 quantize_q88_58_28:mux_quantize_q88_44_20 ( bmux_25_28 ) 
           4 quantize_q88_58_28:mux_quantize_q88_42_29 ( bmux_25_28 ) 
           4 quantize_q88_58_28:mux_quantize_q88_40_21 ( bmux_25_28 ) 
        3 gen_out_quant[55].u_out_quant ( fa_out_quant_IN_W48_RECIP_W32_OUT_W16 ) 
           4 mul_27_38 ( mult_signed_57740 ) 
           4 mux_58_18 ( bmux_25_28 ) 
           4 quantize_q88_58_28:gt_40_37 ( gt_unsigned ) 
           4 quantize_q88_58_28:gte_42_45 ( geq_unsigned ) 
           4 quantize_q88_58_28:minus_45_16 ( sub_signed_56980 ) 
           4 quantize_q88_58_28:add_38_34 ( add_unsigned_56982 ) 
           4 quantize_q88_58_28:minus_37_42 ( sub_signed_56984 ) 
           4 quantize_q88_58_28:mux_37_21 ( bmux_56985 ) 
           4 quantize_q88_58_28:mux_quantize_q88_44_20 ( bmux_25_28 ) 
           4 quantize_q88_58_28:mux_quantize_q88_42_29 ( bmux_25_28 ) 
           4 quantize_q88_58_28:mux_quantize_q88_40_21 ( bmux_25_28 ) 
        3 gen_out_quant[56].u_out_quant ( fa_out_quant_IN_W48_RECIP_W32_OUT_W16 ) 
           4 mul_27_38 ( mult_signed_57740 ) 
           4 mux_58_18 ( bmux_25_28 ) 
           4 quantize_q88_58_28:gt_40_37 ( gt_unsigned ) 
           4 quantize_q88_58_28:gte_42_45 ( geq_unsigned ) 
           4 quantize_q88_58_28:minus_45_16 ( sub_signed_56980 ) 
           4 quantize_q88_58_28:add_38_34 ( add_unsigned_56982 ) 
           4 quantize_q88_58_28:minus_37_42 ( sub_signed_56984 ) 
           4 quantize_q88_58_28:mux_37_21 ( bmux_56985 ) 
           4 quantize_q88_58_28:mux_quantize_q88_44_20 ( bmux_25_28 ) 
           4 quantize_q88_58_28:mux_quantize_q88_42_29 ( bmux_25_28 ) 
           4 quantize_q88_58_28:mux_quantize_q88_40_21 ( bmux_25_28 ) 
        3 gen_out_quant[57].u_out_quant ( fa_out_quant_IN_W48_RECIP_W32_OUT_W16 ) 
           4 mul_27_38 ( mult_signed_57740 ) 
           4 mux_58_18 ( bmux_25_28 ) 
           4 quantize_q88_58_28:gt_40_37 ( gt_unsigned ) 
           4 quantize_q88_58_28:gte_42_45 ( geq_unsigned ) 
           4 quantize_q88_58_28:minus_45_16 ( sub_signed_56980 ) 
           4 quantize_q88_58_28:add_38_34 ( add_unsigned_56982 ) 
           4 quantize_q88_58_28:minus_37_42 ( sub_signed_56984 ) 
           4 quantize_q88_58_28:mux_37_21 ( bmux_56985 ) 
           4 quantize_q88_58_28:mux_quantize_q88_44_20 ( bmux_25_28 ) 
           4 quantize_q88_58_28:mux_quantize_q88_42_29 ( bmux_25_28 ) 
           4 quantize_q88_58_28:mux_quantize_q88_40_21 ( bmux_25_28 ) 
        3 gen_out_quant[58].u_out_quant ( fa_out_quant_IN_W48_RECIP_W32_OUT_W16 ) 
           4 mul_27_38 ( mult_signed_57740 ) 
           4 mux_58_18 ( bmux_25_28 ) 
           4 quantize_q88_58_28:gt_40_37 ( gt_unsigned ) 
           4 quantize_q88_58_28:gte_42_45 ( geq_unsigned ) 
           4 quantize_q88_58_28:minus_45_16 ( sub_signed_56980 ) 
           4 quantize_q88_58_28:add_38_34 ( add_unsigned_56982 ) 
           4 quantize_q88_58_28:minus_37_42 ( sub_signed_56984 ) 
           4 quantize_q88_58_28:mux_37_21 ( bmux_56985 ) 
           4 quantize_q88_58_28:mux_quantize_q88_44_20 ( bmux_25_28 ) 
           4 quantize_q88_58_28:mux_quantize_q88_42_29 ( bmux_25_28 ) 
           4 quantize_q88_58_28:mux_quantize_q88_40_21 ( bmux_25_28 ) 
        3 gen_out_quant[59].u_out_quant ( fa_out_quant_IN_W48_RECIP_W32_OUT_W16 ) 
           4 mul_27_38 ( mult_signed_57740 ) 
           4 mux_58_18 ( bmux_25_28 ) 
           4 quantize_q88_58_28:gt_40_37 ( gt_unsigned ) 
           4 quantize_q88_58_28:gte_42_45 ( geq_unsigned ) 
           4 quantize_q88_58_28:minus_45_16 ( sub_signed_56980 ) 
           4 quantize_q88_58_28:add_38_34 ( add_unsigned_56982 ) 
           4 quantize_q88_58_28:minus_37_42 ( sub_signed_56984 ) 
           4 quantize_q88_58_28:mux_37_21 ( bmux_56985 ) 
           4 quantize_q88_58_28:mux_quantize_q88_44_20 ( bmux_25_28 ) 
           4 quantize_q88_58_28:mux_quantize_q88_42_29 ( bmux_25_28 ) 
           4 quantize_q88_58_28:mux_quantize_q88_40_21 ( bmux_25_28 ) 
        3 gen_out_quant[60].u_out_quant ( fa_out_quant_IN_W48_RECIP_W32_OUT_W16 ) 
           4 mul_27_38 ( mult_signed_57740 ) 
           4 mux_58_18 ( bmux_25_28 ) 
           4 quantize_q88_58_28:gt_40_37 ( gt_unsigned ) 
           4 quantize_q88_58_28:gte_42_45 ( geq_unsigned ) 
           4 quantize_q88_58_28:minus_45_16 ( sub_signed_56980 ) 
           4 quantize_q88_58_28:add_38_34 ( add_unsigned_56982 ) 
           4 quantize_q88_58_28:minus_37_42 ( sub_signed_56984 ) 
           4 quantize_q88_58_28:mux_37_21 ( bmux_56985 ) 
           4 quantize_q88_58_28:mux_quantize_q88_44_20 ( bmux_25_28 ) 
           4 quantize_q88_58_28:mux_quantize_q88_42_29 ( bmux_25_28 ) 
           4 quantize_q88_58_28:mux_quantize_q88_40_21 ( bmux_25_28 ) 
        3 gen_out_quant[61].u_out_quant ( fa_out_quant_IN_W48_RECIP_W32_OUT_W16 ) 
           4 mul_27_38 ( mult_signed_57740 ) 
           4 mux_58_18 ( bmux_25_28 ) 
           4 quantize_q88_58_28:gt_40_37 ( gt_unsigned ) 
           4 quantize_q88_58_28:gte_42_45 ( geq_unsigned ) 
           4 quantize_q88_58_28:minus_45_16 ( sub_signed_56980 ) 
           4 quantize_q88_58_28:add_38_34 ( add_unsigned_56982 ) 
           4 quantize_q88_58_28:minus_37_42 ( sub_signed_56984 ) 
           4 quantize_q88_58_28:mux_37_21 ( bmux_56985 ) 
           4 quantize_q88_58_28:mux_quantize_q88_44_20 ( bmux_25_28 ) 
           4 quantize_q88_58_28:mux_quantize_q88_42_29 ( bmux_25_28 ) 
           4 quantize_q88_58_28:mux_quantize_q88_40_21 ( bmux_25_28 ) 
        3 gen_out_quant[62].u_out_quant ( fa_out_quant_IN_W48_RECIP_W32_OUT_W16 ) 
           4 mul_27_38 ( mult_signed_57740 ) 
           4 mux_58_18 ( bmux_25_28 ) 
           4 quantize_q88_58_28:gt_40_37 ( gt_unsigned ) 
           4 quantize_q88_58_28:gte_42_45 ( geq_unsigned ) 
           4 quantize_q88_58_28:minus_45_16 ( sub_signed_56980 ) 
           4 quantize_q88_58_28:add_38_34 ( add_unsigned_56982 ) 
           4 quantize_q88_58_28:minus_37_42 ( sub_signed_56984 ) 
           4 quantize_q88_58_28:mux_37_21 ( bmux_56985 ) 
           4 quantize_q88_58_28:mux_quantize_q88_44_20 ( bmux_25_28 ) 
           4 quantize_q88_58_28:mux_quantize_q88_42_29 ( bmux_25_28 ) 
           4 quantize_q88_58_28:mux_quantize_q88_40_21 ( bmux_25_28 ) 
        3 gen_out_quant[63].u_out_quant ( fa_out_quant_IN_W48_RECIP_W32_OUT_W16 ) 
           4 mul_27_38 ( mult_signed_57740 ) 
           4 mux_58_18 ( bmux_25_28 ) 
           4 quantize_q88_58_28:gt_40_37 ( gt_unsigned ) 
           4 quantize_q88_58_28:gte_42_45 ( geq_unsigned ) 
           4 quantize_q88_58_28:minus_45_16 ( sub_signed_56980 ) 
           4 quantize_q88_58_28:add_38_34 ( add_unsigned_56982 ) 
           4 quantize_q88_58_28:minus_37_42 ( sub_signed_56984 ) 
           4 quantize_q88_58_28:mux_37_21 ( bmux_56985 ) 
           4 quantize_q88_58_28:mux_quantize_q88_44_20 ( bmux_25_28 ) 
           4 quantize_q88_58_28:mux_quantize_q88_42_29 ( bmux_25_28 ) 
           4 quantize_q88_58_28:mux_quantize_q88_40_21 ( bmux_25_28 ) 
        3 mux_71_30 ( bmux_7024 ) 
        3 mux_71_262 ( bmux_7024 ) 
        3 mux_71_263 ( bmux_7024 ) 
        3 mux_71_264 ( bmux_7024 ) 
        3 mux_71_265 ( bmux_7024 ) 
        3 mux_71_266 ( bmux_7024 ) 
        3 mux_71_267 ( bmux_7024 ) 
        3 mux_71_268 ( bmux_7024 ) 
        3 mux_71_269 ( bmux_7024 ) 
        3 mux_71_270 ( bmux_7024 ) 
        3 mux_71_271 ( bmux_7024 ) 
        3 mux_71_272 ( bmux_7024 ) 
        3 mux_71_273 ( bmux_7024 ) 
        3 mux_71_274 ( bmux_7024 ) 
        3 mux_71_275 ( bmux_7024 ) 
        3 mux_71_276 ( bmux_7024 ) 
        3 mux_71_277 ( bmux_7024 ) 
        3 mux_71_278 ( bmux_7024 ) 
        3 mux_71_279 ( bmux_7024 ) 
        3 mux_71_280 ( bmux_7024 ) 
        3 mux_71_281 ( bmux_7024 ) 
        3 mux_71_282 ( bmux_7024 ) 
        3 mux_71_283 ( bmux_7024 ) 
        3 mux_71_284 ( bmux_7024 ) 
        3 mux_71_285 ( bmux_7024 ) 
        3 mux_71_286 ( bmux_7024 ) 
        3 mux_71_287 ( bmux_7024 ) 
        3 mux_71_288 ( bmux_7024 ) 
        3 mux_71_289 ( bmux_7024 ) 
        3 mux_71_290 ( bmux_7024 ) 
        3 mux_71_291 ( bmux_7024 ) 
        3 mux_71_292 ( bmux_7024 ) 
        3 mux_71_293 ( bmux_7024 ) 
        3 mux_71_294 ( bmux_7024 ) 
        3 mux_71_295 ( bmux_7024 ) 
        3 mux_71_296 ( bmux_7024 ) 
        3 mux_71_297 ( bmux_7024 ) 
        3 mux_71_298 ( bmux_7024 ) 
        3 mux_71_299 ( bmux_7024 ) 
        3 mux_71_300 ( bmux_7024 ) 
        3 mux_71_301 ( bmux_7024 ) 
        3 mux_71_302 ( bmux_7024 ) 
        3 mux_71_303 ( bmux_7024 ) 
        3 mux_71_304 ( bmux_7024 ) 
        3 mux_71_305 ( bmux_7024 ) 
        3 mux_71_306 ( bmux_7024 ) 
        3 mux_71_307 ( bmux_7024 ) 
        3 mux_71_308 ( bmux_7024 ) 
        3 mux_71_309 ( bmux_7024 ) 
        3 mux_71_310 ( bmux_7024 ) 
        3 mux_71_311 ( bmux_7024 ) 
        3 mux_71_312 ( bmux_7024 ) 
        3 mux_71_313 ( bmux_7024 ) 
        3 mux_71_314 ( bmux_7024 ) 
        3 mux_71_315 ( bmux_7024 ) 
        3 mux_71_316 ( bmux_7024 ) 
        3 mux_71_317 ( bmux_7024 ) 
        3 mux_71_318 ( bmux_7024 ) 
        3 mux_71_319 ( bmux_7024 ) 
        3 mux_71_320 ( bmux_7024 ) 
        3 mux_71_321 ( bmux_7024 ) 
        3 mux_71_322 ( bmux_7024 ) 
        3 mux_71_323 ( bmux_7024 ) 
        3 mux_71_324 ( bmux_7024 ) 
  1 u_dma_rd ( fa_dma_rd_DATA_W128 ) 
     2 lt_49_35 ( lt_unsigned_58141 ) 
     2 sub_109_42 ( sub_unsigned_58145 ) 
     2 gt_79_47 ( gt_unsigned_58150 ) 
     2 add_111_34 ( add_unsigned_58154 ) 
     2 sub_87_43 ( sub_unsigned_58156 ) 
     2 add_110_30 ( add_unsigned_58158 ) 
     2 mux_active_79_33 ( bmux_10_24 ) 
     2 mux_active_98_13 ( bmux_10_24 ) 
     2 mux_active_97_21 ( bmux_10_24 ) 
     2 mux_ar_done_92_25 ( bmux_10_24 ) 
     2 mux_ar_done_98_13 ( bmux_10_24 ) 
     2 mux_ar_done_97_21 ( bmux_10_24 ) 
     2 mux_r_count_106_24 ( bmux_58159 ) 
     2 mux_byte_count_106_24 ( bmux_5_22 ) 
     2 mux_error_79_33 ( bmux_10_24 ) 
     2 mux_done_70_21 ( bmux_10_24 ) 
     2 mux_done_98_13 ( bmux_10_24 ) 
     2 mux_done_97_21 ( bmux_10_24 ) 
     2 mux_out_last_106_24 ( bmux_10_24 ) 
  1 u_dma_wr ( fa_dma_wr_DATA_W128 ) 
     2 gt_93_47 ( gt_unsigned_58150 ) 
     2 lt_54_46 ( lt_unsigned_58141 ) 
     2 add_124_34 ( add_unsigned_58154 ) 
     2 sub_101_43 ( sub_unsigned_58156 ) 
     2 add_115_32 ( add_unsigned_58158 ) 
     2 add_123_31 ( add_unsigned_58158 ) 
     2 sub_114_44 ( sub_unsigned_58145 ) 
     2 mux_m_axi_awvalid_93_33 ( bmux_10_24 ) 
     2 mux_w_count_121_24 ( bmux_58159 ) 
     2 mux_byte_count_121_24 ( bmux_5_22 ) 
     2 mux_error_93_33 ( bmux_10_24 ) 
     2 mux_error_111_20 ( bmux_10_24 ) 
     2 mux_error_131_25 ( bmux_10_24 ) 
     2 mux_error_127_24 ( bmux_10_24 ) 
     2 mux_done_84_21 ( bmux_10_24 ) 
     2 mux_in_count_111_20 ( bmux_58159 ) 
  1 add_495_26 ( add_unsigned ) 
  1 top_row_addr_322_52:add_187_27 ( add_unsigned_58259 ) 
  1 top_row_addr_322_52:mul_187_38 ( mult_unsigned_58386 ) 
  1 top_row_addr_324_52:add_187_27 ( add_unsigned_58259 ) 
  1 top_row_addr_324_52:mul_187_38 ( mult_unsigned_58386 ) 
  1 top_row_addr_326_52:add_187_27 ( add_unsigned_58259 ) 
  1 top_row_addr_357_25:add_187_27 ( add_unsigned_58259 ) 
  1 add_691_57 ( add_unsigned_52 ) 
  1 add_650_68 ( add_unsigned_58805 ) 
  1 add_655_66 ( add_unsigned_52 ) 
  1 add_656_56 ( add_unsigned_52 ) 
  1 add_637_60 ( add_unsigned_58811 ) 
  1 add_682_56 ( add_unsigned_98 ) 
  1 gt_374_34 ( gt_unsigned_58816 ) 
  1 sub_375_34 ( sub_unsigned_58818 ) 
  1 add_369_32 ( add_unsigned_58820 ) 
  1 gt_371_42 ( gt_unsigned_58816 ) 
  1 mux_top_state_516_17 ( bmux_61 ) 
  1 mux_356_36 ( bmux_28_29 ) 
  1 mux_367_37 ( bmux ) 
  1 mux_371_42 ( bmux ) 
  1 mux_374_34 ( bmux ) 
  1 mux_compute_o_row[sll_335_46_I1]_335_11 ( bmux_58829 ) 
  1 mux_compute_o_row[add_335_63_I2]_335_11 ( bmux_58829 ) 
  1 mux_compute_o_row[add_335_63_I3]_335_11 ( bmux_58829 ) 
  1 mux_compute_o_row[add_335_63_I4]_335_11 ( bmux_58829 ) 
  1 mux_compute_o_row[add_335_63_I5]_335_11 ( bmux_58829 ) 
  1 mux_compute_o_row[add_335_63_I6]_335_11 ( bmux_58829 ) 
  1 mux_compute_o_row[add_335_63_I7]_335_11 ( bmux_58829 ) 
  1 mux_compute_o_row[add_335_63_I8]_335_11 ( bmux_58829 ) 
  1 mux_358_36 ( bmux_58183 ) 
  1 mux_360_36 ( bmux_10_24 ) 
  1 mux_362_36 ( bmux_10_24 ) 
  1 ctl_top_state_320_18 ( case_box_911 ) 
  1 mux_compute_rd_addr_320_18 ( mux_58840 ) 
  1 mux_345_69 ( bmux_28_29 ) 
  1 mux_350_36 ( bmux_10_24 ) 
  1 mux_349_36 ( bmux_10_24 ) 
  1 mux_348_36 ( bmux_10_24 ) 
  1 mux_top_state_568_26 ( bmux_61 ) 
  1 mux_top_state_661_17 ( bmux_10_24 ) 
  1 mux_top_state_688_40 ( bmux_59 ) 
  1 mux_top_state_685_17 ( bmux_59 ) 
  1 mux_busy_501_15 ( bmux_10_24 ) 
  1 ctl_top_state_498_20 ( case_box_912 ) 
  1 mux_busy_498_20 ( mux_58850 ) 
  1 mux_cycles_501_15 ( bmux_5_22 ) 
  1 mux_cycles_498_20 ( mux_70 ) 
  1 mux_done_552_24 ( bmux_10_24 ) 
  1 mux_error_498_20 ( mux_58854 ) 
  1 mux_done_703_15 ( bmux_10_24 ) 
  1 mux_done_498_20 ( mux_58850 ) 
  1 mux_compute_wr_beat_idx_498_20 ( mux_58857 ) 
  1 mux_top_dma_smoke_wr_issued_498_20 ( mux ) 
  1 mux_compute_key_in_tile_idx_593_26 ( bmux ) 
  1 mux_compute_kv_tile_base_idx_498_20 ( mux_82 ) 
  1 mux_compute_key_in_tile_idx_498_20 ( mux_58869 ) 
  1 mux_compute_k_idx_593_26 ( bmux ) 
  1 mux_compute_k_idx_649_17 ( bmux ) 
  1 mux_compute_k_idx_498_20 ( mux_58869 ) 
  1 mux_compute_q_idx_498_20 ( mux_79 ) 
  1 mux_top_dma_smoke_rd_done_seen_498_20 ( mux ) 
  1 mux_top_state_593_26 ( bmux_59 ) 
  1 mux_top_state_588_26 ( bmux_4_21 ) 
  1 mux_top_state_618_26 ( bmux_10_24 ) 
  1 mux_top_state_613_26 ( bmux_59 ) 
  1 mux_compute_buffer_wait_q_633_37 ( bmux_61 ) 
  1 mux_compute_buffer_wait_q_498_20 ( mux_59023 ) 
  1 mux_top_state_649_17 ( bmux_61 ) 
  1 mux_top_state_648_15 ( bmux_4_21 ) 
  1 mux_top_state_498_20 ( bmux_59028 ) 
