============================================================
  Generated by:           Genus(TM) Synthesis Solution 25.12-s067_1
  Generated on:           Jul 01 2026  09:32:56 pm
  Module:                 fa_accel_top
  Technology libraries:   sky130_fd_sc_hs__tt_025C_1v80 1.0000000000
                          sky130_sram_0kbytes_1rw1r_32x64_8_TT_1p8V_25C_lib 
                          sky130_sram_0kbytes_1rw1r_48x16_8_TT_1p8V_25C_lib 
                          physical_cells 
  Operating conditions:   typ 
  Interconnect mode:      global
  Area mode:              physical library
============================================================

Timing
--------

Clock Period 
-------------
clk   5000.0 


  Cost    Critical               Violating 
 Group   Path Slack     TNS        Paths   
-------------------------------------------
clk          -771.5   -531790.3       2020 
default    No paths         0.0            
-------------------------------------------
Total                 -531790.3       2020 

Instance Count
--------------
Leaf Instance Count             740141 
Physical Instance count              0 
Sequential Instance Count        23873 
Combinational Instance Count    716268 
Hierarchical Instance Count        469 

Area
----
Cell Area                          20756352.755
Physical Cell Area                 0.000
Total Cell Area (Cell+Physical)    20756352.755
Net Area                           9627.454
Total Area (Cell+Physical+Net)     20765980.209

Max Fanout                         23969 (clk)
Min Fanout                         0 (n_13593)
Average Fanout                     2.6
Terms to net ratio                 3.7098
Terms to instance ratio            3.8094
Runtime                            7765.142565 seconds
Elapsed Runtime                    9679 seconds
Genus peak memory usage            11384.04 
Innovus peak memory usage          no_value 
Hostname                           sh02lo02
