TMPDIR is being set to /tmp/genus_temp_993488_2799c4e2-8e55-4c3c-9064-7d35bbe1601a_sh02lo01_hujinzhao_MBICkM
Cadence Genus(TM) Synthesis Solution.
Copyright 2025 Cadence Design Systems, Inc. All rights reserved worldwide.
Cadence and the Cadence logo are registered trademarks and Genus is a trademark
of Cadence Design Systems, Inc. in the United States and other countries.

[00:20:57.060273] Configured Lic search path (25.01-s002): 5280@sh02lo01

Version: 25.12-s067_1, built Sun Nov 16 21:10:10 PST 2025
Options: -batch -files /home/hujinzhao/pro/genus_bs2 _300m/SYN/run_fa_accel_sky130_sram.tcl 
Date:    Tue Jul 07 00:20:57 2026
Host:    sh02lo01 (x86_64 w/Linux 4.18.0-477.10.1.el8_8.x86_64) (18cores*36cpus*2physical cpus*Intel(R) Xeon(R) Gold 6140 CPU @ 2.30GHz 25344KB) (1056000372KB)
PID:     993488
OS:      Red Hat Enterprise Linux 8.8 (Ootpa)

Checking out license: Genus_Synthesis
[00:20:57.121619] Periodic Lic check successful
[00:20:57.121633] Feature usage summary:
[00:20:57.121634] Genus_Synthesis  
License checkout complete (0 seconds elapsed).


***********************************************************************************************************
***********************************************************************************************************



Finished executable startup (10 seconds elapsed).

Loading tool scripts...
Finished loading tool scripts (32 seconds elapsed).

#@ Processing -files option
@genus:root: 1> source /home/hujinzhao/pro/genus_bs2
File '/home/hujinzhao/pro/genus_bs2' cannot be opened for reading.
1
Encountered problems processing file: /home/hujinzhao/pro/genus_bs2
#@ Processing -files option
@genus:root: 2> source _300m/SYN/run_fa_accel_sky130_sram.tcl
File '_300m/SYN/run_fa_accel_sky130_sram.tcl' does not exist.
Encountered problems processing file: _300m/SYN/run_fa_accel_sky130_sram.tcl

Lic Summary:
[00:21:30.089824] Cdslmd servers: sh02lo01
[00:21:30.089840] Feature usage summary:
[00:21:30.089841] Genus_Synthesis  
Normal exit.
