

 	 Check Design Report (c)
	 ------------------- 

 Summary
 ------- 

              Name                       Total
----------------------------------------------
Unresolved References                        0
Empty Modules                                0
Unloaded Port(s)                             0
Unloaded Sequential Pin(s)                3298
Unloaded Combinational Pin(s)             5164
Assigns                                    102
Undriven Port(s)                             0
Undriven Leaf Pin(s)                         0
Undriven hierarchical pin(s)                 0
Multidriven Port(s)                          0
Multidriven Leaf Pin(s)                      0
Multidriven hierarchical Pin(s)              0
Multidriven unloaded net(s)                  0
Constant Port(s)                            26
Constant Leaf Pin(s)                      1030
Constant hierarchical Pin(s)             26819
Preserved leaf instance(s)                  96
Preserved hierarchical instance(s)           0
Feedthrough Modules(s)                       1
Libcells with no LEF cell                    0
Physical (LEF) cells with no libcell        14
Subdesigns with long module name             0
Physical only instance(s)                    0
Logical only instance(s)                     0

  Done Checking the design.
