ENABLED NEW REPORT GATE CMD
============================================================
  Generated by:           Genus(TM) Synthesis Solution 25.12-s067_1
  Generated on:           Jul 02 2026  08:31:40 am
  Operating conditions:   typ 
  Interconnect mode:      placement
  Area mode:              physical library
============================================================

                                                                                                            
               Gate                Instances     Area                          Library                      
------------------------------------------------------------------------------------------------------------
sky130_fd_sc_hs__a2111o_1                  5       71.928                     sky130_fd_sc_hs__tt_025C_1v80 
sky130_fd_sc_hs__a2111oi_1                23      257.342                     sky130_fd_sc_hs__tt_025C_1v80 
sky130_fd_sc_hs__a2111oi_2                 3       57.542                     sky130_fd_sc_hs__tt_025C_1v80 
sky130_fd_sc_hs__a211o_1                  28      358.042                     sky130_fd_sc_hs__tt_025C_1v80 
sky130_fd_sc_hs__a211o_2                   3       38.362                     sky130_fd_sc_hs__tt_025C_1v80 
sky130_fd_sc_hs__a211o_4                   1       23.976                     sky130_fd_sc_hs__tt_025C_1v80 
sky130_fd_sc_hs__a211oi_1                509     4881.514                     sky130_fd_sc_hs__tt_025C_1v80 
sky130_fd_sc_hs__a211oi_2                 48      767.232                     sky130_fd_sc_hs__tt_025C_1v80 
sky130_fd_sc_hs__a211oi_4                  4      115.085                     sky130_fd_sc_hs__tt_025C_1v80 
sky130_fd_sc_hs__a21bo_1                 780     9974.016                     sky130_fd_sc_hs__tt_025C_1v80 
sky130_fd_sc_hs__a21bo_2                 995    12723.264                     sky130_fd_sc_hs__tt_025C_1v80 
sky130_fd_sc_hs__a21bo_4                 594    12342.845                     sky130_fd_sc_hs__tt_025C_1v80 
sky130_fd_sc_hs__a21boi_1               1326    14836.349                     sky130_fd_sc_hs__tt_025C_1v80 
sky130_fd_sc_hs__a21boi_2                939    13508.078                     sky130_fd_sc_hs__tt_025C_1v80 
sky130_fd_sc_hs__a21boi_4                120     3068.928                     sky130_fd_sc_hs__tt_025C_1v80 
sky130_fd_sc_hs__a21o_1                 1687    18875.506                     sky130_fd_sc_hs__tt_025C_1v80 
sky130_fd_sc_hs__a21o_2                 1747    19546.834                     sky130_fd_sc_hs__tt_025C_1v80 
sky130_fd_sc_hs__a21o_4                  608    11661.926                     sky130_fd_sc_hs__tt_025C_1v80 
sky130_fd_sc_hs__a21oi_1                5207    33291.475                     sky130_fd_sc_hs__tt_025C_1v80 
sky130_fd_sc_hs__a21oi_2                 623     7966.426                     sky130_fd_sc_hs__tt_025C_1v80 
sky130_fd_sc_hs__a21oi_4                 350     7272.720                     sky130_fd_sc_hs__tt_025C_1v80 
sky130_fd_sc_hs__a221o_1                  58      834.365                     sky130_fd_sc_hs__tt_025C_1v80 
sky130_fd_sc_hs__a221o_2                  14      201.398                     sky130_fd_sc_hs__tt_025C_1v80 
sky130_fd_sc_hs__a221oi_1                219     2800.397                     sky130_fd_sc_hs__tt_025C_1v80 
sky130_fd_sc_hs__a221oi_2                  1       19.181                     sky130_fd_sc_hs__tt_025C_1v80 
sky130_fd_sc_hs__a221oi_4                  1       35.165                     sky130_fd_sc_hs__tt_025C_1v80 
sky130_fd_sc_hs__a222o_1                 314     5018.976                     sky130_fd_sc_hs__tt_025C_1v80 
sky130_fd_sc_hs__a222o_2                   1       17.582                     sky130_fd_sc_hs__tt_025C_1v80 
sky130_fd_sc_hs__a222oi_1                377     5423.371                     sky130_fd_sc_hs__tt_025C_1v80 
sky130_fd_sc_hs__a222oi_2                  1       22.378                     sky130_fd_sc_hs__tt_025C_1v80 
sky130_fd_sc_hs__a22o_1                 9498   106271.222                     sky130_fd_sc_hs__tt_025C_1v80 
sky130_fd_sc_hs__a22o_2                  349     4462.733                     sky130_fd_sc_hs__tt_025C_1v80 
sky130_fd_sc_hs__a22o_4                  847    20307.672                     sky130_fd_sc_hs__tt_025C_1v80 
sky130_fd_sc_hs__a22oi_1                4133    39637.123                     sky130_fd_sc_hs__tt_025C_1v80 
sky130_fd_sc_hs__a22oi_2                 307     4907.088                     sky130_fd_sc_hs__tt_025C_1v80 
sky130_fd_sc_hs__a22oi_4                 325     8831.160                     sky130_fd_sc_hs__tt_025C_1v80 
sky130_fd_sc_hs__a2bb2o_1               2532    36424.339                     sky130_fd_sc_hs__tt_025C_1v80 
sky130_fd_sc_hs__a2bb2o_2                168     2685.312                     sky130_fd_sc_hs__tt_025C_1v80 
sky130_fd_sc_hs__a2bb2o_4                132     3164.832                     sky130_fd_sc_hs__tt_025C_1v80 
sky130_fd_sc_hs__a2bb2oi_1              2136    23899.277                     sky130_fd_sc_hs__tt_025C_1v80 
sky130_fd_sc_hs__a2bb2oi_2               742    13046.141                     sky130_fd_sc_hs__tt_025C_1v80 
sky130_fd_sc_hs__a2bb2oi_4                52     1496.102                     sky130_fd_sc_hs__tt_025C_1v80 
sky130_fd_sc_hs__a311o_1                  15      191.808                     sky130_fd_sc_hs__tt_025C_1v80 
sky130_fd_sc_hs__a311oi_1                  2       22.378                     sky130_fd_sc_hs__tt_025C_1v80 
sky130_fd_sc_hs__a31o_1                  101     1130.069                     sky130_fd_sc_hs__tt_025C_1v80 
sky130_fd_sc_hs__a31o_2                    2       25.574                     sky130_fd_sc_hs__tt_025C_1v80 
sky130_fd_sc_hs__a31oi_1                 835     8007.984                     sky130_fd_sc_hs__tt_025C_1v80 
sky130_fd_sc_hs__a31oi_2                 152     2186.611                     sky130_fd_sc_hs__tt_025C_1v80 
sky130_fd_sc_hs__a31oi_4                   1       28.771                     sky130_fd_sc_hs__tt_025C_1v80 
sky130_fd_sc_hs__a32o_1                  152     1943.654                     sky130_fd_sc_hs__tt_025C_1v80 
sky130_fd_sc_hs__a32oi_1                 665     7440.552                     sky130_fd_sc_hs__tt_025C_1v80 
sky130_fd_sc_hs__a32oi_2                  12      249.350                     sky130_fd_sc_hs__tt_025C_1v80 
sky130_fd_sc_hs__a32oi_4                   1       35.165                     sky130_fd_sc_hs__tt_025C_1v80 
sky130_fd_sc_hs__a41oi_1                   5       55.944                     sky130_fd_sc_hs__tt_025C_1v80 
sky130_fd_sc_hs__a41oi_2                   1       19.181                     sky130_fd_sc_hs__tt_025C_1v80 
sky130_fd_sc_hs__and2_1                 6816    54473.472                     sky130_fd_sc_hs__tt_025C_1v80 
sky130_fd_sc_hs__and2_2                15390   122996.880                     sky130_fd_sc_hs__tt_025C_1v80 
sky130_fd_sc_hs__and2_4                 2842    40883.875                     sky130_fd_sc_hs__tt_025C_1v80 
sky130_fd_sc_hs__and2b_1                 183     2047.550                     sky130_fd_sc_hs__tt_025C_1v80 
sky130_fd_sc_hs__and2b_2                 264     2953.843                     sky130_fd_sc_hs__tt_025C_1v80 
sky130_fd_sc_hs__and2b_4                 312     4987.008                     sky130_fd_sc_hs__tt_025C_1v80 
sky130_fd_sc_hs__and3_1                  313     3001.795                     sky130_fd_sc_hs__tt_025C_1v80 
sky130_fd_sc_hs__and3_2                  116     1297.901                     sky130_fd_sc_hs__tt_025C_1v80 
sky130_fd_sc_hs__and3_4                   25      479.520                     sky130_fd_sc_hs__tt_025C_1v80 
sky130_fd_sc_hs__and3b_1                 208     2659.738                     sky130_fd_sc_hs__tt_025C_1v80 
sky130_fd_sc_hs__and3b_2                   3       43.157                     sky130_fd_sc_hs__tt_025C_1v80 
sky130_fd_sc_hs__and3b_4                   4       89.510                     sky130_fd_sc_hs__tt_025C_1v80 
sky130_fd_sc_hs__and4_1                   46      514.685                     sky130_fd_sc_hs__tt_025C_1v80 
sky130_fd_sc_hs__and4_2                    2       25.574                     sky130_fd_sc_hs__tt_025C_1v80 
sky130_fd_sc_hs__and4_4                   10      223.776                     sky130_fd_sc_hs__tt_025C_1v80 
sky130_fd_sc_hs__and4b_1                  47      676.123                     sky130_fd_sc_hs__tt_025C_1v80 
sky130_fd_sc_hs__and4b_2                   9      129.470                     sky130_fd_sc_hs__tt_025C_1v80 
sky130_fd_sc_hs__and4bb_1                139     2221.776                     sky130_fd_sc_hs__tt_025C_1v80 
sky130_fd_sc_hs__and4bb_2                 15      263.736                     sky130_fd_sc_hs__tt_025C_1v80 
sky130_fd_sc_hs__and4bb_4                  1       30.370                     sky130_fd_sc_hs__tt_025C_1v80 
sky130_fd_sc_hs__buf_1                 11653    74504.621                     sky130_fd_sc_hs__tt_025C_1v80 
sky130_fd_sc_hs__buf_16                 9908   348412.838                     sky130_fd_sc_hs__tt_025C_1v80 
sky130_fd_sc_hs__buf_2                  2044    16335.648                     sky130_fd_sc_hs__tt_025C_1v80 
sky130_fd_sc_hs__buf_4                  6097    68218.114                     sky130_fd_sc_hs__tt_025C_1v80 
sky130_fd_sc_hs__buf_8                  5389   103365.331                     sky130_fd_sc_hs__tt_025C_1v80 
sky130_fd_sc_hs__bufbuf_16               349    15061.723                     sky130_fd_sc_hs__tt_025C_1v80 
sky130_fd_sc_hs__bufbuf_8                 28      671.328                     sky130_fd_sc_hs__tt_025C_1v80 
sky130_fd_sc_hs__bufinv_16              1198    47872.080                     sky130_fd_sc_hs__tt_025C_1v80 
sky130_fd_sc_hs__bufinv_8                 95     1974.024                     sky130_fd_sc_hs__tt_025C_1v80 
sky130_fd_sc_hs__clkbuf_1                  9       57.542                     sky130_fd_sc_hs__tt_025C_1v80 
sky130_fd_sc_hs__clkbuf_16              2468    78897.024                     sky130_fd_sc_hs__tt_025C_1v80 
sky130_fd_sc_hs__clkbuf_2              13044    83398.118                     sky130_fd_sc_hs__tt_025C_1v80 
sky130_fd_sc_hs__clkbuf_4               4712    45189.965                     sky130_fd_sc_hs__tt_025C_1v80 
sky130_fd_sc_hs__clkbuf_8               2448    43041.715                     sky130_fd_sc_hs__tt_025C_1v80 
sky130_fd_sc_hs__clkdlyinv3sd1_1          87      834.365                     sky130_fd_sc_hs__tt_025C_1v80 
sky130_fd_sc_hs__clkinv_1              27756   133095.571                     sky130_fd_sc_hs__tt_025C_1v80 
sky130_fd_sc_hs__clkinv_16              5603   214940.045                     sky130_fd_sc_hs__tt_025C_1v80 
sky130_fd_sc_hs__clkinv_2                569     3637.958                     sky130_fd_sc_hs__tt_025C_1v80 
sky130_fd_sc_hs__clkinv_4                864     9667.123                     sky130_fd_sc_hs__tt_025C_1v80 
sky130_fd_sc_hs__clkinv_8               1196    24851.923                     sky130_fd_sc_hs__tt_025C_1v80 
sky130_fd_sc_hs__conb_1                    1        4.795                     sky130_fd_sc_hs__tt_025C_1v80 
sky130_fd_sc_hs__dfbbp_1                  24     1035.763                     sky130_fd_sc_hs__tt_025C_1v80 
sky130_fd_sc_hs__dfrbp_1                 368    14117.069                     sky130_fd_sc_hs__tt_025C_1v80 
sky130_fd_sc_hs__dfrbp_2                 721    33420.946                     sky130_fd_sc_hs__tt_025C_1v80 
sky130_fd_sc_hs__dfrtp_1               15021   552220.027                     sky130_fd_sc_hs__tt_025C_1v80 
sky130_fd_sc_hs__dfrtp_2                3058   117309.773                     sky130_fd_sc_hs__tt_025C_1v80 
sky130_fd_sc_hs__dfrtp_4                 565    25286.688                     sky130_fd_sc_hs__tt_025C_1v80 
sky130_fd_sc_hs__dfxbp_2                   1       36.763                     sky130_fd_sc_hs__tt_025C_1v80 
sky130_fd_sc_hs__dfxtp_1                1024    27824.947                     sky130_fd_sc_hs__tt_025C_1v80 
sky130_fd_sc_hs__dfxtp_2                 156     4488.307                     sky130_fd_sc_hs__tt_025C_1v80 
sky130_fd_sc_hs__dfxtp_4                  78     2493.504                     sky130_fd_sc_hs__tt_025C_1v80 
sky130_fd_sc_hs__dlygate4sd1_1             2       25.574                     sky130_fd_sc_hs__tt_025C_1v80 
sky130_fd_sc_hs__dlygate4sd2_1            37      473.126                     sky130_fd_sc_hs__tt_025C_1v80 
sky130_fd_sc_hs__dlymetal6s2s_1         1565    25014.960                     sky130_fd_sc_hs__tt_025C_1v80 
sky130_fd_sc_hs__dlymetal6s4s_1         2141    34221.744                     sky130_fd_sc_hs__tt_025C_1v80 
sky130_fd_sc_hs__fa_1                  30244   870156.173                     sky130_fd_sc_hs__tt_025C_1v80 
sky130_fd_sc_hs__fa_2                    221     6711.682                     sky130_fd_sc_hs__tt_025C_1v80 
sky130_fd_sc_hs__fah_1                  1132    52472.275                     sky130_fd_sc_hs__tt_025C_1v80 
sky130_fd_sc_hs__fah_2                  8160   391288.320                     sky130_fd_sc_hs__tt_025C_1v80 
sky130_fd_sc_hs__fah_4                   153     7825.766                     sky130_fd_sc_hs__tt_025C_1v80 
sky130_fd_sc_hs__fahcin_1                303    13076.510                     sky130_fd_sc_hs__tt_025C_1v80 
sky130_fd_sc_hs__fahcon_1                509    19526.054                     sky130_fd_sc_hs__tt_025C_1v80 
sky130_fd_sc_hs__ha_1                  10284   164379.456                     sky130_fd_sc_hs__tt_025C_1v80 
sky130_fd_sc_hs__ha_2                     36      690.509                     sky130_fd_sc_hs__tt_025C_1v80 
sky130_fd_sc_hs__ha_4                      8      268.531                     sky130_fd_sc_hs__tt_025C_1v80 
sky130_fd_sc_hs__inv_1                 36733   176142.082                     sky130_fd_sc_hs__tt_025C_1v80 
sky130_fd_sc_hs__inv_16                 5194   141135.523                     sky130_fd_sc_hs__tt_025C_1v80 
sky130_fd_sc_hs__inv_2                117252   562246.790                     sky130_fd_sc_hs__tt_025C_1v80 
sky130_fd_sc_hs__inv_4                 14551   116291.592                     sky130_fd_sc_hs__tt_025C_1v80 
sky130_fd_sc_hs__inv_8                  5300    76243.680                     sky130_fd_sc_hs__tt_025C_1v80 
sky130_fd_sc_hs__maj3_1                 7527    96249.254                     sky130_fd_sc_hs__tt_025C_1v80 
sky130_fd_sc_hs__maj3_2                  407     6505.488                     sky130_fd_sc_hs__tt_025C_1v80 
sky130_fd_sc_hs__maj3_4                  540    14673.312                     sky130_fd_sc_hs__tt_025C_1v80 
sky130_fd_sc_hs__mux2_1                  831    11954.434                     sky130_fd_sc_hs__tt_025C_1v80 
sky130_fd_sc_hs__mux2_2                   25      439.560                     sky130_fd_sc_hs__tt_025C_1v80 
sky130_fd_sc_hs__mux2i_1                5524    70636.493                     sky130_fd_sc_hs__tt_025C_1v80 
sky130_fd_sc_hs__mux2i_2                 134     2784.413                     sky130_fd_sc_hs__tt_025C_1v80 
sky130_fd_sc_hs__mux2i_4                  48     1611.187                     sky130_fd_sc_hs__tt_025C_1v80 
sky130_fd_sc_hs__mux4_1                    4      127.872                     sky130_fd_sc_hs__tt_025C_1v80 
sky130_fd_sc_hs__mux4_2                    2       70.330                     sky130_fd_sc_hs__tt_025C_1v80 
sky130_fd_sc_hs__nand2_1              275740  1322228.448                     sky130_fd_sc_hs__tt_025C_1v80 
sky130_fd_sc_hs__nand2_2               62930   502936.560                     sky130_fd_sc_hs__tt_025C_1v80 
sky130_fd_sc_hs__nand2_4                3945    56751.192                     sky130_fd_sc_hs__tt_025C_1v80 
sky130_fd_sc_hs__nand2_8                5514   149830.819                     sky130_fd_sc_hs__tt_025C_1v80 
sky130_fd_sc_hs__nand2b_1              43037   343951.704                     sky130_fd_sc_hs__tt_025C_1v80 
sky130_fd_sc_hs__nand2b_2               8246    92262.845                     sky130_fd_sc_hs__tt_025C_1v80 
sky130_fd_sc_hs__nand2b_4               1706    32722.445                     sky130_fd_sc_hs__tt_025C_1v80 
sky130_fd_sc_hs__nand3_1                6946    55512.432                     sky130_fd_sc_hs__tt_025C_1v80 
sky130_fd_sc_hs__nand3_2                3403    38075.486                     sky130_fd_sc_hs__tt_025C_1v80 
sky130_fd_sc_hs__nand3_4                 642    13340.246                     sky130_fd_sc_hs__tt_025C_1v80 
sky130_fd_sc_hs__nand3b_1               3155    30257.712                     sky130_fd_sc_hs__tt_025C_1v80 
sky130_fd_sc_hs__nand3b_2                379     5452.142                     sky130_fd_sc_hs__tt_025C_1v80 
sky130_fd_sc_hs__nand3b_4                 18      460.339                     sky130_fd_sc_hs__tt_025C_1v80 
sky130_fd_sc_hs__nand4_1                 458     4392.403                     sky130_fd_sc_hs__tt_025C_1v80 
sky130_fd_sc_hs__nand4_2                 412     6585.408                     sky130_fd_sc_hs__tt_025C_1v80 
sky130_fd_sc_hs__nand4_4                 101     2905.891                     sky130_fd_sc_hs__tt_025C_1v80 
sky130_fd_sc_hs__nand4b_1                184     2058.739                     sky130_fd_sc_hs__tt_025C_1v80 
sky130_fd_sc_hs__nand4b_2                 37      709.690                     sky130_fd_sc_hs__tt_025C_1v80 
sky130_fd_sc_hs__nand4b_4                 55     1670.328                     sky130_fd_sc_hs__tt_025C_1v80 
sky130_fd_sc_hs__nand4bb_1                25      359.640                     sky130_fd_sc_hs__tt_025C_1v80 
sky130_fd_sc_hs__nand4bb_2                13      290.909                     sky130_fd_sc_hs__tt_025C_1v80 
sky130_fd_sc_hs__nand4bb_4                 5      167.832                     sky130_fd_sc_hs__tt_025C_1v80 
sky130_fd_sc_hs__nor2_1                31094   149101.949                     sky130_fd_sc_hs__tt_025C_1v80 
sky130_fd_sc_hs__nor2_2                 5236    41846.112                     sky130_fd_sc_hs__tt_025C_1v80 
sky130_fd_sc_hs__nor2_4                 2674    38467.094                     sky130_fd_sc_hs__tt_025C_1v80 
sky130_fd_sc_hs__nor2_8                  196     5325.869                     sky130_fd_sc_hs__tt_025C_1v80 
sky130_fd_sc_hs__nor2b_1                9265    74045.880                     sky130_fd_sc_hs__tt_025C_1v80 
sky130_fd_sc_hs__nor2b_2                 977    10931.458                     sky130_fd_sc_hs__tt_025C_1v80 
sky130_fd_sc_hs__nor2b_4                 123     2162.635                     sky130_fd_sc_hs__tt_025C_1v80 
sky130_fd_sc_hs__nor3_1                  477     3049.747                     sky130_fd_sc_hs__tt_025C_1v80 
sky130_fd_sc_hs__nor3_2                  383     4285.310                     sky130_fd_sc_hs__tt_025C_1v80 
sky130_fd_sc_hs__nor3_4                   15      335.664                     sky130_fd_sc_hs__tt_025C_1v80 
sky130_fd_sc_hs__nor3b_1                 286     2742.854                     sky130_fd_sc_hs__tt_025C_1v80 
sky130_fd_sc_hs__nor3b_2                  71     1134.864                     sky130_fd_sc_hs__tt_025C_1v80 
sky130_fd_sc_hs__nor3b_4                   2       51.149                     sky130_fd_sc_hs__tt_025C_1v80 
sky130_fd_sc_hs__nor4_1                   41      393.206                     sky130_fd_sc_hs__tt_025C_1v80 
sky130_fd_sc_hs__nor4_2                    9      129.470                     sky130_fd_sc_hs__tt_025C_1v80 
sky130_fd_sc_hs__nor4b_1                 133     1488.110                     sky130_fd_sc_hs__tt_025C_1v80 
sky130_fd_sc_hs__nor4b_2                  23      441.158                     sky130_fd_sc_hs__tt_025C_1v80 
sky130_fd_sc_hs__nor4bb_1                  6       95.904                     sky130_fd_sc_hs__tt_025C_1v80 
sky130_fd_sc_hs__nor4bb_2                  3       71.928                     sky130_fd_sc_hs__tt_025C_1v80 
sky130_fd_sc_hs__o2111a_1                 36      460.339                     sky130_fd_sc_hs__tt_025C_1v80 
sky130_fd_sc_hs__o2111a_2                 16      255.744                     sky130_fd_sc_hs__tt_025C_1v80 
sky130_fd_sc_hs__o2111ai_1               155     1734.264                     sky130_fd_sc_hs__tt_025C_1v80 
sky130_fd_sc_hs__o2111ai_2                65     1246.752                     sky130_fd_sc_hs__tt_025C_1v80 
sky130_fd_sc_hs__o2111ai_4                 9      302.098                     sky130_fd_sc_hs__tt_025C_1v80 
sky130_fd_sc_hs__o211a_1                   5       71.928                     sky130_fd_sc_hs__tt_025C_1v80 
sky130_fd_sc_hs__o211a_2                 176     2250.547                     sky130_fd_sc_hs__tt_025C_1v80 
sky130_fd_sc_hs__o211a_4                  18      402.797                     sky130_fd_sc_hs__tt_025C_1v80 
sky130_fd_sc_hs__o211ai_1               1188    11393.395                     sky130_fd_sc_hs__tt_025C_1v80 
sky130_fd_sc_hs__o211ai_2                725    11588.400                     sky130_fd_sc_hs__tt_025C_1v80 
sky130_fd_sc_hs__o211ai_4                217     5896.498                     sky130_fd_sc_hs__tt_025C_1v80 
sky130_fd_sc_hs__o21a_1                 3085    29586.384                     sky130_fd_sc_hs__tt_025C_1v80 
sky130_fd_sc_hs__o21a_2                  159     2033.165                     sky130_fd_sc_hs__tt_025C_1v80 
sky130_fd_sc_hs__o21a_4                  147     2819.578                     sky130_fd_sc_hs__tt_025C_1v80 
sky130_fd_sc_hs__o21ai_1               25991   207720.072                     sky130_fd_sc_hs__tt_025C_1v80 
sky130_fd_sc_hs__o21ai_2               24351   272458.469                     sky130_fd_sc_hs__tt_025C_1v80 
sky130_fd_sc_hs__o21ai_4                4131    79235.885                     sky130_fd_sc_hs__tt_025C_1v80 
sky130_fd_sc_hs__o21ba_1                  91     1163.635                     sky130_fd_sc_hs__tt_025C_1v80 
sky130_fd_sc_hs__o21ba_2                  51      652.147                     sky130_fd_sc_hs__tt_025C_1v80 
sky130_fd_sc_hs__o21ba_4                   8      166.234                     sky130_fd_sc_hs__tt_025C_1v80 
sky130_fd_sc_hs__o21bai_1               6162    59096.045                     sky130_fd_sc_hs__tt_025C_1v80 
sky130_fd_sc_hs__o21bai_2               2482    35705.059                     sky130_fd_sc_hs__tt_025C_1v80 
sky130_fd_sc_hs__o21bai_4                294     7048.944                     sky130_fd_sc_hs__tt_025C_1v80 
sky130_fd_sc_hs__o221a_1                 448     6444.749                     sky130_fd_sc_hs__tt_025C_1v80 
sky130_fd_sc_hs__o221a_2                  11      175.824                     sky130_fd_sc_hs__tt_025C_1v80 
sky130_fd_sc_hs__o221a_4                   9      230.170                     sky130_fd_sc_hs__tt_025C_1v80 
sky130_fd_sc_hs__o221ai_1                459     5869.325                     sky130_fd_sc_hs__tt_025C_1v80 
sky130_fd_sc_hs__o221ai_2                110     2109.888                     sky130_fd_sc_hs__tt_025C_1v80 
sky130_fd_sc_hs__o221ai_4                  9      302.098                     sky130_fd_sc_hs__tt_025C_1v80 
sky130_fd_sc_hs__o22a_1                 1262    16137.446                     sky130_fd_sc_hs__tt_025C_1v80 
sky130_fd_sc_hs__o22a_2                 1629    20830.349                     sky130_fd_sc_hs__tt_025C_1v80 
sky130_fd_sc_hs__o22a_4                   51     1141.258                     sky130_fd_sc_hs__tt_025C_1v80 
sky130_fd_sc_hs__o22ai_1               23647   226784.189                     sky130_fd_sc_hs__tt_025C_1v80 
sky130_fd_sc_hs__o22ai_2                3124    49934.016                     sky130_fd_sc_hs__tt_025C_1v80 
sky130_fd_sc_hs__o22ai_4                 273     7418.174                     sky130_fd_sc_hs__tt_025C_1v80 
sky130_fd_sc_hs__o2bb2a_1                383     5509.685                     sky130_fd_sc_hs__tt_025C_1v80 
sky130_fd_sc_hs__o2bb2a_2               1419    20413.166                     sky130_fd_sc_hs__tt_025C_1v80 
sky130_fd_sc_hs__o2bb2a_4                 69     1654.344                     sky130_fd_sc_hs__tt_025C_1v80 
sky130_fd_sc_hs__o2bb2ai_1             17138   191753.654                     sky130_fd_sc_hs__tt_025C_1v80 
sky130_fd_sc_hs__o2bb2ai_2             11797   226275.898                     sky130_fd_sc_hs__tt_025C_1v80 
sky130_fd_sc_hs__o2bb2ai_4              3756   126075.398                     sky130_fd_sc_hs__tt_025C_1v80 
sky130_fd_sc_hs__o311a_1                   1       14.386                     sky130_fd_sc_hs__tt_025C_1v80 
sky130_fd_sc_hs__o311a_2                   1       14.386                     sky130_fd_sc_hs__tt_025C_1v80 
sky130_fd_sc_hs__o311ai_1                 72      805.594                     sky130_fd_sc_hs__tt_025C_1v80 
sky130_fd_sc_hs__o31a_1                   63      704.894                     sky130_fd_sc_hs__tt_025C_1v80 
sky130_fd_sc_hs__o31ai_1                  71      680.918                     sky130_fd_sc_hs__tt_025C_1v80 
sky130_fd_sc_hs__o31ai_2                  13      207.792                     sky130_fd_sc_hs__tt_025C_1v80 
sky130_fd_sc_hs__o31ai_4                   2       57.542                     sky130_fd_sc_hs__tt_025C_1v80 
sky130_fd_sc_hs__o32a_1                   37      473.126                     sky130_fd_sc_hs__tt_025C_1v80 
sky130_fd_sc_hs__o32ai_1                  40      447.552                     sky130_fd_sc_hs__tt_025C_1v80 
sky130_fd_sc_hs__o41a_1                    4       57.542                     sky130_fd_sc_hs__tt_025C_1v80 
sky130_fd_sc_hs__o41ai_1                   7       78.322                     sky130_fd_sc_hs__tt_025C_1v80 
sky130_fd_sc_hs__o41ai_2                   1       20.779                     sky130_fd_sc_hs__tt_025C_1v80 
sky130_fd_sc_hs__or2_1                  4868    38905.056                     sky130_fd_sc_hs__tt_025C_1v80 
sky130_fd_sc_hs__or2_2                  2810    22457.520                     sky130_fd_sc_hs__tt_025C_1v80 
sky130_fd_sc_hs__or2_4                   794    11422.166                     sky130_fd_sc_hs__tt_025C_1v80 
sky130_fd_sc_hs__or2b_1                  311     3479.717                     sky130_fd_sc_hs__tt_025C_1v80 
sky130_fd_sc_hs__or2b_2                  229     2562.235                     sky130_fd_sc_hs__tt_025C_1v80 
sky130_fd_sc_hs__or2b_4                  162     3107.290                     sky130_fd_sc_hs__tt_025C_1v80 
sky130_fd_sc_hs__or3_1                   106     1016.582                     sky130_fd_sc_hs__tt_025C_1v80 
sky130_fd_sc_hs__or3_2                     4       44.755                     sky130_fd_sc_hs__tt_025C_1v80 
sky130_fd_sc_hs__or3_4                     3       52.747                     sky130_fd_sc_hs__tt_025C_1v80 
sky130_fd_sc_hs__or3b_1                   57      728.870                     sky130_fd_sc_hs__tt_025C_1v80 
sky130_fd_sc_hs__or3b_2                    8      102.298                     sky130_fd_sc_hs__tt_025C_1v80 
sky130_fd_sc_hs__or3b_4                    2       38.362                     sky130_fd_sc_hs__tt_025C_1v80 
sky130_fd_sc_hs__or4_1                    47      525.874                     sky130_fd_sc_hs__tt_025C_1v80 
sky130_fd_sc_hs__or4_4                     1       22.378                     sky130_fd_sc_hs__tt_025C_1v80 
sky130_fd_sc_hs__or4b_1                   61      877.522                     sky130_fd_sc_hs__tt_025C_1v80 
sky130_fd_sc_hs__or4b_2                    1       14.386                     sky130_fd_sc_hs__tt_025C_1v80 
sky130_fd_sc_hs__sdfrbp_2                  1       49.550                     sky130_fd_sc_hs__tt_025C_1v80 
sky130_fd_sc_hs__sdfrtp_1               2456   109918.771                     sky130_fd_sc_hs__tt_025C_1v80 
sky130_fd_sc_hs__sdfrtp_2                164     7864.128                     sky130_fd_sc_hs__tt_025C_1v80 
sky130_fd_sc_hs__sdfrtp_4                136     6738.854                     sky130_fd_sc_hs__tt_025C_1v80 
sky130_fd_sc_hs__sdfstp_1                  4      185.414                     sky130_fd_sc_hs__tt_025C_1v80 
sky130_fd_sc_hs__xnor2_1               66987   749504.146                     sky130_fd_sc_hs__tt_025C_1v80 
sky130_fd_sc_hs__xnor2_2                1383    24316.459                     sky130_fd_sc_hs__tt_025C_1v80 
sky130_fd_sc_hs__xnor2_4                 131     3978.418                     sky130_fd_sc_hs__tt_025C_1v80 
sky130_fd_sc_hs__xnor3_1                4666   126788.285                     sky130_fd_sc_hs__tt_025C_1v80 
sky130_fd_sc_hs__xnor3_2                3516   101159.539                     sky130_fd_sc_hs__tt_025C_1v80 
sky130_fd_sc_hs__xnor3_4                   1       33.566                     sky130_fd_sc_hs__tt_025C_1v80 
sky130_fd_sc_hs__xor2_1                 8099   103563.533                     sky130_fd_sc_hs__tt_025C_1v80 
sky130_fd_sc_hs__xor2_2                 1063    16990.992                     sky130_fd_sc_hs__tt_025C_1v80 
sky130_fd_sc_hs__xor2_4                  117     3366.230                     sky130_fd_sc_hs__tt_025C_1v80 
sky130_fd_sc_hs__xor3_1                 5267   159956.683                     sky130_fd_sc_hs__tt_025C_1v80 
sky130_fd_sc_hs__xor3_2                 2819    90117.792                     sky130_fd_sc_hs__tt_025C_1v80 
sky130_fd_sc_hs__xor3_4                    8      281.318                     sky130_fd_sc_hs__tt_025C_1v80 
sky130_sram_0kbytes_1rw1r_32x64_8         96  9441865.306 sky130_sram_0kbytes_1rw1r_32x64_8_TT_1p8V_25C_lib 
------------------------------------------------------------------------------------------------------------
total                                1141708 21344961.494                                                   



                                                                                     
                     Library                      Instances     Area     Instances % 
-------------------------------------------------------------------------------------
sky130_fd_sc_hs__tt_025C_1v80                       1141612 11903096.189       100.0 
sky130_sram_0kbytes_1rw1r_32x64_8_TT_1p8V_25C_lib        96  9441865.306         0.0 


                                             
     Type      Instances     Area     Area % 
---------------------------------------------
timing_model          96  9441865.306   44.2 
sequential         23777   902990.506    4.2 
inverter          216398  1508932.757    7.1 
buffer             61894   936889.373    4.4 
logic             839543  8554283.554   40.1 
physical_cells         0        0.000    0.0 
---------------------------------------------
total            1141708 21344961.494  100.0 

