

 	 Check Design Report (c)
	 ------------------- 

 Summary
 ------- 

              Name                       Total
----------------------------------------------
Unresolved References                        0
Empty Modules                                0
Unloaded Port(s)                             0
Unloaded Sequential Pin(s)                1083
Unloaded Combinational Pin(s)             1049
Assigns                                    351
Undriven Port(s)                             0
Undriven Leaf Pin(s)                         0
Undriven hierarchical pin(s)                 0
Multidriven Port(s)                          0
Multidriven Leaf Pin(s)                      0
Multidriven hierarchical Pin(s)              0
Multidriven unloaded net(s)                  0
Constant Port(s)                            26
Constant Leaf Pin(s)                       276
Constant hierarchical Pin(s)             21201
Preserved leaf instance(s)                  37
Preserved hierarchical instance(s)           0
Feedthrough Modules(s)                       0
Libcells with no LEF cell                    0
Physical (LEF) cells with no libcell        17
Subdesigns with long module name             0
Physical only instance(s)                   37
Logical only instance(s)                     0

  Done Checking the design.
