ENABLED NEW REPORT GATE CMD
============================================================
  Generated by:           Genus(TM) Synthesis Solution 25.12-s067_1
  Generated on:           Jul 03 2026  04:49:47 pm
  Operating conditions:   typ 
  Interconnect mode:      placement
  Area mode:              physical library
============================================================

                                                                                                            
               Gate                Instances     Area                          Library                      
------------------------------------------------------------------------------------------------------------
sky130_fd_sc_hs__a2111o_1                156     2244.154                     sky130_fd_sc_hs__tt_025C_1v80 
sky130_fd_sc_hs__a2111oi_1                40      447.552                     sky130_fd_sc_hs__tt_025C_1v80 
sky130_fd_sc_hs__a211o_1                   1       12.787                     sky130_fd_sc_hs__tt_025C_1v80 
sky130_fd_sc_hs__a211o_2                  38      485.914                     sky130_fd_sc_hs__tt_025C_1v80 
sky130_fd_sc_hs__a211oi_1                 17      163.037                     sky130_fd_sc_hs__tt_025C_1v80 
sky130_fd_sc_hs__a21bo_2                   1       12.787                     sky130_fd_sc_hs__tt_025C_1v80 
sky130_fd_sc_hs__a21bo_4                   1       20.779                     sky130_fd_sc_hs__tt_025C_1v80 
sky130_fd_sc_hs__a21boi_1                127     1420.978                     sky130_fd_sc_hs__tt_025C_1v80 
sky130_fd_sc_hs__a21boi_2                  1       14.386                     sky130_fd_sc_hs__tt_025C_1v80 
sky130_fd_sc_hs__a21o_1                   12      134.266                     sky130_fd_sc_hs__tt_025C_1v80 
sky130_fd_sc_hs__a21o_2                  280     3132.864                     sky130_fd_sc_hs__tt_025C_1v80 
sky130_fd_sc_hs__a21o_4                   53     1016.582                     sky130_fd_sc_hs__tt_025C_1v80 
sky130_fd_sc_hs__a21oi_1                2067    13215.571                     sky130_fd_sc_hs__tt_025C_1v80 
sky130_fd_sc_hs__a21oi_2                  59      754.445                     sky130_fd_sc_hs__tt_025C_1v80 
sky130_fd_sc_hs__a21oi_4                   2       41.558                     sky130_fd_sc_hs__tt_025C_1v80 
sky130_fd_sc_hs__a221o_1                1344    19334.246                     sky130_fd_sc_hs__tt_025C_1v80 
sky130_fd_sc_hs__a221o_2                 823    11839.349                     sky130_fd_sc_hs__tt_025C_1v80 
sky130_fd_sc_hs__a221oi_1                 15      191.808                     sky130_fd_sc_hs__tt_025C_1v80 
sky130_fd_sc_hs__a221oi_2                  7      134.266                     sky130_fd_sc_hs__tt_025C_1v80 
sky130_fd_sc_hs__a221oi_4                 23      808.790                     sky130_fd_sc_hs__tt_025C_1v80 
sky130_fd_sc_hs__a222o_1                 564     9014.976                     sky130_fd_sc_hs__tt_025C_1v80 
sky130_fd_sc_hs__a222oi_1                153     2200.997                     sky130_fd_sc_hs__tt_025C_1v80 
sky130_fd_sc_hs__a22o_1                11176   125046.029                     sky130_fd_sc_hs__tt_025C_1v80 
sky130_fd_sc_hs__a22o_2                   58      741.658                     sky130_fd_sc_hs__tt_025C_1v80 
sky130_fd_sc_hs__a22o_4                   35      839.160                     sky130_fd_sc_hs__tt_025C_1v80 
sky130_fd_sc_hs__a22oi_1                1948    18682.099                     sky130_fd_sc_hs__tt_025C_1v80 
sky130_fd_sc_hs__a22oi_2                   1       15.984                     sky130_fd_sc_hs__tt_025C_1v80 
sky130_fd_sc_hs__a2bb2o_1                 24      345.254                     sky130_fd_sc_hs__tt_025C_1v80 
sky130_fd_sc_hs__a2bb2o_2                  5       79.920                     sky130_fd_sc_hs__tt_025C_1v80 
sky130_fd_sc_hs__a2bb2o_4                 11      263.736                     sky130_fd_sc_hs__tt_025C_1v80 
sky130_fd_sc_hs__a2bb2oi_1                 8       89.510                     sky130_fd_sc_hs__tt_025C_1v80 
sky130_fd_sc_hs__a311o_1                   4       51.149                     sky130_fd_sc_hs__tt_025C_1v80 
sky130_fd_sc_hs__a311oi_1                  2       22.378                     sky130_fd_sc_hs__tt_025C_1v80 
sky130_fd_sc_hs__a31o_1                   50      559.440                     sky130_fd_sc_hs__tt_025C_1v80 
sky130_fd_sc_hs__a31o_2                    2       25.574                     sky130_fd_sc_hs__tt_025C_1v80 
sky130_fd_sc_hs__a31o_4                   25      599.400                     sky130_fd_sc_hs__tt_025C_1v80 
sky130_fd_sc_hs__a31oi_1                  41      393.206                     sky130_fd_sc_hs__tt_025C_1v80 
sky130_fd_sc_hs__a32o_1                   83     1061.338                     sky130_fd_sc_hs__tt_025C_1v80 
sky130_fd_sc_hs__a32oi_1                   9      100.699                     sky130_fd_sc_hs__tt_025C_1v80 
sky130_fd_sc_hs__a41o_1                    5       71.928                     sky130_fd_sc_hs__tt_025C_1v80 
sky130_fd_sc_hs__a41o_2                    2       31.968                     sky130_fd_sc_hs__tt_025C_1v80 
sky130_fd_sc_hs__a41oi_1                  94     1051.747                     sky130_fd_sc_hs__tt_025C_1v80 
sky130_fd_sc_hs__a41oi_2                   1       19.181                     sky130_fd_sc_hs__tt_025C_1v80 
sky130_fd_sc_hs__and2_1                   41      327.672                     sky130_fd_sc_hs__tt_025C_1v80 
sky130_fd_sc_hs__and2_2                 7139    57054.888                     sky130_fd_sc_hs__tt_025C_1v80 
sky130_fd_sc_hs__and2_4                  293     4214.981                     sky130_fd_sc_hs__tt_025C_1v80 
sky130_fd_sc_hs__and2b_2                  28      313.286                     sky130_fd_sc_hs__tt_025C_1v80 
sky130_fd_sc_hs__and2b_4                  40      639.360                     sky130_fd_sc_hs__tt_025C_1v80 
sky130_fd_sc_hs__and3_1                   96      920.678                     sky130_fd_sc_hs__tt_025C_1v80 
sky130_fd_sc_hs__and3_2                    6       67.133                     sky130_fd_sc_hs__tt_025C_1v80 
sky130_fd_sc_hs__and3_4                    1       19.181                     sky130_fd_sc_hs__tt_025C_1v80 
sky130_fd_sc_hs__and3b_1                  46      588.211                     sky130_fd_sc_hs__tt_025C_1v80 
sky130_fd_sc_hs__and4_1                  467     5225.170                     sky130_fd_sc_hs__tt_025C_1v80 
sky130_fd_sc_hs__and4_2                    3       38.362                     sky130_fd_sc_hs__tt_025C_1v80 
sky130_fd_sc_hs__and4b_1                   1       14.386                     sky130_fd_sc_hs__tt_025C_1v80 
sky130_fd_sc_hs__and4b_2                 106     1524.874                     sky130_fd_sc_hs__tt_025C_1v80 
sky130_fd_sc_hs__and4bb_1                 33      527.472                     sky130_fd_sc_hs__tt_025C_1v80 
sky130_fd_sc_hs__buf_1                    54      345.254                     sky130_fd_sc_hs__tt_025C_1v80 
sky130_fd_sc_hs__buf_16                  664    23349.427                     sky130_fd_sc_hs__tt_025C_1v80 
sky130_fd_sc_hs__buf_2                    47      375.624                     sky130_fd_sc_hs__tt_025C_1v80 
sky130_fd_sc_hs__buf_4                   157     1756.642                     sky130_fd_sc_hs__tt_025C_1v80 
sky130_fd_sc_hs__buf_8                   273     5236.358                     sky130_fd_sc_hs__tt_025C_1v80 
sky130_fd_sc_hs__bufbuf_16               343    14802.782                     sky130_fd_sc_hs__tt_025C_1v80 
sky130_fd_sc_hs__bufbuf_8                 36      863.136                     sky130_fd_sc_hs__tt_025C_1v80 
sky130_fd_sc_hs__bufinv_16               126     5034.960                     sky130_fd_sc_hs__tt_025C_1v80 
sky130_fd_sc_hs__bufinv_8                 16      332.467                     sky130_fd_sc_hs__tt_025C_1v80 
sky130_fd_sc_hs__clkbuf_16               255     8151.840                     sky130_fd_sc_hs__tt_025C_1v80 
sky130_fd_sc_hs__clkbuf_2               8706    55662.682                     sky130_fd_sc_hs__tt_025C_1v80 
sky130_fd_sc_hs__clkbuf_4               3224    30919.450                     sky130_fd_sc_hs__tt_025C_1v80 
sky130_fd_sc_hs__clkbuf_8                547     9617.573                     sky130_fd_sc_hs__tt_025C_1v80 
sky130_fd_sc_hs__clkinv_1               2188    10491.898                     sky130_fd_sc_hs__tt_025C_1v80 
sky130_fd_sc_hs__clkinv_16                 4      153.446                     sky130_fd_sc_hs__tt_025C_1v80 
sky130_fd_sc_hs__clkinv_2                 30      191.808                     sky130_fd_sc_hs__tt_025C_1v80 
sky130_fd_sc_hs__clkinv_4                 54      604.195                     sky130_fd_sc_hs__tt_025C_1v80 
sky130_fd_sc_hs__clkinv_8                 12      249.350                     sky130_fd_sc_hs__tt_025C_1v80 
sky130_fd_sc_hs__dfrbp_2                   1       46.354                     sky130_fd_sc_hs__tt_025C_1v80 
sky130_fd_sc_hs__dfrtp_2                   1       38.362                     sky130_fd_sc_hs__tt_025C_1v80 
sky130_fd_sc_hs__dfxbp_1                 124     3964.032                     sky130_fd_sc_hs__tt_025C_1v80 
sky130_fd_sc_hs__dfxtp_1               12744   346290.163                     sky130_fd_sc_hs__tt_025C_1v80 
sky130_fd_sc_hs__dfxtp_2                 812    23362.214                     sky130_fd_sc_hs__tt_025C_1v80 
sky130_fd_sc_hs__dfxtp_4                   3       95.904                     sky130_fd_sc_hs__tt_025C_1v80 
sky130_fd_sc_hs__dlygate4sd2_1            14      179.021                     sky130_fd_sc_hs__tt_025C_1v80 
sky130_fd_sc_hs__fa_1                  20441   588112.099                     sky130_fd_sc_hs__tt_025C_1v80 
sky130_fd_sc_hs__fa_2                      6      182.218                     sky130_fd_sc_hs__tt_025C_1v80 
sky130_fd_sc_hs__fah_1                     3      139.061                     sky130_fd_sc_hs__tt_025C_1v80 
sky130_fd_sc_hs__fah_2                     1       47.952                     sky130_fd_sc_hs__tt_025C_1v80 
sky130_fd_sc_hs__ha_1                   4864    77746.176                     sky130_fd_sc_hs__tt_025C_1v80 
sky130_fd_sc_hs__inv_1                  2166    10386.403                     sky130_fd_sc_hs__tt_025C_1v80 
sky130_fd_sc_hs__inv_16                  290     7880.112                     sky130_fd_sc_hs__tt_025C_1v80 
sky130_fd_sc_hs__inv_2                  8834    42360.797                     sky130_fd_sc_hs__tt_025C_1v80 
sky130_fd_sc_hs__inv_4                   599     4787.208                     sky130_fd_sc_hs__tt_025C_1v80 
sky130_fd_sc_hs__inv_8                   726    10443.946                     sky130_fd_sc_hs__tt_025C_1v80 
sky130_fd_sc_hs__maj3_1                  446     5703.091                     sky130_fd_sc_hs__tt_025C_1v80 
sky130_fd_sc_hs__mux2_1                  297     4272.523                     sky130_fd_sc_hs__tt_025C_1v80 
sky130_fd_sc_hs__mux2_2                   13      228.571                     sky130_fd_sc_hs__tt_025C_1v80 
sky130_fd_sc_hs__mux2i_1                  36      460.339                     sky130_fd_sc_hs__tt_025C_1v80 
sky130_fd_sc_hs__nand2_1               10683    51227.122                     sky130_fd_sc_hs__tt_025C_1v80 
sky130_fd_sc_hs__nand2_2                 137     1094.904                     sky130_fd_sc_hs__tt_025C_1v80 
sky130_fd_sc_hs__nand2_4                   6       86.314                     sky130_fd_sc_hs__tt_025C_1v80 
sky130_fd_sc_hs__nand2_8                  20      543.456                     sky130_fd_sc_hs__tt_025C_1v80 
sky130_fd_sc_hs__nand2b_1               3236    25862.112                     sky130_fd_sc_hs__tt_025C_1v80 
sky130_fd_sc_hs__nand2b_2                 46      514.685                     sky130_fd_sc_hs__tt_025C_1v80 
sky130_fd_sc_hs__nand2b_4                 33      632.966                     sky130_fd_sc_hs__tt_025C_1v80 
sky130_fd_sc_hs__nand3_1                 139     1110.888                     sky130_fd_sc_hs__tt_025C_1v80 
sky130_fd_sc_hs__nand3_2                   8       89.510                     sky130_fd_sc_hs__tt_025C_1v80 
sky130_fd_sc_hs__nand3_4                   1       20.779                     sky130_fd_sc_hs__tt_025C_1v80 
sky130_fd_sc_hs__nand3b_1                129     1237.162                     sky130_fd_sc_hs__tt_025C_1v80 
sky130_fd_sc_hs__nand4_1                 705     6761.232                     sky130_fd_sc_hs__tt_025C_1v80 
sky130_fd_sc_hs__nand4b_1                124     1387.411                     sky130_fd_sc_hs__tt_025C_1v80 
sky130_fd_sc_hs__nand4bb_1               131     1884.514                     sky130_fd_sc_hs__tt_025C_1v80 
sky130_fd_sc_hs__nor2_1                 7190    34477.488                     sky130_fd_sc_hs__tt_025C_1v80 
sky130_fd_sc_hs__nor2_2                   18      143.856                     sky130_fd_sc_hs__tt_025C_1v80 
sky130_fd_sc_hs__nor2_4                   41      589.810                     sky130_fd_sc_hs__tt_025C_1v80 
sky130_fd_sc_hs__nor2_8                    1       27.173                     sky130_fd_sc_hs__tt_025C_1v80 
sky130_fd_sc_hs__nor2b_1                2437    19476.504                     sky130_fd_sc_hs__tt_025C_1v80 
sky130_fd_sc_hs__nor2b_2                  36      402.797                     sky130_fd_sc_hs__tt_025C_1v80 
sky130_fd_sc_hs__nor2b_4                   1       17.582                     sky130_fd_sc_hs__tt_025C_1v80 
sky130_fd_sc_hs__nor3_1                  274     1751.846                     sky130_fd_sc_hs__tt_025C_1v80 
sky130_fd_sc_hs__nor3_2                    1       11.189                     sky130_fd_sc_hs__tt_025C_1v80 
sky130_fd_sc_hs__nor3b_1                 128     1227.571                     sky130_fd_sc_hs__tt_025C_1v80 
sky130_fd_sc_hs__nor4_1                   43      412.387                     sky130_fd_sc_hs__tt_025C_1v80 
sky130_fd_sc_hs__nor4b_1                  55      615.384                     sky130_fd_sc_hs__tt_025C_1v80 
sky130_fd_sc_hs__nor4bb_1                  3       47.952                     sky130_fd_sc_hs__tt_025C_1v80 
sky130_fd_sc_hs__o2111a_1                 63      805.594                     sky130_fd_sc_hs__tt_025C_1v80 
sky130_fd_sc_hs__o2111ai_1                58      648.950                     sky130_fd_sc_hs__tt_025C_1v80 
sky130_fd_sc_hs__o2111ai_2                 1       19.181                     sky130_fd_sc_hs__tt_025C_1v80 
sky130_fd_sc_hs__o211a_2                   7       89.510                     sky130_fd_sc_hs__tt_025C_1v80 
sky130_fd_sc_hs__o211ai_1                243     2330.467                     sky130_fd_sc_hs__tt_025C_1v80 
sky130_fd_sc_hs__o211ai_2                 50      799.200                     sky130_fd_sc_hs__tt_025C_1v80 
sky130_fd_sc_hs__o211ai_4                  5      135.864                     sky130_fd_sc_hs__tt_025C_1v80 
sky130_fd_sc_hs__o21a_1                 1449    13896.490                     sky130_fd_sc_hs__tt_025C_1v80 
sky130_fd_sc_hs__o21a_2                    3       38.362                     sky130_fd_sc_hs__tt_025C_1v80 
sky130_fd_sc_hs__o21a_4                   32      613.786                     sky130_fd_sc_hs__tt_025C_1v80 
sky130_fd_sc_hs__o21ai_1                2445    19540.440                     sky130_fd_sc_hs__tt_025C_1v80 
sky130_fd_sc_hs__o21ai_2                 207     2316.082                     sky130_fd_sc_hs__tt_025C_1v80 
sky130_fd_sc_hs__o21ai_4                  72     1381.018                     sky130_fd_sc_hs__tt_025C_1v80 
sky130_fd_sc_hs__o21ba_2                   2       25.574                     sky130_fd_sc_hs__tt_025C_1v80 
sky130_fd_sc_hs__o21bai_1                245     2349.648                     sky130_fd_sc_hs__tt_025C_1v80 
sky130_fd_sc_hs__o221a_1                  97     1395.403                     sky130_fd_sc_hs__tt_025C_1v80 
sky130_fd_sc_hs__o221a_2                  26      415.584                     sky130_fd_sc_hs__tt_025C_1v80 
sky130_fd_sc_hs__o221a_4                   4      102.298                     sky130_fd_sc_hs__tt_025C_1v80 
sky130_fd_sc_hs__o221ai_1                103     1317.082                     sky130_fd_sc_hs__tt_025C_1v80 
sky130_fd_sc_hs__o221ai_2                  1       19.181                     sky130_fd_sc_hs__tt_025C_1v80 
sky130_fd_sc_hs__o22a_1                    5       63.936                     sky130_fd_sc_hs__tt_025C_1v80 
sky130_fd_sc_hs__o22a_2                   82     1048.550                     sky130_fd_sc_hs__tt_025C_1v80 
sky130_fd_sc_hs__o22a_4                    3       67.133                     sky130_fd_sc_hs__tt_025C_1v80 
sky130_fd_sc_hs__o22ai_1               19274   184845.370                     sky130_fd_sc_hs__tt_025C_1v80 
sky130_fd_sc_hs__o22ai_2                  63     1006.992                     sky130_fd_sc_hs__tt_025C_1v80 
sky130_fd_sc_hs__o22ai_4                   3       81.518                     sky130_fd_sc_hs__tt_025C_1v80 
sky130_fd_sc_hs__o2bb2a_1                 80     1150.848                     sky130_fd_sc_hs__tt_025C_1v80 
sky130_fd_sc_hs__o2bb2a_2                103     1481.717                     sky130_fd_sc_hs__tt_025C_1v80 
sky130_fd_sc_hs__o2bb2a_4                 17      407.592                     sky130_fd_sc_hs__tt_025C_1v80 
sky130_fd_sc_hs__o2bb2ai_1               323     3613.982                     sky130_fd_sc_hs__tt_025C_1v80 
sky130_fd_sc_hs__o2bb2ai_2                36      690.509                     sky130_fd_sc_hs__tt_025C_1v80 
sky130_fd_sc_hs__o2bb2ai_4                 1       33.566                     sky130_fd_sc_hs__tt_025C_1v80 
sky130_fd_sc_hs__o311a_2                   5       71.928                     sky130_fd_sc_hs__tt_025C_1v80 
sky130_fd_sc_hs__o311ai_1                  8       89.510                     sky130_fd_sc_hs__tt_025C_1v80 
sky130_fd_sc_hs__o31a_1                   77      861.538                     sky130_fd_sc_hs__tt_025C_1v80 
sky130_fd_sc_hs__o31ai_1                  25      239.760                     sky130_fd_sc_hs__tt_025C_1v80 
sky130_fd_sc_hs__o31ai_4                   1       28.771                     sky130_fd_sc_hs__tt_025C_1v80 
sky130_fd_sc_hs__o32a_1                    7       89.510                     sky130_fd_sc_hs__tt_025C_1v80 
sky130_fd_sc_hs__o32ai_1                  82      917.482                     sky130_fd_sc_hs__tt_025C_1v80 
sky130_fd_sc_hs__o41a_1                    2       28.771                     sky130_fd_sc_hs__tt_025C_1v80 
sky130_fd_sc_hs__o41ai_1                   2       22.378                     sky130_fd_sc_hs__tt_025C_1v80 
sky130_fd_sc_hs__o41ai_2                   1       20.779                     sky130_fd_sc_hs__tt_025C_1v80 
sky130_fd_sc_hs__o41ai_4                  31     1040.558                     sky130_fd_sc_hs__tt_025C_1v80 
sky130_fd_sc_hs__or2_1                   495     3956.040                     sky130_fd_sc_hs__tt_025C_1v80 
sky130_fd_sc_hs__or2_2                  1564    12499.488                     sky130_fd_sc_hs__tt_025C_1v80 
sky130_fd_sc_hs__or2_4                    39      561.038                     sky130_fd_sc_hs__tt_025C_1v80 
sky130_fd_sc_hs__or2b_2                    3       33.566                     sky130_fd_sc_hs__tt_025C_1v80 
sky130_fd_sc_hs__or2b_4                    3       57.542                     sky130_fd_sc_hs__tt_025C_1v80 
sky130_fd_sc_hs__or3_1                    13      124.675                     sky130_fd_sc_hs__tt_025C_1v80 
sky130_fd_sc_hs__or3_4                     1       17.582                     sky130_fd_sc_hs__tt_025C_1v80 
sky130_fd_sc_hs__or3b_1                    2       25.574                     sky130_fd_sc_hs__tt_025C_1v80 
sky130_fd_sc_hs__or3b_2                   35      447.552                     sky130_fd_sc_hs__tt_025C_1v80 
sky130_fd_sc_hs__or3b_4                    3       57.542                     sky130_fd_sc_hs__tt_025C_1v80 
sky130_fd_sc_hs__or4_1                   145     1622.376                     sky130_fd_sc_hs__tt_025C_1v80 
sky130_fd_sc_hs__or4b_2                   41      589.810                     sky130_fd_sc_hs__tt_025C_1v80 
sky130_fd_sc_hs__sdfxtp_1               4131   151868.779                     sky130_fd_sc_hs__tt_025C_1v80 
sky130_fd_sc_hs__sdfxtp_2                  5      199.800                     sky130_fd_sc_hs__tt_025C_1v80 
sky130_fd_sc_hs__xnor2_1               26209   293247.259                     sky130_fd_sc_hs__tt_025C_1v80 
sky130_fd_sc_hs__xnor2_2                  39      685.714                     sky130_fd_sc_hs__tt_025C_1v80 
sky130_fd_sc_hs__xnor2_4                   4      121.478                     sky130_fd_sc_hs__tt_025C_1v80 
sky130_fd_sc_hs__xnor3_1                  35      951.048                     sky130_fd_sc_hs__tt_025C_1v80 
sky130_fd_sc_hs__xor2_1                  460     5882.112                     sky130_fd_sc_hs__tt_025C_1v80 
sky130_fd_sc_hs__xor2_2                    2       31.968                     sky130_fd_sc_hs__tt_025C_1v80 
sky130_sram_0kbytes_1rw1r_32x64_8         48  4720932.653 sky130_sram_0kbytes_1rw1r_32x64_8_TT_1p8V_25C_lib 
sky130_sram_0kbytes_1rw1r_48x16_8         39  3129588.166 sky130_sram_0kbytes_1rw1r_48x16_8_TT_1p8V_25C_lib 
------------------------------------------------------------------------------------------------------------
total                                 181111 10304373.310                                                   



                                                                                    
                     Library                      Instances     Area    Instances % 
------------------------------------------------------------------------------------
sky130_fd_sc_hs__tt_025C_1v80                        181024 2453852.491       100.0 
sky130_sram_0kbytes_1rw1r_32x64_8_TT_1p8V_25C_lib        48 4720932.653         0.0 
sky130_sram_0kbytes_1rw1r_48x16_8_TT_1p8V_25C_lib        39 3129588.166         0.0 


                                             
     Type      Instances     Area     Area % 
---------------------------------------------
timing_model          87  7850520.818   76.2 
sequential         17821   525865.608    5.1 
inverter           15045    92916.590    0.9 
buffer             14320   151259.789    1.5 
logic             133838  1683810.504   16.3 
physical_cells         0        0.000    0.0 
---------------------------------------------
total             181111 10304373.310  100.0 

