============================================================
  Generated by:           Genus(TM) Synthesis Solution 25.12-s067_1
  Generated on:           Jul 03 2026  07:29:42 pm
  Module:                 fa_top
  Technology libraries:   sky130_fd_sc_hs__tt_025C_1v80 1.0000000000
                          sky130_sram_0kbytes_1rw1r_32x64_8_TT_1p8V_25C_lib 
                          sky130_sram_0kbytes_1rw1r_48x16_8_TT_1p8V_25C_lib 
                          physical_cells 
  Operating conditions:   typ 
  Interconnect mode:      global
  Area mode:              physical library
============================================================

 
  Hierarchy Report Format : 
 
    level instance ( module ) <status>
 
    status :    preserve_<value> -- indicating preserve hierachy or inherited_preserve value
           :    blackbox --  indicating  unresolved instance
 
==================================================================

 0 fa_top
  1 u_regs ( axi_lite_regs ) 
     2 mux_error_latched_reg_147_36 ( bmux_5_36 ) 
     2 mux_error_latched_reg_152_36 ( bmux_5_36 ) 
     2 mux_error_latched_reg_162_36 ( bmux_5_36 ) 
     2 ctl_awaddr_reg_144_19 ( case_box ) 
     2 mux_error_latched_reg_144_19 ( mux ) 
     2 mux_error_latched_reg_143_13 ( bmux_5_36 ) 
     2 mux_done_latched_reg_160_36 ( bmux_5_36 ) 
     2 mux_done_latched_reg_144_19 ( mux ) 
     2 mux_done_latched_reg_143_13 ( bmux_5_36 ) 
     2 mux_soft_reset_pulse_144_19 ( mux_29 ) 
     2 mux_soft_reset_pulse_143_13 ( bmux_5_36 ) 
     2 mux_start_pulse_144_19 ( mux_29 ) 
     2 mux_start_pulse_143_13 ( bmux_5_36 ) 
     2 ctl_s_araddr_189_19 ( case_box_38 ) 
     2 mux_s_rdata_189_19 ( mux_37 ) 
     2 mux_aw_hold_reg_143_13 ( bmux_5_36 ) 
     2 apply_wstrb_165_37:mux_apply_wstrb_104_17 ( bmux ) 
     2 apply_wstrb_165_37:mux_apply_wstrb_104_5 ( bmux ) 
     2 apply_wstrb_165_37:mux_apply_wstrb_104_6 ( bmux ) 
     2 apply_wstrb_165_37:mux_apply_wstrb_104_7 ( bmux ) 
     2 apply_wstrb_166_39:mux_apply_wstrb_104_17 ( bmux ) 
     2 apply_wstrb_166_39:mux_apply_wstrb_104_5 ( bmux ) 
     2 apply_wstrb_166_39:mux_apply_wstrb_104_6 ( bmux ) 
     2 apply_wstrb_166_39:mux_apply_wstrb_104_7 ( bmux ) 
     2 apply_wstrb_167_39:mux_apply_wstrb_104_17 ( bmux ) 
     2 apply_wstrb_167_39:mux_apply_wstrb_104_5 ( bmux ) 
     2 apply_wstrb_167_39:mux_apply_wstrb_104_6 ( bmux ) 
     2 apply_wstrb_167_39:mux_apply_wstrb_104_7 ( bmux ) 
     2 apply_wstrb_168_39:mux_apply_wstrb_104_17 ( bmux ) 
     2 apply_wstrb_168_39:mux_apply_wstrb_104_5 ( bmux ) 
     2 apply_wstrb_168_39:mux_apply_wstrb_104_6 ( bmux ) 
     2 apply_wstrb_168_39:mux_apply_wstrb_104_7 ( bmux ) 
     2 apply_wstrb_169_39:mux_apply_wstrb_104_17 ( bmux ) 
     2 apply_wstrb_169_39:mux_apply_wstrb_104_5 ( bmux ) 
     2 apply_wstrb_169_39:mux_apply_wstrb_104_6 ( bmux ) 
     2 apply_wstrb_169_39:mux_apply_wstrb_104_7 ( bmux ) 
     2 apply_wstrb_170_39:mux_apply_wstrb_104_17 ( bmux ) 
     2 apply_wstrb_170_39:mux_apply_wstrb_104_5 ( bmux ) 
     2 apply_wstrb_170_39:mux_apply_wstrb_104_6 ( bmux ) 
     2 apply_wstrb_170_39:mux_apply_wstrb_104_7 ( bmux ) 
     2 apply_wstrb_171_39:mux_apply_wstrb_104_17 ( bmux ) 
     2 apply_wstrb_171_39:mux_apply_wstrb_104_5 ( bmux ) 
     2 apply_wstrb_171_39:mux_apply_wstrb_104_6 ( bmux ) 
     2 apply_wstrb_171_39:mux_apply_wstrb_104_7 ( bmux ) 
     2 apply_wstrb_172_39:mux_apply_wstrb_104_17 ( bmux ) 
     2 apply_wstrb_172_39:mux_apply_wstrb_104_5 ( bmux ) 
     2 apply_wstrb_172_39:mux_apply_wstrb_104_6 ( bmux ) 
     2 apply_wstrb_172_39:mux_apply_wstrb_104_7 ( bmux ) 
     2 apply_wstrb_173_39:mux_apply_wstrb_104_17 ( bmux ) 
     2 apply_wstrb_173_39:mux_apply_wstrb_104_5 ( bmux ) 
     2 apply_wstrb_173_39:mux_apply_wstrb_104_6 ( bmux ) 
     2 apply_wstrb_173_39:mux_apply_wstrb_104_7 ( bmux ) 
     2 apply_wstrb_174_43:mux_apply_wstrb_104_17 ( bmux ) 
     2 apply_wstrb_174_43:mux_apply_wstrb_104_5 ( bmux ) 
     2 apply_wstrb_174_43:mux_apply_wstrb_104_6 ( bmux ) 
     2 apply_wstrb_174_43:mux_apply_wstrb_104_7 ( bmux ) 
     2 apply_wstrb_175_49:mux_apply_wstrb_104_17 ( bmux ) 
     2 apply_wstrb_175_49:mux_apply_wstrb_104_5 ( bmux ) 
     2 apply_wstrb_175_49:mux_apply_wstrb_104_6 ( bmux ) 
     2 apply_wstrb_175_49:mux_apply_wstrb_104_7 ( bmux ) 
     2 apply_wstrb_176_41:mux_apply_wstrb_104_17 ( bmux ) 
     2 apply_wstrb_176_41:mux_apply_wstrb_104_5 ( bmux ) 
     2 apply_wstrb_176_41:mux_apply_wstrb_104_6 ( bmux ) 
     2 apply_wstrb_176_41:mux_apply_wstrb_104_7 ( bmux ) 
  1 u_task ( task_ctrl ) 
     2 ctl_state_reg_43_15 ( case_box_58 ) 
     2 mux_task_busy_43_15 ( mux_43 ) 
     2 mux_state_reg_60_21 ( bmux_44_59 ) 
     2 mux_state_reg_71_21 ( bmux_45_60 ) 
     2 mux_state_reg_82_21 ( bmux_5_36 ) 
     2 mux_state_reg_43_15 ( mux_47 ) 
     2 mux_init_start_47_21 ( bmux_5_36 ) 
     2 mux_init_start_43_15 ( mux_29 ) 
     2 mux_run_enable_75_30 ( bmux_5_36 ) 
     2 mux_run_enable_71_21 ( bmux_5_36 ) 
     2 mux_run_enable_43_15 ( mux_55 ) 
     2 mux_task_error_43_15 ( mux_60 ) 
     2 mux_task_done_pulse_43_15 ( mux_29 ) 
     2 ctl_43_15 ( case_box_61 ) 
     2 mux_task_busy_43_18 ( mux_29 ) 
  1 u_perf ( perf_counters ) 
     2 add_46_38 ( add_unsigned ) 
     2 add_47_53 ( add_unsigned ) 
     2 add_48_74 ( add_unsigned ) 
     2 add_49_77 ( add_unsigned ) 
     2 add_50_65 ( add_unsigned ) 
     2 add_51_65 ( add_unsigned ) 
     2 add_52_71 ( add_unsigned ) 
     2 add_53_58 ( add_unsigned ) 
     2 add_54_61 ( add_unsigned ) 
     2 add_55_62 ( add_unsigned ) 
     2 ctl_read_index_60_11 ( case_box_75 ) 
     2 mux_read_data_60_11 ( mux_95 ) 
  1 u_page ( page_manager ) 
     2 lt_210_41 ( lt_unsigned ) 
     2 add_211_61 ( add_unsigned_99 ) 
     2 add_312_58 ( add_unsigned_99 ) 
     2 mux_cmd_valid_173_21 ( bmux_5_36 ) 
     2 mux_cmd_valid_210_59 ( bmux_5_36 ) 
     2 ctl_prefetch_state_reg_209_21 ( case_box_131 ) 
     2 mux_cmd_valid_209_21 ( mux ) 
     2 mux_state_reg_254_21 ( bmux_45_60 ) 
     2 mux_state_reg_309_40 ( bmux_44_59 ) 
     2 mux_next_tile_pending_reg_254_21 ( bmux_5_36 ) 
     2 ctl_state_reg_134_15 ( case_box_132 ) 
     2 mux_next_tile_pending_reg_134_15 ( mux_60 ) 
     2 mux_active_k_page_134_15 ( mux_55 ) 
     2 mux_prefetch_page_reg_134_15 ( mux_29 ) 
     2 mux_kv_ready_reg_134_15 ( mux_124 ) 
     2 mux_q_ready_reg_134_15 ( mux ) 
     2 mux_finalize_start_254_21 ( bmux_5_36 ) 
     2 mux_finalize_start_134_15 ( mux_29 ) 
     2 mux_o_store_start_134_15 ( mux_29 ) 
     2 mux_v_load_start_209_21 ( mux_29 ) 
     2 mux_v_load_start_134_15 ( mux_55 ) 
     2 mux_k_load_start_209_21 ( mux_29 ) 
     2 mux_k_load_start_134_15 ( mux ) 
     2 mux_q_load_start_134_15 ( mux_29 ) 
     2 mux_active_q_page_134_15 ( mux_29 ) 
     2 mux_cmd_base_addr_209_21 ( mux_155 ) 
     2 mux_cmd_base_addr_134_15 ( mux_156 ) 
     2 mux_cmd_page_209_21 ( mux_29 ) 
     2 mux_cmd_page_134_15 ( mux_124 ) 
     2 mux_cmd_kind_209_21 ( mux_161 ) 
     2 mux_cmd_kind_134_15 ( mux_43 ) 
     2 mux_error_140_27 ( bmux_5_36 ) 
     2 mux_error_134_15 ( mux_29 ) 
     2 mux_done_134_15 ( mux_29 ) 
     2 mux_prefetch_tile_reg_134_15 ( mux_170 ) 
     2 mux_active_q_group_134_15 ( mux_170 ) 
     2 mux_active_kv_tile_134_15 ( mux_176 ) 
     2 mux_prefetch_state_reg_209_21 ( mux_181 ) 
     2 mux_prefetch_state_reg_254_21 ( bmux_44_59 ) 
     2 mux_prefetch_state_reg_134_15 ( mux_183 ) 
     2 mux_cmd_valid_134_15 ( mux_185 ) 
     2 mux_state_reg_134_15 ( mux_187 ) 
     2 add_group_offset_158_38:add_87_33 ( add_unsigned_97 ) 
     2 add_group_offset_177_38:add_87_33 ( add_unsigned_97 ) 
     2 add_group_offset_194_38:add_87_33 ( add_unsigned_97 ) 
     2 add_group_offset_216_42:add_87_33 ( add_unsigned_97 ) 
     2 add_group_offset_231_42:add_87_33 ( add_unsigned_97 ) 
     2 add_group_offset_299_38:add_87_33 ( add_unsigned_97 ) 
     2 mux_expect_tag_reg_134_15 ( mux_1032 ) 
     2 mux_cmd_tag_209_21 ( mux_1033 ) 
     2 mux_cmd_tag_134_15 ( mux_1034 ) 
     2 mux_prefetch_expect_tag_reg_134_15 ( mux_1035 ) 
  1 u_dma ( dma_engine ) 
     2 u_read ( dma_read_master_ADDR_WIDTH64_DATA_WIDTH128_TAG_WIDTH8 ) 
        3 sub_110_48 ( sub_unsigned ) 
        3 eq_69_34 ( equal_unsigned_194 ) 
        3 sub_121_54 ( sub_unsigned_196 ) 
        3 lt_61_42 ( lt_unsigned_199 ) 
        3 lt_60_44 ( lt_unsigned_202 ) 
        3 eq_59_48 ( equal_unsigned_204 ) 
        3 sub_58_36 ( sub_unsigned_206 ) 
        3 gt_128_74 ( gt_unsigned ) 
        3 sub_128_115 ( sub_unsigned ) 
        3 add_122_60 ( add_unsigned_211 ) 
        3 add_124_46 ( add_unsigned_97 ) 
        3 mux_59_48 ( bmux_218 ) 
        3 mux_60_44 ( bmux_218 ) 
        3 mux_128_74 ( bmux ) 
        3 mux_state_reg_125_44 ( bmux_5_36 ) 
        3 ctl_state_reg_94_15 ( case_box_156 ) 
        3 mux_addr_reg_94_15 ( mux_155 ) 
        3 mux_done_valid_94_15 ( mux_29 ) 
        3 mux_m_axi_arvalid_111_35 ( bmux_5_36 ) 
        3 mux_m_axi_arvalid_94_15 ( mux_29 ) 
        3 mux_beat_in_burst_reg_94_15 ( mux_152 ) 
        3 mux_beats_left_reg_94_15 ( mux_241 ) 
        3 mux_burst_beats_reg_94_15 ( mux_152 ) 
        3 mux_state_reg_94_15 ( mux_245 ) 
        3 mux_61_42 ( bmux_1026 ) 
     2 u_write ( dma_write_master_ADDR_WIDTH64_DATA_WIDTH128_TAG_WIDTH8 ) 
        3 sub_114_56 ( sub_unsigned ) 
        3 eq_140_40 ( equal_unsigned_194 ) 
        3 sub_80_68 ( sub_unsigned_269 ) 
        3 sub_123_54 ( sub_unsigned_196 ) 
        3 add_55_14 ( add_unsigned_97 ) 
        3 add_122_60 ( add_unsigned_275 ) 
        3 mux_state_reg_140_40 ( bmux_5_36 ) 
        3 mux_done_valid_140_40 ( bmux_5_36 ) 
        3 mux_done_valid_136_21 ( bmux_5_36 ) 
        3 ctl_state_reg_99_15 ( case_box_166 ) 
        3 mux_done_valid_99_15 ( mux_29 ) 
        3 mux_m_axi_awvalid_115_35 ( bmux_5_36 ) 
        3 mux_beat_in_burst_reg_99_15 ( mux_294 ) 
        3 mux_beats_left_reg_99_15 ( mux_241 ) 
        3 mux_addr_reg_99_15 ( mux_155 ) 
        3 mux_burst_beats_reg_99_15 ( mux_170 ) 
        3 mux_state_reg_99_15 ( mux_55 ) 
        3 mux_state_reg_99_27 ( bmux_303 ) 
        3 select_burst_beats_104_40:gt_68_45 ( gt_unsigned ) 
        3 select_burst_beats_104_40:lt_66_42 ( lt_unsigned_252 ) 
        3 select_burst_beats_104_40:eq_64_39 ( equal_unsigned_204 ) 
        3 select_burst_beats_104_40:sub_65_35 ( sub_unsigned_256 ) 
        3 select_burst_beats_104_40:mux_64_39 ( bmux_218 ) 
        3 select_burst_beats_104_40:mux_68_45 ( bmux_171 ) 
        3 select_burst_beats_145_44:gt_68_45 ( gt_unsigned ) 
        3 select_burst_beats_145_44:lt_66_42 ( lt_unsigned_252 ) 
        3 select_burst_beats_145_44:eq_64_39 ( equal_unsigned_204 ) 
        3 select_burst_beats_145_44:sub_65_35 ( sub_unsigned_256 ) 
        3 select_burst_beats_145_44:mux_64_39 ( bmux_218 ) 
        3 select_burst_beats_145_44:mux_66_42 ( bmux_242 ) 
        3 select_burst_beats_145_44:mux_68_45 ( bmux_171 ) 
        3 select_burst_beats_104_40:mux_66_42 ( bmux_1036 ) 
     2 mux_83_19 ( bmux ) 
     2 mux_82_20 ( bmux_5_36 ) 
     2 mux_81_20 ( bmux_45_60 ) 
     2 mux_79_20 ( bmux_5_36 ) 
  1 u_q_adapter ( q_load_store_adapter ) 
     2 u_store ( o_store_adapter ) 
        3 add_37_52 ( add_unsigned_316 ) 
        3 lt_39_34 ( lt_unsigned_319 ) 
        3 add_78_44 ( add_unsigned_321 ) 
        3 add_88_44 ( add_unsigned_321 ) 
        3 add_102_55 ( add_unsigned_325 ) 
        3 sub_103_55 ( sub_unsigned_327 ) 
        3 add_87_48 ( add_unsigned_325 ) 
        3 add_92_48 ( add_unsigned_325 ) 
        3 add_96_53 ( add_unsigned_335 ) 
        3 sub_97_53 ( sub_unsigned_337 ) 
        3 mux_rsp_fifo_count_95_9 ( bmux_338 ) 
        3 mux_rsp_fifo_last[rsp_fifo_rd_ptr]_47_18 ( bmux_303 ) 
        3 mux_rsp_fifo_rd_ptr_91_13 ( bmux_45_60 ) 
        3 mux_outstanding_reg_101_9 ( bmux_343 ) 
        3 mux_rsp_fifo_data[rsp_fifo_rd_ptr]_46_18 ( bmux_347 ) 
        3 mux_rsp_fifo_wr_ptr_84_13 ( bmux_45_60 ) 
        3 mux_rsp_count_reg_84_13 ( bmux_350 ) 
        3 mux_busy_106_22 ( bmux_5_36 ) 
        3 mux_req_count_reg_74_13 ( bmux_350 ) 
        3 ctl_rsp_fifo_wr_ptr_85_13 ( case_box_189 ) 
     2 add_103_50 ( add_unsigned_365 ) 
     2 mux_q_load_busy_reg_104_34 ( bmux_5_36 ) 
     2 mux_q_load_busy_reg_96_22 ( bmux_5_36 ) 
     2 mux_q_load_busy_reg_89_32 ( bmux_5_36 ) 
     2 mux_q_load_busy_reg_82_13 ( bmux_5_36 ) 
     2 ctl_62_9 ( case_box_202 ) 
     2 mux_q_load_count_reg_62_9 ( mux_371 ) 
     2 ctl_62_24 ( case_box_203 ) 
     2 mux_q_rw_wdata_62_9 ( mux_372 ) 
     2 mux_q_rw_addr_62_9 ( mux_176 ) 
     2 mux_q_rw_pair_62_9 ( mux_245 ) 
     2 mux_q_rw_write_62_9 ( mux_55 ) 
     2 mux_q_rw_valid_62_9 ( mux_60 ) 
     2 ctl_62_29 ( case_box_218 ) 
     2 mux_q_load_done_62_9 ( mux_124 ) 
  1 u_k_adapter ( k_load_adapter ) 
     2 add_53_46 ( add_unsigned_365 ) 
     2 mux_busy_54_32 ( bmux_5_36 ) 
     2 mux_beat_count_reg_48_13 ( bmux_383 ) 
     2 mux_done_54_32 ( bmux_5_36 ) 
     2 mux_done_48_13 ( bmux_5_36 ) 
     2 mux_busy_48_13 ( bmux_5_36 ) 
  1 u_v_adapter ( v_load_adapter ) 
     2 add_53_46 ( add_unsigned_365 ) 
     2 mux_busy_54_32 ( bmux_5_36 ) 
     2 mux_beat_count_reg_48_13 ( bmux_383 ) 
     2 mux_done_54_32 ( bmux_5_36 ) 
     2 mux_done_48_13 ( bmux_5_36 ) 
     2 mux_busy_48_13 ( bmux_5_36 ) 
  1 u_sched ( score_scheduler ) 
     2 mux_pending_reg_147_17 ( bmux_414 ) 
     2 dcd_pending_reg_148_17 ( Decoder_3_7_0 ) 
     2 mux_pending_reg_148_17 ( bmux_5_36 ) 
     2 mux_pending_reg_148_6 ( bmux_5_36 ) 
     2 mux_pending_reg_148_7 ( bmux_5_36 ) 
     2 mux_pending_reg_148_8 ( bmux_5_36 ) 
     2 mux_pending_reg_148_9 ( bmux_5_36 ) 
     2 mux_pending_reg_148_10 ( bmux_5_36 ) 
     2 mux_pending_reg_148_11 ( bmux_5_36 ) 
     2 mux_pending_reg_148_12 ( bmux_5_36 ) 
     2 dcd_fin_pending_reg_153_13 ( Decoder_3_7_0_244 ) 
     2 mux_fin_pending_reg_153_13 ( bmux_5_36 ) 
     2 mux_fin_pending_reg_153_14 ( bmux_5_36 ) 
     2 mux_fin_pending_reg_153_15 ( bmux_5_36 ) 
     2 mux_fin_pending_reg_153_16 ( bmux_5_36 ) 
     2 mux_fin_pending_reg_153_17 ( bmux_5_36 ) 
     2 mux_fin_pending_reg_153_18 ( bmux_5_36 ) 
     2 mux_fin_pending_reg_153_19 ( bmux_5_36 ) 
     2 mux_fin_pending_reg_153_20 ( bmux_5_36 ) 
     2 mux_pending_reg_202_38 ( bmux_414 ) 
     2 dcd_pending_reg_227_21 ( Decoder_3_7_0_258 ) 
     2 mux_pending_reg_227_21 ( bmux_5_36 ) 
     2 mux_pending_reg_227_32 ( bmux_5_36 ) 
     2 mux_pending_reg_227_33 ( bmux_5_36 ) 
     2 mux_pending_reg_227_34 ( bmux_5_36 ) 
     2 mux_pending_reg_227_35 ( bmux_5_36 ) 
     2 mux_pending_reg_227_36 ( bmux_5_36 ) 
     2 mux_pending_reg_227_37 ( bmux_5_36 ) 
     2 mux_pending_reg_227_38 ( bmux_5_36 ) 
     2 dcd_fin_pending_reg_263_21 ( Decoder_3_7_0_262 ) 
     2 mux_fin_pending_reg_263_21 ( bmux_5_36 ) 
     2 mux_fin_pending_reg_263_40 ( bmux_5_36 ) 
     2 mux_fin_pending_reg_263_41 ( bmux_5_36 ) 
     2 mux_fin_pending_reg_263_42 ( bmux_5_36 ) 
     2 mux_fin_pending_reg_263_43 ( bmux_5_36 ) 
     2 mux_fin_pending_reg_263_44 ( bmux_5_36 ) 
     2 mux_fin_pending_reg_263_45 ( bmux_5_36 ) 
     2 mux_fin_pending_reg_263_46 ( bmux_5_36 ) 
     2 lte_86_32 ( leq_unsigned ) 
     2 add_186_54 ( add_unsigned_335 ) 
     2 add_229_52 ( add_unsigned_335 ) 
     2 add_232_50 ( add_unsigned_335 ) 
     2 add_266_48 ( add_unsigned_335 ) 
     2 add_228_60 ( add_unsigned_211 ) 
     2 mux_fin_pending_reg_152_13 ( bmux ) 
     2 mux_fin_pending_reg_157_27 ( bmux ) 
     2 mux_pending_reg_147_106 ( bmux ) 
     2 mux_pending_reg_144_13 ( bmux ) 
     2 mux_pending_reg_157_27 ( bmux ) 
     2 mux_ctx_issue_reg_230_39 ( bmux_44_59 ) 
     2 mux_score_valid_203_25 ( bmux_5_36 ) 
     2 mux_score_valid_202_34 ( bmux_5_36 ) 
     2 mux_pending_reg_226_21 ( bmux ) 
     2 mux_fin_pending_reg_256_21 ( bmux ) 
     2 mux_state_reg_240_41 ( bmux_44_59 ) 
     2 mux_state_reg_274_40 ( bmux_45_60 ) 
     2 ctl_state_reg_155_15 ( case_box_308 ) 
     2 mux_token_counter_reg_155_15 ( mux_152 ) 
     2 mux_l_mem[0]_157_27 ( bmux_495 ) 
     2 mux_l_mem[0]_155_15 ( mux_496 ) 
     2 mux_m_mem[0]_157_27 ( bmux_17_37 ) 
     2 mux_m_mem[0]_155_15 ( mux_520 ) 
     2 mux_l_mem[fin_idx_reg]_262_39 ( bmux_543 ) 
     2 mux_m_mem[fin_idx_reg]_261_39 ( bmux_545 ) 
     2 mux_m_mem[ctx_issue_reg]_211_40 ( bmux_545 ) 
     2 mux_group_done_272_37 ( bmux_5_36 ) 
     2 mux_group_done_155_15 ( mux_29 ) 
     2 mux_tile_done_244_34 ( bmux_5_36 ) 
     2 mux_tile_done_240_41 ( bmux_5_36 ) 
     2 mux_tile_done_239_33 ( bmux_5_36 ) 
     2 mux_tile_done_155_15 ( mux_29 ) 
     2 mux_done_155_15 ( mux_29 ) 
     2 mux_finalize_req_valid_256_21 ( bmux_5_36 ) 
     2 mux_finalize_req_valid_155_15 ( mux_29 ) 
     2 mux_kv_row_reg_155_15 ( mux_574 ) 
     2 mux_ctx_issue_reg_226_21 ( bmux_44_59 ) 
     2 mux_ctx_issue_reg_155_15 ( mux_574 ) 
     2 mux_score_valid_155_15 ( mux_29 ) 
     2 mux_pending_reg_155_15 ( mux_583 ) 
     2 mux_fin_idx_reg_155_15 ( mux_574 ) 
     2 mux_fin_pending_reg_155_15 ( mux_583 ) 
     2 mux_group_wait_drop_reg_155_15 ( mux ) 
     2 mux_init_valid_184_36 ( bmux_5_36 ) 
     2 mux_init_valid_172_21 ( bmux_5_36 ) 
     2 mux_init_idx_reg_155_15 ( mux_574 ) 
     2 mux_state_reg_155_15 ( mux_596 ) 
     2 ctl_complete_context_145_13 ( case_box_309 ) 
  1 u_core ( packed_compute_core ) 
     2 u_dot ( dot_frontend_TOKEN_WIDTH16 ) 
        3 u_q_sram ( qk_sram_cluster ) 
           4 g_bank[0].u_bank ( sky130_sram_0kbytes_1rw1r_64x32_8_wrapper ) 
           4 g_bank[1].u_bank ( sky130_sram_0kbytes_1rw1r_64x32_8_wrapper ) 
           4 g_bank[2].u_bank ( sky130_sram_0kbytes_1rw1r_64x32_8_wrapper ) 
           4 g_bank[3].u_bank ( sky130_sram_0kbytes_1rw1r_64x32_8_wrapper ) 
           4 g_bank[4].u_bank ( sky130_sram_0kbytes_1rw1r_64x32_8_wrapper ) 
           4 g_bank[5].u_bank ( sky130_sram_0kbytes_1rw1r_64x32_8_wrapper ) 
           4 g_bank[6].u_bank ( sky130_sram_0kbytes_1rw1r_64x32_8_wrapper ) 
           4 g_bank[7].u_bank ( sky130_sram_0kbytes_1rw1r_64x32_8_wrapper ) 
           4 g24 ( and_op_342 ) 
           4 mux_rw_rdata_86_11 ( bmux_347 ) 
           4 mux_rw_rvalid_86_11 ( bmux_303 ) 
        3 u_k_sram ( qk_sram_cluster ) 
           4 g_bank[0].u_bank ( sky130_sram_0kbytes_1rw1r_64x32_8_wrapper ) 
           4 g_bank[1].u_bank ( sky130_sram_0kbytes_1rw1r_64x32_8_wrapper ) 
           4 g_bank[2].u_bank ( sky130_sram_0kbytes_1rw1r_64x32_8_wrapper ) 
           4 g_bank[3].u_bank ( sky130_sram_0kbytes_1rw1r_64x32_8_wrapper ) 
           4 g_bank[4].u_bank ( sky130_sram_0kbytes_1rw1r_64x32_8_wrapper ) 
           4 g_bank[5].u_bank ( sky130_sram_0kbytes_1rw1r_64x32_8_wrapper ) 
           4 g_bank[6].u_bank ( sky130_sram_0kbytes_1rw1r_64x32_8_wrapper ) 
           4 g_bank[7].u_bank ( sky130_sram_0kbytes_1rw1r_64x32_8_wrapper ) 
           4 g24 ( and_op_342 ) 
           4 mux_rw_rdata_86_11 ( bmux_347 ) 
           4 mux_rw_rvalid_86_11 ( bmux_303 ) 
        3 eq_264_76 ( equal_unsigned_623 ) 
        3 add_135_77 ( add_signed_625 ) 
        3 mul_221_45_I32 ( mult_signed ) 
        3 mul_221_45_I31 ( mult_signed ) 
        3 mul_221_45_I30 ( mult_signed ) 
        3 mul_221_45_I29 ( mult_signed ) 
        3 mul_221_45_I28 ( mult_signed ) 
        3 mul_221_45_I27 ( mult_signed ) 
        3 mul_221_45_I26 ( mult_signed ) 
        3 mul_221_45_I25 ( mult_signed ) 
        3 mul_221_45_I24 ( mult_signed ) 
        3 mul_221_45_I23 ( mult_signed ) 
        3 mul_221_45_I22 ( mult_signed ) 
        3 mul_221_45_I21 ( mult_signed ) 
        3 mul_221_45_I20 ( mult_signed ) 
        3 mul_221_45_I19 ( mult_signed ) 
        3 mul_221_45_I18 ( mult_signed ) 
        3 mul_221_45_I17 ( mult_signed ) 
        3 mul_221_45_I16 ( mult_signed ) 
        3 mul_221_45_I15 ( mult_signed ) 
        3 mul_221_45_I14 ( mult_signed ) 
        3 mul_221_45_I13 ( mult_signed ) 
        3 mul_221_45_I12 ( mult_signed ) 
        3 mul_221_45_I11 ( mult_signed ) 
        3 mul_221_45_I10 ( mult_signed ) 
        3 mul_221_45_I9 ( mult_signed ) 
        3 mul_221_45_I8 ( mult_signed ) 
        3 mul_221_45_I7 ( mult_signed ) 
        3 mul_221_45_I6 ( mult_signed ) 
        3 mul_221_45_I5 ( mult_signed ) 
        3 mul_221_45_I4 ( mult_signed ) 
        3 mul_221_45_I3 ( mult_signed ) 
        3 mul_221_45_I2 ( mult_signed ) 
        3 mul_221_45_I1 ( mult_signed ) 
        3 add_239_69_I4 ( add_signed_3985 ) 
        3 add_239_69_I3 ( add_signed_3985 ) 
        3 add_239_69_I2 ( add_signed_3985 ) 
        3 add_239_69_I1 ( add_signed_3985 ) 
        3 add_248_75_I2 ( add_signed_3993 ) 
        3 add_248_75_I1 ( add_signed_3993 ) 
        3 add_255_79 ( add_signed_3997 ) 
        3 mux_101_21 ( bmux_5_36 ) 
        3 mux_102_26 ( bmux_45_60 ) 
        3 mux_103_26 ( bmux_171 ) 
        3 mux_104_28 ( bmux_242 ) 
        3 mux_105_29 ( bmux_386 ) 
        3 mux_127_20 ( bmux_171 ) 
        3 mux_130_20 ( bmux_171 ) 
        3 mux_213_29 ( bmux_242 ) 
        3 mux_saved_half_valid_reg_259_17 ( bmux_5_36 ) 
        3 mux_out_valid_259_17 ( bmux_5_36 ) 
        3 mux_out_valid_258_13 ( bmux_5_36 ) 
        3 sum_four_products_229_32_I1:add_117_39 ( add_signed ) 
        3 sum_four_products_229_32_I1:add_119_57 ( add_signed_619 ) 
        3 sum_four_products_229_32_I1:add_118_39 ( add_signed ) 
        3 sum_four_products_229_32_I2:add_117_39 ( add_signed ) 
        3 sum_four_products_229_32_I2:add_119_57 ( add_signed_619 ) 
        3 sum_four_products_229_32_I2:add_118_39 ( add_signed ) 
        3 sum_four_products_229_32_I3:add_117_39 ( add_signed ) 
        3 sum_four_products_229_32_I3:add_119_57 ( add_signed_619 ) 
        3 sum_four_products_229_32_I3:add_118_39 ( add_signed ) 
        3 sum_four_products_229_32_I4:add_117_39 ( add_signed ) 
        3 sum_four_products_229_32_I4:add_119_57 ( add_signed_619 ) 
        3 sum_four_products_229_32_I4:add_118_39 ( add_signed ) 
        3 sum_four_products_229_32_I5:add_117_39 ( add_signed ) 
        3 sum_four_products_229_32_I5:add_119_57 ( add_signed_619 ) 
        3 sum_four_products_229_32_I5:add_118_39 ( add_signed ) 
        3 sum_four_products_229_32_I6:add_117_39 ( add_signed ) 
        3 sum_four_products_229_32_I6:add_119_57 ( add_signed_619 ) 
        3 sum_four_products_229_32_I6:add_118_39 ( add_signed ) 
        3 sum_four_products_229_32_I7:add_117_39 ( add_signed ) 
        3 sum_four_products_229_32_I7:add_119_57 ( add_signed_619 ) 
        3 sum_four_products_229_32_I7:add_118_39 ( add_signed ) 
        3 sum_four_products_229_32_I8:add_117_39 ( add_signed ) 
        3 sum_four_products_229_32_I8:add_119_57 ( add_signed_619 ) 
        3 sum_four_products_229_32_I8:add_118_39 ( add_signed ) 
     2 u_score_exp ( score_exp_pipe_TOKEN_WIDTH16 ) 
        3 u_exp_rom ( score_exp_banked_rom ) 
           4 mux_out_data_2146_11 ( bmux_4054 ) 
           4 ctl_addr_10_61 ( case_box_454 ) 
           4 bank0_lookup_2130_22:mux_bank0_lookup_10_61 ( mux_4039 ) 
           4 bank1_lookup_2131_22:mux_bank1_lookup_141_61 ( mux_4038 ) 
           4 bank2_lookup_2132_22:mux_bank2_lookup_272_61 ( mux_4037 ) 
           4 bank3_lookup_2133_22:mux_bank3_lookup_403_61 ( mux_4036 ) 
           4 bank4_lookup_2134_22:mux_bank4_lookup_534_61 ( mux_4029 ) 
           4 bank5_lookup_2135_22:mux_bank5_lookup_665_61 ( mux_4034 ) 
           4 bank6_lookup_2136_22:mux_bank6_lookup_796_61 ( mux_4033 ) 
           4 bank7_lookup_2137_22:mux_bank7_lookup_927_61 ( mux_4032 ) 
           4 bank8_lookup_2138_22:mux_bank8_lookup_1058_61 ( mux_4031 ) 
           4 bank9_lookup_2139_22:mux_bank9_lookup_1189_61 ( mux_4030 ) 
           4 bank11_lookup_2141_23:mux_bank11_lookup_1451_62 ( mux_4035 ) 
        3 lte_68_42 ( leq_signed ) 
        3 minus_69_52 ( sub_unsigned_4064 ) 
        3 mul_92_43 ( mult_signed_4440 ) 
        3 gt_62_34 ( gt_signed ) 
        3 lt_63_34 ( lt_signed ) 
        3 gt_65_31 ( gt_signed_4445 ) 
        3 sub_67_37 ( sub_signed_4447 ) 
        3 sub_67_61 ( sub_signed_4447 ) 
        3 mux_63_34 ( bmux_17_37 ) 
        3 mux_62_34 ( bmux_17_37 ) 
        3 mux_66_37 ( bmux_17_37 ) 
        3 mux_65_31 ( bmux_17_37 ) 
        3 mux_69_24 ( bmux_4048 ) 
        3 mux_123_53 ( bmux_242 ) 
        3 mux_123_25 ( bmux_242 ) 
        3 mux_122_26 ( bmux_242 ) 
        3 round_shift16_98_26:gte_52_19 ( geq_signed ) 
        3 round_shift16_98_26:add_53_36 ( add_signed_4058 ) 
        3 round_shift16_98_26:minus_56_29 ( sub_signed ) 
        3 round_shift16_98_26:sub0048379 ( sub_signed_4060 ) 
        3 round_shift16_98_26:mux_round_shift16_52_19 ( bmux_4061 ) 
     2 u_fifo ( update_token_fifo_DEPTH8_TOKEN_WIDTH16 ) 
        3 add_56_38 ( add_unsigned_335 ) 
        3 add_59_38 ( add_unsigned_335 ) 
        3 add_61_43 ( add_unsigned_275 ) 
        3 sub_62_43 ( sub_unsigned_4479 ) 
        3 mux_count_reg_60_9 ( bmux_4480 ) 
        3 mux_token_mem[rd_ptr_reg]_42_20 ( bmux_4484 ) 
        3 mux_beta_mem[rd_ptr_reg]_41_19 ( bmux_4484 ) 
        3 mux_alpha_mem[rd_ptr_reg]_40_20 ( bmux_4484 ) 
        3 mux_m_mem[rd_ptr_reg]_39_20 ( bmux_545 ) 
        3 ctl_wr_ptr_reg_52_13 ( case_box_529 ) 
     2 u_update ( update_state_cluster_TOKEN_WIDTH16 ) 
        3 u_v_sram ( v_sram_cluster ) 
           4 g_bank[0].u_bank_p0 ( sky130_sram_0kbytes_1rw1r_64x64_8_wrapper ) 
           4 g_bank[0].u_bank_p1 ( sky130_sram_0kbytes_1rw1r_64x64_8_wrapper ) 
           4 g_bank[1].u_bank_p0 ( sky130_sram_0kbytes_1rw1r_64x64_8_wrapper ) 
           4 g_bank[1].u_bank_p1 ( sky130_sram_0kbytes_1rw1r_64x64_8_wrapper ) 
           4 g_bank[2].u_bank_p0 ( sky130_sram_0kbytes_1rw1r_64x64_8_wrapper ) 
           4 g_bank[2].u_bank_p1 ( sky130_sram_0kbytes_1rw1r_64x64_8_wrapper ) 
           4 g_bank[3].u_bank_p0 ( sky130_sram_0kbytes_1rw1r_64x64_8_wrapper ) 
           4 g_bank[3].u_bank_p1 ( sky130_sram_0kbytes_1rw1r_64x64_8_wrapper ) 
           4 g81 ( and_op_620 ) 
           4 g82 ( and_op_621 ) 
           4 g84 ( and_op_623 ) 
           4 g85 ( and_op_624 ) 
           4 add_67_84_I2 ( add_unsigned_365 ) 
           4 mux_81_35 ( bmux_5_36 ) 
           4 mux_83_34 ( bmux_383 ) 
           4 mux_65_35 ( bmux_5_36 ) 
           4 mux_67_34 ( bmux_383 ) 
           4 mux_143_24 ( bmux_85 ) 
           4 mux_142_24 ( bmux_85 ) 
           4 mux_141_24 ( bmux_85 ) 
           4 mux_140_24 ( bmux_85 ) 
           4 mux_139_24 ( bmux_85 ) 
           4 mux_138_24 ( bmux_85 ) 
           4 mux_137_24 ( bmux_85 ) 
           4 mux_136_24 ( bmux_85 ) 
           4 mux_133_24 ( bmux_5_36 ) 
           4 mux_rw_rdata_124_18 ( bmux_386 ) 
           4 mux_rw_rdata_121_18 ( bmux_386 ) 
           4 mux_rw_rdata_118_21 ( bmux_386 ) 
           4 mux_rw_rvalid_124_18 ( bmux_5_36 ) 
           4 mux_rw_rvalid_121_18 ( bmux_5_36 ) 
           4 mux_rw_rvalid_118_21 ( bmux_5_36 ) 
        3 u_acc_sram ( acc_sram_cluster ) 
           4 g_bank[0].u_bank ( sky130_sram_0kbytes_1rw1r_64x32_8_wrapper ) 
           4 g_bank[1].u_bank ( sky130_sram_0kbytes_1rw1r_64x32_8_wrapper ) 
           4 g_bank[2].u_bank ( sky130_sram_0kbytes_1rw1r_64x32_8_wrapper ) 
           4 g_bank[3].u_bank ( sky130_sram_0kbytes_1rw1r_64x32_8_wrapper ) 
           4 g_bank[4].u_bank ( sky130_sram_0kbytes_1rw1r_64x32_8_wrapper ) 
           4 g_bank[5].u_bank ( sky130_sram_0kbytes_1rw1r_64x32_8_wrapper ) 
           4 g_bank[6].u_bank ( sky130_sram_0kbytes_1rw1r_64x32_8_wrapper ) 
           4 g_bank[7].u_bank ( sky130_sram_0kbytes_1rw1r_64x32_8_wrapper ) 
           4 g_bank[8].u_bank ( sky130_sram_0kbytes_1rw1r_64x32_8_wrapper ) 
           4 g_bank[9].u_bank ( sky130_sram_0kbytes_1rw1r_64x32_8_wrapper ) 
           4 g_bank[10].u_bank ( sky130_sram_0kbytes_1rw1r_64x32_8_wrapper ) 
           4 g_bank[11].u_bank ( sky130_sram_0kbytes_1rw1r_64x32_8_wrapper ) 
           4 g1 ( and_op ) 
        3 u_meta_sram ( meta_sram_cluster ) 
           4 u_mem ( sky130_sram_0kbytes_1rw1r_128x16_16_timed_wrapper ) 
        3 add_337_54 ( add_unsigned_325 ) 
        3 add_356_56 ( add_unsigned_325 ) 
        3 mul_409_84_I16 ( mult_signed_4440 ) 
        3 mul_409_84_I15 ( mult_signed_4440 ) 
        3 mul_409_84_I14 ( mult_signed_4440 ) 
        3 mul_409_84_I13 ( mult_signed_4440 ) 
        3 mul_409_84_I12 ( mult_signed_4440 ) 
        3 mul_409_84_I11 ( mult_signed_4440 ) 
        3 mul_409_84_I10 ( mult_signed_4440 ) 
        3 mul_409_84_I9 ( mult_signed_4440 ) 
        3 mul_409_84_I8 ( mult_signed_4440 ) 
        3 mul_409_84_I7 ( mult_signed_4440 ) 
        3 mul_409_84_I6 ( mult_signed_4440 ) 
        3 mul_409_84_I5 ( mult_signed_4440 ) 
        3 mul_409_84_I4 ( mult_signed_4440 ) 
        3 mul_409_84_I3 ( mult_signed_4440 ) 
        3 mul_409_84_I2 ( mult_signed_4440 ) 
        3 mul_409_84_I1 ( mult_signed_4440 ) 
        3 mul_411_61_I16 ( mult_signed_10700 ) 
        3 mul_411_61_I15 ( mult_signed_10700 ) 
        3 mul_411_61_I14 ( mult_signed_10700 ) 
        3 mul_411_61_I13 ( mult_signed_10700 ) 
        3 mul_411_61_I12 ( mult_signed_10700 ) 
        3 mul_411_61_I11 ( mult_signed_10700 ) 
        3 mul_411_61_I10 ( mult_signed_10700 ) 
        3 mul_411_61_I9 ( mult_signed_10700 ) 
        3 mul_411_61_I8 ( mult_signed_10700 ) 
        3 mul_411_61_I7 ( mult_signed_10700 ) 
        3 mul_411_61_I6 ( mult_signed_10700 ) 
        3 mul_411_61_I5 ( mult_signed_10700 ) 
        3 mul_411_61_I4 ( mult_signed_10700 ) 
        3 mul_411_61_I3 ( mult_signed_10700 ) 
        3 mul_411_61_I2 ( mult_signed_10700 ) 
        3 mul_411_61_I1 ( mult_signed_10700 ) 
        3 add_424_51_I16 ( add_signed_12382 ) 
        3 add_424_51_I15 ( add_signed_12382 ) 
        3 add_424_51_I14 ( add_signed_12382 ) 
        3 add_424_51_I13 ( add_signed_12382 ) 
        3 add_424_51_I12 ( add_signed_12382 ) 
        3 add_424_51_I11 ( add_signed_12382 ) 
        3 add_424_51_I10 ( add_signed_12382 ) 
        3 add_424_51_I9 ( add_signed_12382 ) 
        3 add_424_51_I8 ( add_signed_12382 ) 
        3 add_424_51_I7 ( add_signed_12382 ) 
        3 add_424_51_I6 ( add_signed_12382 ) 
        3 add_424_51_I5 ( add_signed_12382 ) 
        3 add_424_51_I4 ( add_signed_12382 ) 
        3 add_424_51_I3 ( add_signed_12382 ) 
        3 add_424_51_I2 ( add_signed_12382 ) 
        3 add_424_51_I1 ( add_signed_12382 ) 
        3 mul_390_59 ( mult_signed_4440 ) 
        3 add_397_46 ( add_signed_12792 ) 
        3 mux_154_22 ( bmux_171 ) 
        3 mux_160_17 ( bmux_12817 ) 
        3 mux_166_40 ( bmux_85 ) 
        3 mux_166_160 ( bmux_85 ) 
        3 mux_166_161 ( bmux_85 ) 
        3 mux_166_162 ( bmux_85 ) 
        3 mux_166_163 ( bmux_85 ) 
        3 mux_166_164 ( bmux_85 ) 
        3 mux_166_165 ( bmux_85 ) 
        3 mux_166_166 ( bmux_85 ) 
        3 mux_166_167 ( bmux_85 ) 
        3 mux_166_168 ( bmux_85 ) 
        3 mux_166_169 ( bmux_85 ) 
        3 mux_166_170 ( bmux_85 ) 
        3 mux_148_22 ( bmux_171 ) 
        3 mux_meta_wr_en_323_24 ( bmux_5_36 ) 
        3 mux_meta_wr_addr_429_27 ( bmux_44_59 ) 
        3 ctl_l_mul_context_reg_395_13 ( case_box_769 ) 
        3 mux_pending_m[0]_395_13 ( mux_520 ) 
        3 mux_pending_m[0]_394_13 ( bmux_17_37 ) 
        3 mux_pending_m[1]_395_13 ( mux_520 ) 
        3 mux_pending_m[1]_394_13 ( bmux_17_37 ) 
        3 mux_pending_m[2]_395_13 ( mux_520 ) 
        3 mux_pending_m[2]_394_13 ( bmux_17_37 ) 
        3 mux_pending_m[3]_395_13 ( mux_520 ) 
        3 mux_pending_m[3]_394_13 ( bmux_17_37 ) 
        3 mux_pending_m[4]_395_13 ( mux_520 ) 
        3 mux_pending_m[4]_394_13 ( bmux_17_37 ) 
        3 mux_pending_m[5]_395_13 ( mux_520 ) 
        3 mux_pending_m[5]_394_13 ( bmux_17_37 ) 
        3 mux_pending_m[6]_395_13 ( mux_520 ) 
        3 mux_pending_m[6]_394_13 ( bmux_17_37 ) 
        3 mux_pending_m[7]_395_13 ( mux_520 ) 
        3 mux_pending_m[7]_394_13 ( bmux_17_37 ) 
        3 mux_pending_m[sum_context_reg]_432_65 ( bmux_545 ) 
        3 mux_pending_l[0]_396_13 ( mux_496 ) 
        3 mux_pending_l[0]_394_13 ( bmux_495 ) 
        3 mux_pending_l[1]_396_13 ( mux_496 ) 
        3 mux_pending_l[1]_394_13 ( bmux_495 ) 
        3 mux_pending_l[2]_396_13 ( mux_496 ) 
        3 mux_pending_l[2]_394_13 ( bmux_495 ) 
        3 mux_pending_l[3]_396_13 ( mux_496 ) 
        3 mux_pending_l[3]_394_13 ( bmux_495 ) 
        3 mux_pending_l[4]_396_13 ( mux_496 ) 
        3 mux_pending_l[4]_394_13 ( bmux_495 ) 
        3 mux_pending_l[5]_396_13 ( mux_496 ) 
        3 mux_pending_l[5]_394_13 ( bmux_495 ) 
        3 mux_pending_l[6]_396_13 ( mux_496 ) 
        3 mux_pending_l[6]_394_13 ( bmux_495 ) 
        3 mux_pending_l[7]_396_13 ( mux_496 ) 
        3 mux_pending_l[7]_394_13 ( bmux_495 ) 
        3 mux_pending_l[sum_context_reg]_432_37 ( bmux_543 ) 
        3 mux_meta_wr_data_429_27 ( bmux_12936 ) 
        3 mux_fin_acc_rsp_data_454_19 ( bmux_12948 ) 
        3 mux_issue_quarter_reg_340_13 ( bmux_45_60 ) 
        3 mux_init_quarter_reg_323_24 ( bmux_45_60 ) 
        3 ctl_init_context_327_13 ( case_box_773 ) 
        3 sat_acc_396_45:gt_184_19 ( gt_signed_4557 ) 
        3 sat_acc_396_45:lt_186_24 ( lt_signed_4560 ) 
        3 sat_acc_396_45:mux_sat_acc_186_24 ( bmux_495 ) 
        3 sat_acc_396_45:mux_sat_acc_184_19 ( bmux_495 ) 
        3 round_shift15_397_17:gte_197_19 ( geq_signed ) 
        3 round_shift15_397_17:add_198_36 ( add_signed_4549 ) 
        3 round_shift15_397_17:minus_201_29 ( sub_signed_4551 ) 
        3 round_shift15_397_17:sub0059483 ( sub_signed_4553 ) 
        3 round_shift15_397_17:mux_round_shift15_197_19 ( bmux_4554 ) 
        3 sat_acc_423_36_I1:gt_184_19 ( gt_signed_4557 ) 
        3 sat_acc_423_36_I1:lt_186_24 ( lt_signed_4560 ) 
        3 sat_acc_423_36_I1:mux_sat_acc_186_24 ( bmux_495 ) 
        3 sat_acc_423_36_I1:mux_sat_acc_184_19 ( bmux_495 ) 
        3 round_shift15_424_21_I1:gte_197_19 ( geq_signed ) 
        3 round_shift15_424_21_I1:add_198_36 ( add_signed_4549 ) 
        3 round_shift15_424_21_I1:minus_201_29 ( sub_signed_4551 ) 
        3 round_shift15_424_21_I1:sub0059483 ( sub_signed_4553 ) 
        3 round_shift15_424_21_I1:mux_round_shift15_197_19 ( bmux_4554 ) 
        3 sat_acc_423_36_I2:gt_184_19 ( gt_signed_4557 ) 
        3 sat_acc_423_36_I2:lt_186_24 ( lt_signed_4560 ) 
        3 sat_acc_423_36_I2:mux_sat_acc_186_24 ( bmux_495 ) 
        3 sat_acc_423_36_I2:mux_sat_acc_184_19 ( bmux_495 ) 
        3 round_shift15_424_21_I2:gte_197_19 ( geq_signed ) 
        3 round_shift15_424_21_I2:add_198_36 ( add_signed_4549 ) 
        3 round_shift15_424_21_I2:minus_201_29 ( sub_signed_4551 ) 
        3 round_shift15_424_21_I2:sub0059483 ( sub_signed_4553 ) 
        3 round_shift15_424_21_I2:mux_round_shift15_197_19 ( bmux_4554 ) 
        3 sat_acc_423_36_I3:gt_184_19 ( gt_signed_4557 ) 
        3 sat_acc_423_36_I3:lt_186_24 ( lt_signed_4560 ) 
        3 sat_acc_423_36_I3:mux_sat_acc_186_24 ( bmux_495 ) 
        3 sat_acc_423_36_I3:mux_sat_acc_184_19 ( bmux_495 ) 
        3 round_shift15_424_21_I3:gte_197_19 ( geq_signed ) 
        3 round_shift15_424_21_I3:add_198_36 ( add_signed_4549 ) 
        3 round_shift15_424_21_I3:minus_201_29 ( sub_signed_4551 ) 
        3 round_shift15_424_21_I3:sub0059483 ( sub_signed_4553 ) 
        3 round_shift15_424_21_I3:mux_round_shift15_197_19 ( bmux_4554 ) 
        3 sat_acc_423_36_I4:gt_184_19 ( gt_signed_4557 ) 
        3 sat_acc_423_36_I4:lt_186_24 ( lt_signed_4560 ) 
        3 sat_acc_423_36_I4:mux_sat_acc_186_24 ( bmux_495 ) 
        3 sat_acc_423_36_I4:mux_sat_acc_184_19 ( bmux_495 ) 
        3 round_shift15_424_21_I4:gte_197_19 ( geq_signed ) 
        3 round_shift15_424_21_I4:add_198_36 ( add_signed_4549 ) 
        3 round_shift15_424_21_I4:minus_201_29 ( sub_signed_4551 ) 
        3 round_shift15_424_21_I4:sub0059483 ( sub_signed_4553 ) 
        3 round_shift15_424_21_I4:mux_round_shift15_197_19 ( bmux_4554 ) 
        3 sat_acc_423_36_I5:gt_184_19 ( gt_signed_4557 ) 
        3 sat_acc_423_36_I5:lt_186_24 ( lt_signed_4560 ) 
        3 sat_acc_423_36_I5:mux_sat_acc_186_24 ( bmux_495 ) 
        3 sat_acc_423_36_I5:mux_sat_acc_184_19 ( bmux_495 ) 
        3 round_shift15_424_21_I5:gte_197_19 ( geq_signed ) 
        3 round_shift15_424_21_I5:add_198_36 ( add_signed_4549 ) 
        3 round_shift15_424_21_I5:minus_201_29 ( sub_signed_4551 ) 
        3 round_shift15_424_21_I5:sub0059483 ( sub_signed_4553 ) 
        3 round_shift15_424_21_I5:mux_round_shift15_197_19 ( bmux_4554 ) 
        3 sat_acc_423_36_I6:gt_184_19 ( gt_signed_4557 ) 
        3 sat_acc_423_36_I6:lt_186_24 ( lt_signed_4560 ) 
        3 sat_acc_423_36_I6:mux_sat_acc_186_24 ( bmux_495 ) 
        3 sat_acc_423_36_I6:mux_sat_acc_184_19 ( bmux_495 ) 
        3 round_shift15_424_21_I6:gte_197_19 ( geq_signed ) 
        3 round_shift15_424_21_I6:add_198_36 ( add_signed_4549 ) 
        3 round_shift15_424_21_I6:minus_201_29 ( sub_signed_4551 ) 
        3 round_shift15_424_21_I6:sub0059483 ( sub_signed_4553 ) 
        3 round_shift15_424_21_I6:mux_round_shift15_197_19 ( bmux_4554 ) 
        3 sat_acc_423_36_I7:gt_184_19 ( gt_signed_4557 ) 
        3 sat_acc_423_36_I7:lt_186_24 ( lt_signed_4560 ) 
        3 sat_acc_423_36_I7:mux_sat_acc_186_24 ( bmux_495 ) 
        3 sat_acc_423_36_I7:mux_sat_acc_184_19 ( bmux_495 ) 
        3 round_shift15_424_21_I7:gte_197_19 ( geq_signed ) 
        3 round_shift15_424_21_I7:add_198_36 ( add_signed_4549 ) 
        3 round_shift15_424_21_I7:minus_201_29 ( sub_signed_4551 ) 
        3 round_shift15_424_21_I7:sub0059483 ( sub_signed_4553 ) 
        3 round_shift15_424_21_I7:mux_round_shift15_197_19 ( bmux_4554 ) 
        3 sat_acc_423_36_I8:gt_184_19 ( gt_signed_4557 ) 
        3 sat_acc_423_36_I8:lt_186_24 ( lt_signed_4560 ) 
        3 sat_acc_423_36_I8:mux_sat_acc_186_24 ( bmux_495 ) 
        3 sat_acc_423_36_I8:mux_sat_acc_184_19 ( bmux_495 ) 
        3 round_shift15_424_21_I8:gte_197_19 ( geq_signed ) 
        3 round_shift15_424_21_I8:add_198_36 ( add_signed_4549 ) 
        3 round_shift15_424_21_I8:minus_201_29 ( sub_signed_4551 ) 
        3 round_shift15_424_21_I8:sub0059483 ( sub_signed_4553 ) 
        3 round_shift15_424_21_I8:mux_round_shift15_197_19 ( bmux_4554 ) 
        3 sat_acc_423_36_I9:gt_184_19 ( gt_signed_4557 ) 
        3 sat_acc_423_36_I9:lt_186_24 ( lt_signed_4560 ) 
        3 sat_acc_423_36_I9:mux_sat_acc_186_24 ( bmux_495 ) 
        3 sat_acc_423_36_I9:mux_sat_acc_184_19 ( bmux_495 ) 
        3 round_shift15_424_21_I9:gte_197_19 ( geq_signed ) 
        3 round_shift15_424_21_I9:add_198_36 ( add_signed_4549 ) 
        3 round_shift15_424_21_I9:minus_201_29 ( sub_signed_4551 ) 
        3 round_shift15_424_21_I9:sub0059483 ( sub_signed_4553 ) 
        3 round_shift15_424_21_I9:mux_round_shift15_197_19 ( bmux_4554 ) 
        3 sat_acc_423_36_I10:gt_184_19 ( gt_signed_4557 ) 
        3 sat_acc_423_36_I10:lt_186_24 ( lt_signed_4560 ) 
        3 sat_acc_423_36_I10:mux_sat_acc_186_24 ( bmux_495 ) 
        3 sat_acc_423_36_I10:mux_sat_acc_184_19 ( bmux_495 ) 
        3 round_shift15_424_21_I10:gte_197_19 ( geq_signed ) 
        3 round_shift15_424_21_I10:add_198_36 ( add_signed_4549 ) 
        3 round_shift15_424_21_I10:minus_201_29 ( sub_signed_4551 ) 
        3 round_shift15_424_21_I10:sub0059483 ( sub_signed_4553 ) 
        3 round_shift15_424_21_I10:mux_round_shift15_197_19 ( bmux_4554 ) 
        3 sat_acc_423_36_I11:gt_184_19 ( gt_signed_4557 ) 
        3 sat_acc_423_36_I11:lt_186_24 ( lt_signed_4560 ) 
        3 sat_acc_423_36_I11:mux_sat_acc_186_24 ( bmux_495 ) 
        3 sat_acc_423_36_I11:mux_sat_acc_184_19 ( bmux_495 ) 
        3 round_shift15_424_21_I11:gte_197_19 ( geq_signed ) 
        3 round_shift15_424_21_I11:add_198_36 ( add_signed_4549 ) 
        3 round_shift15_424_21_I11:minus_201_29 ( sub_signed_4551 ) 
        3 round_shift15_424_21_I11:sub0059483 ( sub_signed_4553 ) 
        3 round_shift15_424_21_I11:mux_round_shift15_197_19 ( bmux_4554 ) 
        3 sat_acc_423_36_I12:gt_184_19 ( gt_signed_4557 ) 
        3 sat_acc_423_36_I12:lt_186_24 ( lt_signed_4560 ) 
        3 sat_acc_423_36_I12:mux_sat_acc_186_24 ( bmux_495 ) 
        3 sat_acc_423_36_I12:mux_sat_acc_184_19 ( bmux_495 ) 
        3 round_shift15_424_21_I12:gte_197_19 ( geq_signed ) 
        3 round_shift15_424_21_I12:add_198_36 ( add_signed_4549 ) 
        3 round_shift15_424_21_I12:minus_201_29 ( sub_signed_4551 ) 
        3 round_shift15_424_21_I12:sub0059483 ( sub_signed_4553 ) 
        3 round_shift15_424_21_I12:mux_round_shift15_197_19 ( bmux_4554 ) 
        3 sat_acc_423_36_I13:gt_184_19 ( gt_signed_4557 ) 
        3 sat_acc_423_36_I13:lt_186_24 ( lt_signed_4560 ) 
        3 sat_acc_423_36_I13:mux_sat_acc_186_24 ( bmux_495 ) 
        3 sat_acc_423_36_I13:mux_sat_acc_184_19 ( bmux_495 ) 
        3 round_shift15_424_21_I13:gte_197_19 ( geq_signed ) 
        3 round_shift15_424_21_I13:add_198_36 ( add_signed_4549 ) 
        3 round_shift15_424_21_I13:minus_201_29 ( sub_signed_4551 ) 
        3 round_shift15_424_21_I13:sub0059483 ( sub_signed_4553 ) 
        3 round_shift15_424_21_I13:mux_round_shift15_197_19 ( bmux_4554 ) 
        3 sat_acc_423_36_I14:gt_184_19 ( gt_signed_4557 ) 
        3 sat_acc_423_36_I14:lt_186_24 ( lt_signed_4560 ) 
        3 sat_acc_423_36_I14:mux_sat_acc_186_24 ( bmux_495 ) 
        3 sat_acc_423_36_I14:mux_sat_acc_184_19 ( bmux_495 ) 
        3 round_shift15_424_21_I14:gte_197_19 ( geq_signed ) 
        3 round_shift15_424_21_I14:add_198_36 ( add_signed_4549 ) 
        3 round_shift15_424_21_I14:minus_201_29 ( sub_signed_4551 ) 
        3 round_shift15_424_21_I14:sub0059483 ( sub_signed_4553 ) 
        3 round_shift15_424_21_I14:mux_round_shift15_197_19 ( bmux_4554 ) 
        3 sat_acc_423_36_I15:gt_184_19 ( gt_signed_4557 ) 
        3 sat_acc_423_36_I15:lt_186_24 ( lt_signed_4560 ) 
        3 sat_acc_423_36_I15:mux_sat_acc_186_24 ( bmux_495 ) 
        3 sat_acc_423_36_I15:mux_sat_acc_184_19 ( bmux_495 ) 
        3 round_shift15_424_21_I15:gte_197_19 ( geq_signed ) 
        3 round_shift15_424_21_I15:add_198_36 ( add_signed_4549 ) 
        3 round_shift15_424_21_I15:minus_201_29 ( sub_signed_4551 ) 
        3 round_shift15_424_21_I15:sub0059483 ( sub_signed_4553 ) 
        3 round_shift15_424_21_I15:mux_round_shift15_197_19 ( bmux_4554 ) 
        3 sat_acc_423_36_I16:gt_184_19 ( gt_signed_4557 ) 
        3 sat_acc_423_36_I16:lt_186_24 ( lt_signed_4560 ) 
        3 sat_acc_423_36_I16:mux_sat_acc_186_24 ( bmux_495 ) 
        3 sat_acc_423_36_I16:mux_sat_acc_184_19 ( bmux_495 ) 
        3 round_shift15_424_21_I16:gte_197_19 ( geq_signed ) 
        3 round_shift15_424_21_I16:add_198_36 ( add_signed_4549 ) 
        3 round_shift15_424_21_I16:minus_201_29 ( sub_signed_4551 ) 
        3 round_shift15_424_21_I16:sub0059483 ( sub_signed_4553 ) 
        3 round_shift15_424_21_I16:mux_round_shift15_197_19 ( bmux_4554 ) 
     2 add_115_55 ( add_unsigned_12984 ) 
     2 lt_116_51 ( lt_unsigned_12987 ) 
     2 lt_116_84 ( lt_unsigned_12990 ) 
     2 add_128_67 ( add_unsigned_275 ) 
     2 sub_129_67 ( sub_unsigned_4479 ) 
     2 add_135_60 ( add_unsigned_335 ) 
     2 add_138_60 ( add_unsigned_335 ) 
     2 add_140_65 ( add_unsigned_275 ) 
     2 sub_141_65 ( sub_unsigned_4479 ) 
     2 mux_issue_scale_mem[issue_meta_rd_ptr_reg]_180_35 ( bmux_4484 ) 
     2 mux_issue_m_mem[issue_meta_rd_ptr_reg]_181_15 ( bmux_545 ) 
     2 mux_pipeline_reserved_reg_127_9 ( bmux_4480 ) 
     2 mux_issue_meta_count_reg_139_9 ( bmux_4480 ) 
     2 ctl_issue_meta_wr_ptr_reg_133_13 ( case_box_832 ) 
  1 u_finalize ( finalize_cluster ) 
     2 u_recip ( reciprocal_approx_TOKEN_WIDTH3 ) 
        3 eq_70_42 ( equal_unsigned_13012 ) 
        3 add_89_44 ( add_unsigned_365 ) 
        3 minus_38_46 ( sub_signed_13018 ) 
        3 gte_42_32 ( geq_unsigned ) 
        3 sub_43_50 ( sub_unsigned_13021 ) 
        3 neq_91_54 ( nequal_unsigned_13023 ) 
        3 mux_38_35 ( bmux_495 ) 
        3 mux_state_reg_77_31 ( bmux_45_60 ) 
        3 ctl_state_reg_66_15 ( case_box_838 ) 
        3 mux_dividend_reg_66_15 ( mux_13031 ) 
        3 mux_91_54 ( bmux_17_37 ) 
        3 mux_inv_reg_66_15 ( mux_520 ) 
        3 mux_bit_idx_reg_66_15 ( mux_13038 ) 
        3 mux_state_reg_66_15 ( bmux_343 ) 
        3 mux_rem_reg_66_15 ( mux_1027 ) 
        3 mux_43_24 ( bmux_1028 ) 
        3 mux_quotient_reg_66_15 ( mux_1029 ) 
     2 u_norm ( output_norm_pipe_TOKEN_WIDTH5_LANES2 ) 
        3 mul_106_77_I2 ( mult_signed_13811 ) 
        3 mul_106_77_I1 ( mult_signed_13811 ) 
        3 round_shift_product_110_31_I1:add0072176 ( add_unsigned_13056 ) 
        3 round_shift_product_110_31_I1:add_60_28 ( add_signed_13058 ) 
        3 sat_q8_8_111_27_I1:gt_74_19 ( gt_signed_13049 ) 
        3 sat_q8_8_111_27_I1:lt_76_24 ( lt_signed_13052 ) 
        3 sat_q8_8_111_27_I1:mux_sat_q8_8_76_24 ( bmux_242 ) 
        3 sat_q8_8_111_27_I1:mux_sat_q8_8_74_19 ( bmux_242 ) 
        3 round_shift_product_110_31_I2:add0072176 ( add_unsigned_13056 ) 
        3 round_shift_product_110_31_I2:add_60_28 ( add_signed_13058 ) 
        3 sat_q8_8_111_27_I2:gt_74_19 ( gt_signed_13049 ) 
        3 sat_q8_8_111_27_I2:lt_76_24 ( lt_signed_13052 ) 
        3 sat_q8_8_111_27_I2:mux_sat_q8_8_76_24 ( bmux_242 ) 
        3 sat_q8_8_111_27_I2:mux_sat_q8_8_74_19 ( bmux_242 ) 
        3 round_shift_product_110_31_I1:mux_biased_57_13 ( bmux_1030 ) 
        3 round_shift_product_110_31_I2:mux_biased_57_13 ( bmux_1031 ) 
     2 add_91_43 ( add_unsigned_99 ) 
     2 add_239_50 ( add_unsigned_99 ) 
     2 add_260_86 ( add_unsigned_335 ) 
     2 add_255_62 ( add_unsigned_335 ) 
     2 add_172_46 ( add_unsigned_335 ) 
     2 add_181_46 ( add_unsigned_335 ) 
     2 add_186_51 ( add_unsigned_275 ) 
     2 sub_187_51 ( sub_unsigned_4479 ) 
     2 add_197_46 ( add_unsigned_335 ) 
     2 add_210_54 ( add_unsigned_335 ) 
     2 add_283_44 ( add_unsigned_275 ) 
     2 sub_211_52 ( sub_unsigned_4479 ) 
     2 mux_req_l_mem[req_rd_ptr_reg]_177_29 ( bmux_543 ) 
     2 mux_req_ctx_mem[req_rd_ptr_reg]_178_33 ( bmux_14626 ) 
     2 mux_norm_in_valid_reg_235_35 ( bmux_5_36 ) 
     2 mux_inv_value_mem[inv_rd_ptr_reg]_208_32 ( bmux_545 ) 
     2 mux_260_53 ( bmux_44_59 ) 
     2 mux_o_valid_247_42 ( bmux_5_36 ) 
     2 ctl_pack_slot_reg_242_27 ( case_box_971 ) 
     2 mux_o_valid_242_27 ( mux_29 ) 
     2 mux_o_valid_241_36 ( bmux_5_36 ) 
     2 ctl_state_reg_201_15 ( case_box_972 ) 
     2 mux_rsp_pair_reg_201_15 ( mux_170 ) 
     2 mux_req_row_mem[req_rd_ptr_reg]_180_33 ( bmux_14626 ) 
     2 mux_req_page_mem[req_rd_ptr_reg]_179_34 ( bmux_414 ) 
     2 mux_pack_reg_242_27 ( mux_14641 ) 
     2 mux_pack_reg_201_15 ( mux_14642 ) 
     2 mux_beat_idx_reg_201_15 ( mux_574 ) 
     2 mux_acc_req_valid_204_21 ( bmux_5_36 ) 
     2 mux_lane_pair_reg_201_15 ( mux_170 ) 
     2 mux_inv_row_mem[inv_rd_ptr_reg]_207_32 ( bmux_14626 ) 
     2 mux_inv_page_mem[inv_rd_ptr_reg]_206_33 ( bmux_414 ) 
     2 mux_inv_ctx_mem[inv_rd_ptr_reg]_205_32 ( bmux_14626 ) 
     2 mux_inv_zero_mem[inv_rd_ptr_reg]_209_37 ( bmux_414 ) 
     2 mux_done_valid_201_15 ( mux_29 ) 
     2 mux_acc_req_pair_201_15 ( mux_574 ) 
     2 mux_acc_req_quarter_201_15 ( mux_161 ) 
     2 mux_acc_req_context_201_15 ( mux_574 ) 
     2 mux_inv_busy_reg_191_13 ( bmux_5_36 ) 
     2 mux_req_count_reg_185_9 ( bmux_4480 ) 
     2 mux_inv_count_reg_284_33 ( bmux_188 ) 
     2 mux_inv_count_reg_282_24 ( bmux_188 ) 
     2 mux_norm_in_valid_reg_201_15 ( mux_29 ) 
     2 mux_pack_slot_reg_201_15 ( mux_574 ) 
     2 mux_o_valid_201_15 ( mux_29 ) 
     2 mux_state_reg_201_15 ( mux_245 ) 
     2 mux_acc_req_valid_201_15 ( mux_29 ) 
     2 ctl_req_wr_ptr_reg_168_13 ( case_box_975 ) 
     2 ctl_inv_wr_ptr_reg_192_13 ( case_box_987 ) 
  1 eq_205_47 ( equal_unsigned_14705 ) 
  1 mux_205_47 ( bmux_171 ) 
