============================================================
  Generated by:           Genus(TM) Synthesis Solution 25.12-s067_1
  Generated on:           Jul 03 2026  08:37:47 pm
  Module:                 fa_top
  Technology libraries:   sky130_fd_sc_hs__tt_025C_1v80 1.0000000000
                          sky130_sram_0kbytes_1rw1r_32x64_8_TT_1p8V_25C_lib 
                          sky130_sram_0kbytes_1rw1r_48x16_8_TT_1p8V_25C_lib 
                          physical_cells 
  Operating conditions:   typ 
  Interconnect mode:      spatial
  Area mode:              physical library
============================================================

Timing
--------

Clock Period 
-------------
clk   5000.0 


  Cost    Critical         Violating 
 Group   Path Slack  TNS     Paths   
-------------------------------------
clk             0.5   0.0          0 
default    No paths   0.0            
-------------------------------------
Total                 0.0          0 

Instance Count
--------------
Leaf Instance Count             118302 
Physical Instance count              0 
Sequential Instance Count        14711 
Combinational Instance Count    103591 
Hierarchical Instance Count          2 

Area
----
Cell Area                          6347605.121
Physical Cell Area                 0.000
Total Cell Area (Cell+Physical)    6347605.121
Net Area                           661937.041
Total Area (Cell+Physical+Net)     7009542.162

Floorplan Utilization              26.07%
Max Fanout                         14785 (clk)
Min Fanout                         0 (u_finalize/o_last)
Average Fanout                     2.3
Terms to net ratio                 3.2769
Terms to instance ratio            3.8226
Runtime                            2326.322479 seconds
Elapsed Runtime                    4160 seconds
Genus peak memory usage            4848.52 
Innovus peak memory usage          3613.90625 
Hostname                           sh02lo01
