============================================================
  Generated by:           Genus(TM) Synthesis Solution 25.12-s067_1
  Generated on:           Jul 03 2026  08:21:45 pm
  Module:                 fa_top
  Technology libraries:   sky130_fd_sc_hs__tt_025C_1v80 1.0000000000
                          sky130_sram_0kbytes_1rw1r_32x64_8_TT_1p8V_25C_lib 
                          sky130_sram_0kbytes_1rw1r_48x16_8_TT_1p8V_25C_lib 
                          physical_cells 
  Operating conditions:   typ 
  Interconnect mode:      spatial
  Area mode:              physical library
============================================================

Timing
--------

Clock Period 
-------------
clk   5000.0 


  Cost    Critical         Violating 
 Group   Path Slack  TNS     Paths   
-------------------------------------
clk           240.5   0.0          0 
default    No paths   0.0            
-------------------------------------
Total                 0.0          0 

Instance Count
--------------
Leaf Instance Count             154182 
Physical Instance count              0 
Sequential Instance Count        14711 
Combinational Instance Count    139471 
Hierarchical Instance Count        153 

Area
----
Cell Area                          7327853.310
Physical Cell Area                 0.000
Total Cell Area (Cell+Physical)    7327853.310
Net Area                           7110.331
Total Area (Cell+Physical+Net)     7334963.641

Floorplan Utilization              26.18%
Max Fanout                         14785 (clk)
Min Fanout                         0 (complete_last)
Average Fanout                     2.5
Terms to net ratio                 3.9836
Terms to instance ratio            4.1367
Runtime                            3836.205262 seconds
Elapsed Runtime                    3194 seconds
Genus peak memory usage            4848.52 
Innovus peak memory usage          3613.90625 
Hostname                           sh02lo01
