============================================================
  Generated by:           Genus(TM) Synthesis Solution 25.12-s067_1
  Generated on:           Jul 03 2026  09:04:45 pm
  Module:                 fa_top
  Operating conditions:   typ 
  Interconnect mode:      placement
  Area mode:              physical library
============================================================

Timing
--------

Clock Period 
-------------
clk   5000.0 


  Cost    Critical         Violating 
 Group   Path Slack  TNS     Paths   
-------------------------------------
clk             0.4   0.0          0 
default    No paths   0.0            
-------------------------------------
Total                 0.0          0 

Instance Count
--------------
Leaf Instance Count             126308 
Physical Instance count              0 
Sequential Instance Count        14711 
Combinational Instance Count    111597 
Hierarchical Instance Count          2 

Area
----
Cell Area                          6424406.642
Physical Cell Area                 0.000
Total Cell Area (Cell+Physical)    6424406.642
Net Area                           2541452.196
Total Area (Cell+Physical+Net)     8965858.838

Floorplan Utilization              27.31%
Max Fanout                         14785 (clk)
Min Fanout                         0 (UNCONNECTED66)
Average Fanout                     2.2
Terms to net ratio                 3.2185
Terms to instance ratio            3.7189
Runtime                            2565.846447 seconds
Elapsed Runtime                    5767 seconds
Genus peak memory usage            5558.67 
Innovus peak memory usage          4286.960938 
Hostname                           sh02lo01

Physical Data
-------------
Total Net Length                   11552055.44 um
Average Net Length                 79.18 um
Routing Congestion                 H: 19.03% V: 7.24%
