============================================================
  Generated by:           Genus(TM) Synthesis Solution 25.12-s067_1
  Generated on:           Jul 03 2026  09:04:33 pm
  Module:                 fa_top
  Operating conditions:   typ 
  Interconnect mode:      placement
  Area mode:              physical library
============================================================


Path 1: MET (0 ps) Setup Check with Pin u_core_u_update/acc_mul_reg_reg[12][63]/CLK->D
          Group: clk
     Startpoint: (R) u_core_u_update/meta_alpha_pipe_reg[1][0]/CLK
          Clock: (R) clk
       Endpoint: (F) u_core_u_update/acc_mul_reg_reg[12][63]/D
          Clock: (R) clk

                     Capture       Launch     
        Clock Edge:+    5000            0     
       Src Latency:+       0            0     
       Net Latency:+       0 (I)        0 (I) 
           Arrival:=    5000            0     
                                              
             Setup:-     101                  
     Required Time:=    4899                  
      Launch Clock:-       0                  
         Data Path:-    4898                  
             Slack:=       0                  

#----------------------------------------------------------------------------------------------------------------------------------------------------------
#                  Timing Point                    Flags     Arc    Edge            Cell             Fanout  Load Trans Delay Arrival       Instance       
#                                                                                                            (fF)  (ps)  (ps)   (ps)        Location       
#----------------------------------------------------------------------------------------------------------------------------------------------------------
  u_core_u_update/meta_alpha_pipe_reg[1][0]/CLK    -       -        R     (arrival)                   14785     -     0     0       0                (-,-) 
  u_core_u_update/meta_alpha_pipe_reg[1][0]/Q      (@)     CLK->Q   F     sky130_fd_sc_hs__dfxtp_4        1  44.3    57   245     245  (1956.480,1645.020) 
  u_core_u_update/FE_OFC12614_rd_alpha_pipe_1__0/Y (@)     A->Y     R     sky130_fd_sc_hs__inv_16         8 322.3   149    80     325  (1964.160,1645.020) 
  u_core_u_update/FE_OFC11934_rd_alpha_pipe_1__0/X (@)     A->X     R     sky130_fd_sc_hs__clkbuf_16     34 377.8   214   348     673  (1222.560,1645.020) 
  u_core_u_update/FE_OFC6322_rd_alpha_pipe_1__0/X  (@)     A->X     R     sky130_fd_sc_hs__clkbuf_4      20 105.7   224   445    1118   (846.240,1681.650) 
  u_core_u_update/MULT_TC_OP_12_g11388/Y           (@)     B1->Y    F     sky130_fd_sc_hs__o22ai_2        1  10.3    94   119    1237   (844.800,1661.670) 
  u_core_u_update/MULT_TC_OP_12_g11017/SUM         (@)     B->SUM   R     sky130_fd_sc_hs__ha_1           1   8.7    80   218    1455   (876.000,1661.670) 
  u_core_u_update/MULT_TC_OP_12_cdnfadd_005_0/SUM  (@)     CIN->SUM F     sky130_fd_sc_hs__fa_1           2  10.9    73   268    1723   (865.440,1661.670) 
  u_core_u_update/MULT_TC_OP_12_g10998/Y           (@)     A->Y     R     sky130_fd_sc_hs__inv_2          1   9.8    45    60    1782   (876.480,1671.660) 
  u_core_u_update/MULT_TC_OP_12_g10996/Y           (@)     B->Y     F     sky130_fd_sc_hs__nand2b_4       2   6.9    27    37    1820   (880.800,1671.660) 
  u_core_u_update/MULT_TC_OP_12_g10992/Y           (@)     B->Y     R     sky130_fd_sc_hs__nand2_1        1   6.1    56    55    1875   (883.680,1665.000) 
  u_core_u_update/MULT_TC_OP_12_g10990/Y           (@)     A->Y     F     sky130_fd_sc_hs__nand2_2        1  11.8    50    55    1930   (884.640,1661.670) 
  u_core_u_update/MULT_TC_OP_12_g10976/COUT        (@)     A->COUT  F     sky130_fd_sc_hs__fa_1           2  10.7    80   258    2188   (881.280,1655.010) 
  u_core_u_update/MULT_TC_OP_12_g10975/Y           (@)     A->Y     R     sky130_fd_sc_hs__nand2_1        1   3.8    43    57    2245   (886.560,1651.680) 
  u_core_u_update/MULT_TC_OP_12_g10973/Y           (@)     A->Y     F     sky130_fd_sc_hs__nand2_1        2   9.4    61    63    2308   (885.120,1648.350) 
  u_core_u_update/MULT_TC_OP_12_g10948/Y           (@)     A->Y     R     sky130_fd_sc_hs__nand2_1        1   3.8    42    51    2359   (880.800,1645.020) 
  u_core_u_update/MULT_TC_OP_12_g10946/Y           (@)     A->Y     F     sky130_fd_sc_hs__nand2_1        2   9.4    61    63    2422   (882.240,1641.690) 
  u_core_u_update/MULT_TC_OP_12_g10936/Y           (@)     B->Y     R     sky130_fd_sc_hs__nand2_1        1   6.0    56    67    2489   (882.240,1635.030) 
  u_core_u_update/MULT_TC_OP_12_g10934/Y           (@)     A->Y     F     sky130_fd_sc_hs__nand2_2        2   9.4    42    50    2539   (878.400,1635.030) 
  u_core_u_update/MULT_TC_OP_12_g10928/Y           (@)     A->Y     R     sky130_fd_sc_hs__nand2_1        1   6.2    57    56    2595   (877.440,1631.700) 
  u_core_u_update/MULT_TC_OP_12_g10844/Y           (@)     A->Y     F     sky130_fd_sc_hs__nand2_2        2   9.4    43    50    2645   (877.920,1628.370) 
  u_core_u_update/MULT_TC_OP_12_g10701/Y           (@)     A->Y     R     sky130_fd_sc_hs__nand2_1        1   5.7    54    54    2700   (878.400,1621.710) 
  u_core_u_update/MULT_TC_OP_12_g10699/Y           (@)     A->Y     F     sky130_fd_sc_hs__nand2_2        2  11.8    50    54    2754   (877.440,1618.380) 
  u_core_u_update/MULT_TC_OP_12_g10672/Y           (@)     A->Y     R     sky130_fd_sc_hs__nand2_2        1   6.2    44    49    2803   (870.720,1615.050) 
  u_core_u_update/MULT_TC_OP_12_g10670/Y           (@)     A->Y     F     sky130_fd_sc_hs__nand2_2        2  21.0    74    71    2874   (865.440,1615.050) 
  u_core_u_update/MULT_TC_OP_12_g10656/Y           (@)     A->Y     R     sky130_fd_sc_hs__nand2_2        1   6.1    44    58    2932   (818.880,1605.060) 
  u_core_u_update/MULT_TC_OP_12_g10654/Y           (@)     A->Y     F     sky130_fd_sc_hs__nand2_2        2  22.1    77    74    3006   (816.480,1601.730) 
  u_core_u_update/MULT_TC_OP_12_g10649/Y           (@)     A->Y     R     sky130_fd_sc_hs__nand2_2        1   6.3    44    60    3065   (760.320,1595.070) 
  u_core_u_update/MULT_TC_OP_12_g10647/Y           (@)     A->Y     F     sky130_fd_sc_hs__nand2_2        2  17.5    65    64    3129   (754.080,1595.070) 
  u_core_u_update/MULT_TC_OP_12_g10644/X           (@)     A1->X    F     sky130_fd_sc_hs__a21o_4         3  17.1    44   176    3305   (714.720,1605.060) 
  u_core_u_update/MULT_TC_OP_12_g10643/Y           (@)     A->Y     R     sky130_fd_sc_hs__nand2_2        2  19.6    91    80    3385   (715.680,1625.040) 
  u_core_u_update/MULT_TC_OP_12_g10640/Y           (@)     A_N->Y   R     sky130_fd_sc_hs__nand2b_2       1  20.1   110   140    3525   (734.880,1694.970) 
  u_core_u_update/MULT_TC_OP_12_g10637/Y           (@)     A->Y     F     sky130_fd_sc_hs__nand2_8        3  38.1    62    69    3595   (753.600,1694.970) 
  u_core_u_update/MULT_TC_OP_12_g10630/Y           (@)     A->Y     R     sky130_fd_sc_hs__nand2_2        1   6.7    44    57    3652   (859.680,1701.630) 
  u_core_u_update/MULT_TC_OP_12_g10629/Y           (@)     A->Y     F     sky130_fd_sc_hs__nand2_2        2  10.7    55    49    3701   (860.640,1708.290) 
  u_core_u_update/MULT_TC_OP_12_g10620/X           (@)     A->X     F     sky130_fd_sc_hs__and2_2         3  13.3    38   104    3805   (864.000,1724.940) 
  u_core_u_update/MULT_TC_OP_12_g10616/Y           (@)     A->Y     R     sky130_fd_sc_hs__nand2_2        1  18.3    87    75    3880   (864.960,1738.260) 
  u_core_u_update/MULT_TC_OP_12_g10611/Y           (@)     A->Y     F     sky130_fd_sc_hs__nand2_8        4  23.6    62    52    3932   (861.600,1751.580) 
  u_core_u_update/FE_RC_2771_0/X                   (@)     A1->X    F     sky130_fd_sc_hs__a31o_4         4  50.7    80   221    4153   (862.080,1791.540) 
  u_core_u_update/FE_RC_468_0/Y                    (@)     A->Y     R     sky130_fd_sc_hs__nand3_2        1   5.6    53    76    4229   (849.120,1984.680) 
  u_core_u_update/FE_RC_467_0/Y                    (@)     A->Y     F     sky130_fd_sc_hs__nand2_2        3  18.3    68    68    4297   (849.120,1984.680) 
  u_core_u_update/MULT_TC_OP_12_g10570/Y           (@)     A->Y     R     sky130_fd_sc_hs__nand2_1        1   5.9    55    64    4362   (848.640,1991.340) 
  u_core_u_update/MULT_TC_OP_12_g10561/Y           (@)     A->Y     F     sky130_fd_sc_hs__nand2_2        2  12.6    69    57    4418   (848.640,1994.670) 
  u_core_u_update/MULT_TC_OP_12_g10549/Y           (@)     A->Y     R     sky130_fd_sc_hs__nand2_2        2  10.2    57    66    4485   (854.400,1998.000) 
  u_core_u_update/MULT_TC_OP_12_g10535/Y           (@)     A2->Y    F     sky130_fd_sc_hs__o21ai_2        2   9.2    66    53    4538   (859.200,2001.330) 
  u_core_u_update/MULT_TC_OP_12_g10531/Y           (@)     A->Y     R     sky130_fd_sc_hs__nand2_1        1   6.2    62    65    4603   (864.480,2001.330) 
  u_core_u_update/MULT_TC_OP_12_g10526/Y           (@)     A->Y     F     sky130_fd_sc_hs__nand2_2        2   9.2    42    51    4654   (867.840,2001.330) 
  u_core_u_update/FE_RC_699_0/Y                    (@)     A->Y     R     sky130_fd_sc_hs__nand2_1        1   5.9    56    54    4709   (871.680,2001.330) 
  u_core_u_update/FE_RC_698_0/Y                    (@)     B1->Y    F     sky130_fd_sc_hs__o21ai_2        1  10.6    52    58    4766   (871.680,2001.330) 
  u_core_u_update/g196315/X                        (@)     B1->X    F     sky130_fd_sc_hs__a22o_1         1   2.8    36   132    4898   (830.880,2004.660) 
  u_core_u_update/acc_mul_reg_reg[12][63]/D        <<<     -        F     sky130_fd_sc_hs__dfxtp_2        1     -     -     0    4898   (828.480,2007.990) 
#----------------------------------------------------------------------------------------------------------------------------------------------------------

(@) : Annotated capacitance.

