ENABLED NEW REPORT GATE CMD
============================================================
  Generated by:           Genus(TM) Synthesis Solution 25.12-s067_1
  Generated on:           Jul 07 2026  03:19:22 am
  Operating conditions:   typ 
  Interconnect mode:      placement
  Area mode:              physical library
============================================================

                                                                                                               
                Gate                 Instances     Area                          Library                       
---------------------------------------------------------------------------------------------------------------
sky130_fd_sc_hs__a2111o_1                   49     704.894                       sky130_fd_sc_hs__tt_025C_1v80 
sky130_fd_sc_hs__a2111oi_1                  10     111.888                       sky130_fd_sc_hs__tt_025C_1v80 
sky130_fd_sc_hs__a2111oi_2                   1      19.181                       sky130_fd_sc_hs__tt_025C_1v80 
sky130_fd_sc_hs__a211o_1                    34     434.765                       sky130_fd_sc_hs__tt_025C_1v80 
sky130_fd_sc_hs__a211o_2                     4      51.149                       sky130_fd_sc_hs__tt_025C_1v80 
sky130_fd_sc_hs__a211oi_1                   16     153.446                       sky130_fd_sc_hs__tt_025C_1v80 
sky130_fd_sc_hs__a211oi_2                    1      15.984                       sky130_fd_sc_hs__tt_025C_1v80 
sky130_fd_sc_hs__a21bo_1                    24     306.893                       sky130_fd_sc_hs__tt_025C_1v80 
sky130_fd_sc_hs__a21bo_2                   233    2979.418                       sky130_fd_sc_hs__tt_025C_1v80 
sky130_fd_sc_hs__a21bo_4                    11     228.571                       sky130_fd_sc_hs__tt_025C_1v80 
sky130_fd_sc_hs__a21boi_1                  254    2841.955                       sky130_fd_sc_hs__tt_025C_1v80 
sky130_fd_sc_hs__a21boi_2                  142    2042.755                       sky130_fd_sc_hs__tt_025C_1v80 
sky130_fd_sc_hs__a21boi_4                   19     485.914                       sky130_fd_sc_hs__tt_025C_1v80 
sky130_fd_sc_hs__a21o_1                    171    1913.285                       sky130_fd_sc_hs__tt_025C_1v80 
sky130_fd_sc_hs__a21o_2                    306    3423.773                       sky130_fd_sc_hs__tt_025C_1v80 
sky130_fd_sc_hs__a21o_4                     31     594.605                       sky130_fd_sc_hs__tt_025C_1v80 
sky130_fd_sc_hs__a21oi_1                  1984   12684.902                       sky130_fd_sc_hs__tt_025C_1v80 
sky130_fd_sc_hs__a21oi_2                    77     984.614                       sky130_fd_sc_hs__tt_025C_1v80 
sky130_fd_sc_hs__a21oi_4                    15     311.688                       sky130_fd_sc_hs__tt_025C_1v80 
sky130_fd_sc_hs__a221o_1                    14     201.398                       sky130_fd_sc_hs__tt_025C_1v80 
sky130_fd_sc_hs__a221o_2                   719   10343.246                       sky130_fd_sc_hs__tt_025C_1v80 
sky130_fd_sc_hs__a221o_4                     1      31.968                       sky130_fd_sc_hs__tt_025C_1v80 
sky130_fd_sc_hs__a221oi_1                   39     498.701                       sky130_fd_sc_hs__tt_025C_1v80 
sky130_fd_sc_hs__a221oi_2                    1      19.181                       sky130_fd_sc_hs__tt_025C_1v80 
sky130_fd_sc_hs__a222o_1                   705   11268.720                       sky130_fd_sc_hs__tt_025C_1v80 
sky130_fd_sc_hs__a222o_2                     8     140.659                       sky130_fd_sc_hs__tt_025C_1v80 
sky130_fd_sc_hs__a222oi_1                  508    7307.885                       sky130_fd_sc_hs__tt_025C_1v80 
sky130_fd_sc_hs__a22o_1                   6978   78075.446                       sky130_fd_sc_hs__tt_025C_1v80 
sky130_fd_sc_hs__a22o_2                    139    1777.421                       sky130_fd_sc_hs__tt_025C_1v80 
sky130_fd_sc_hs__a22o_4                     47    1126.872                       sky130_fd_sc_hs__tt_025C_1v80 
sky130_fd_sc_hs__a22oi_1                  4041   38754.806                       sky130_fd_sc_hs__tt_025C_1v80 
sky130_fd_sc_hs__a22oi_2                    20     319.680                       sky130_fd_sc_hs__tt_025C_1v80 
sky130_fd_sc_hs__a22oi_4                    11     298.901                       sky130_fd_sc_hs__tt_025C_1v80 
sky130_fd_sc_hs__a2bb2o_1                   77    1107.691                       sky130_fd_sc_hs__tt_025C_1v80 
sky130_fd_sc_hs__a2bb2o_2                   10     159.840                       sky130_fd_sc_hs__tt_025C_1v80 
sky130_fd_sc_hs__a2bb2o_4                    3      71.928                       sky130_fd_sc_hs__tt_025C_1v80 
sky130_fd_sc_hs__a2bb2oi_1                 120    1342.656                       sky130_fd_sc_hs__tt_025C_1v80 
sky130_fd_sc_hs__a2bb2oi_2                  82    1441.757                       sky130_fd_sc_hs__tt_025C_1v80 
sky130_fd_sc_hs__a2bb2oi_4                   4     115.085                       sky130_fd_sc_hs__tt_025C_1v80 
sky130_fd_sc_hs__a311o_1                     9     115.085                       sky130_fd_sc_hs__tt_025C_1v80 
sky130_fd_sc_hs__a311oi_1                    4      44.755                       sky130_fd_sc_hs__tt_025C_1v80 
sky130_fd_sc_hs__a311oi_2                    1      19.181                       sky130_fd_sc_hs__tt_025C_1v80 
sky130_fd_sc_hs__a31o_1                    108    1208.390                       sky130_fd_sc_hs__tt_025C_1v80 
sky130_fd_sc_hs__a31o_2                      1      12.787                       sky130_fd_sc_hs__tt_025C_1v80 
sky130_fd_sc_hs__a31o_4                      2      47.952                       sky130_fd_sc_hs__tt_025C_1v80 
sky130_fd_sc_hs__a31oi_1                    91     872.726                       sky130_fd_sc_hs__tt_025C_1v80 
sky130_fd_sc_hs__a31oi_2                     2      28.771                       sky130_fd_sc_hs__tt_025C_1v80 
sky130_fd_sc_hs__a32o_1                    350    4475.520                       sky130_fd_sc_hs__tt_025C_1v80 
sky130_fd_sc_hs__a32oi_1                    58     648.950                       sky130_fd_sc_hs__tt_025C_1v80 
sky130_fd_sc_hs__a41o_1                     10     143.856                       sky130_fd_sc_hs__tt_025C_1v80 
sky130_fd_sc_hs__a41oi_1                    81     906.293                       sky130_fd_sc_hs__tt_025C_1v80 
sky130_fd_sc_hs__a41oi_2                     1      19.181                       sky130_fd_sc_hs__tt_025C_1v80 
sky130_fd_sc_hs__and2_1                    297    2373.624                       sky130_fd_sc_hs__tt_025C_1v80 
sky130_fd_sc_hs__and2_2                   8443   67476.456                       sky130_fd_sc_hs__tt_025C_1v80 
sky130_fd_sc_hs__and2_4                    555    7984.008                       sky130_fd_sc_hs__tt_025C_1v80 
sky130_fd_sc_hs__and2b_1                    25     279.720                       sky130_fd_sc_hs__tt_025C_1v80 
sky130_fd_sc_hs__and2b_2                    57     637.762                       sky130_fd_sc_hs__tt_025C_1v80 
sky130_fd_sc_hs__and2b_4                   105    1678.320                       sky130_fd_sc_hs__tt_025C_1v80 
sky130_fd_sc_hs__and3_1                    298    2857.939                       sky130_fd_sc_hs__tt_025C_1v80 
sky130_fd_sc_hs__and3_2                     47     525.874                       sky130_fd_sc_hs__tt_025C_1v80 
sky130_fd_sc_hs__and3_4                      6     115.085                       sky130_fd_sc_hs__tt_025C_1v80 
sky130_fd_sc_hs__and3b_1                    64     818.381                       sky130_fd_sc_hs__tt_025C_1v80 
sky130_fd_sc_hs__and3b_2                     5      71.928                       sky130_fd_sc_hs__tt_025C_1v80 
sky130_fd_sc_hs__and3b_4                     1      22.378                       sky130_fd_sc_hs__tt_025C_1v80 
sky130_fd_sc_hs__and4_1                    348    3893.702                       sky130_fd_sc_hs__tt_025C_1v80 
sky130_fd_sc_hs__and4_2                     16     204.595                       sky130_fd_sc_hs__tt_025C_1v80 
sky130_fd_sc_hs__and4_4                      3      67.133                       sky130_fd_sc_hs__tt_025C_1v80 
sky130_fd_sc_hs__and4b_1                     6      86.314                       sky130_fd_sc_hs__tt_025C_1v80 
sky130_fd_sc_hs__and4b_2                    37     532.267                       sky130_fd_sc_hs__tt_025C_1v80 
sky130_fd_sc_hs__and4b_4                     1      25.574                       sky130_fd_sc_hs__tt_025C_1v80 
sky130_fd_sc_hs__and4bb_1                    2      31.968                       sky130_fd_sc_hs__tt_025C_1v80 
sky130_fd_sc_hs__and4bb_2                    2      35.165                       sky130_fd_sc_hs__tt_025C_1v80 
sky130_fd_sc_hs__buf_1                     730    4667.328                       sky130_fd_sc_hs__tt_025C_1v80 
sky130_fd_sc_hs__buf_16                    942   33125.242                       sky130_fd_sc_hs__tt_025C_1v80 
sky130_fd_sc_hs__buf_2                     260    2077.920                       sky130_fd_sc_hs__tt_025C_1v80 
sky130_fd_sc_hs__buf_4                     910   10181.808                       sky130_fd_sc_hs__tt_025C_1v80 
sky130_fd_sc_hs__buf_8                     723   13867.718                       sky130_fd_sc_hs__tt_025C_1v80 
sky130_fd_sc_hs__bufbuf_16                 240   10357.632                       sky130_fd_sc_hs__tt_025C_1v80 
sky130_fd_sc_hs__bufbuf_8                    2      47.952                       sky130_fd_sc_hs__tt_025C_1v80 
sky130_fd_sc_hs__bufinv_16                 202    8071.920                       sky130_fd_sc_hs__tt_025C_1v80 
sky130_fd_sc_hs__bufinv_8                   12     249.350                       sky130_fd_sc_hs__tt_025C_1v80 
sky130_fd_sc_hs__clkbuf_1                    3      19.181                       sky130_fd_sc_hs__tt_025C_1v80 
sky130_fd_sc_hs__clkbuf_16                 169    5402.592                       sky130_fd_sc_hs__tt_025C_1v80 
sky130_fd_sc_hs__clkbuf_2                 6436   41149.210                       sky130_fd_sc_hs__tt_025C_1v80 
sky130_fd_sc_hs__clkbuf_4                 2511   24081.494                       sky130_fd_sc_hs__tt_025C_1v80 
sky130_fd_sc_hs__clkbuf_8                  433    7613.179                       sky130_fd_sc_hs__tt_025C_1v80 
sky130_fd_sc_hs__clkinv_1                 3054   14644.541                       sky130_fd_sc_hs__tt_025C_1v80 
sky130_fd_sc_hs__clkinv_16                  16     613.786                       sky130_fd_sc_hs__tt_025C_1v80 
sky130_fd_sc_hs__clkinv_2                   57     364.435                       sky130_fd_sc_hs__tt_025C_1v80 
sky130_fd_sc_hs__clkinv_4                   45     503.496                       sky130_fd_sc_hs__tt_025C_1v80 
sky130_fd_sc_hs__clkinv_8                   13     270.130                       sky130_fd_sc_hs__tt_025C_1v80 
sky130_fd_sc_hs__dfrbp_1                     2      76.723                       sky130_fd_sc_hs__tt_025C_1v80 
sky130_fd_sc_hs__dfrbp_2                    33    1529.669                       sky130_fd_sc_hs__tt_025C_1v80 
sky130_fd_sc_hs__dfrtp_1                     7     257.342                       sky130_fd_sc_hs__tt_025C_1v80 
sky130_fd_sc_hs__dfrtp_2                    82    3145.651                       sky130_fd_sc_hs__tt_025C_1v80 
sky130_fd_sc_hs__dfrtp_4                    26    1163.635                       sky130_fd_sc_hs__tt_025C_1v80 
sky130_fd_sc_hs__dfxbp_1                   104    3324.672                       sky130_fd_sc_hs__tt_025C_1v80 
sky130_fd_sc_hs__dfxtp_1                 10180  276619.104                       sky130_fd_sc_hs__tt_025C_1v80 
sky130_fd_sc_hs__dfxtp_2                  1793   51586.762                       sky130_fd_sc_hs__tt_025C_1v80 
sky130_fd_sc_hs__dfxtp_4                   121    3868.128                       sky130_fd_sc_hs__tt_025C_1v80 
sky130_fd_sc_hs__dlygate4sd2_1               2      25.574                       sky130_fd_sc_hs__tt_025C_1v80 
sky130_fd_sc_hs__edfxtp_1                    8     345.254                       sky130_fd_sc_hs__tt_025C_1v80 
sky130_fd_sc_hs__fa_1                     7515  216215.568                       sky130_fd_sc_hs__tt_025C_1v80 
sky130_fd_sc_hs__fa_2                       70    2125.872                       sky130_fd_sc_hs__tt_025C_1v80 
sky130_fd_sc_hs__fah_1                      40    1854.144                       sky130_fd_sc_hs__tt_025C_1v80 
sky130_fd_sc_hs__fah_2                     494   23688.288                       sky130_fd_sc_hs__tt_025C_1v80 
sky130_fd_sc_hs__fah_4                       6     306.893                       sky130_fd_sc_hs__tt_025C_1v80 
sky130_fd_sc_hs__fahcin_1                   19     819.979                       sky130_fd_sc_hs__tt_025C_1v80 
sky130_fd_sc_hs__fahcon_1                   28    1074.125                       sky130_fd_sc_hs__tt_025C_1v80 
sky130_fd_sc_hs__ha_1                     1312   20971.008                       sky130_fd_sc_hs__tt_025C_1v80 
sky130_fd_sc_hs__ha_2                       11     210.989                       sky130_fd_sc_hs__tt_025C_1v80 
sky130_fd_sc_hs__ha_4                        5     167.832                       sky130_fd_sc_hs__tt_025C_1v80 
sky130_fd_sc_hs__inv_1                    2678   12841.546                       sky130_fd_sc_hs__tt_025C_1v80 
sky130_fd_sc_hs__inv_16                    319    8668.123                       sky130_fd_sc_hs__tt_025C_1v80 
sky130_fd_sc_hs__inv_2                   11374   54540.605                       sky130_fd_sc_hs__tt_025C_1v80 
sky130_fd_sc_hs__inv_4                     907    7248.744                       sky130_fd_sc_hs__tt_025C_1v80 
sky130_fd_sc_hs__inv_8                     588    8458.733                       sky130_fd_sc_hs__tt_025C_1v80 
sky130_fd_sc_hs__maj3_1                   1197   15306.278                       sky130_fd_sc_hs__tt_025C_1v80 
sky130_fd_sc_hs__maj3_2                     29     463.536                       sky130_fd_sc_hs__tt_025C_1v80 
sky130_fd_sc_hs__maj3_4                     23     624.974                       sky130_fd_sc_hs__tt_025C_1v80 
sky130_fd_sc_hs__mux2_1                    117    1683.115                       sky130_fd_sc_hs__tt_025C_1v80 
sky130_fd_sc_hs__mux2_2                     40     703.296                       sky130_fd_sc_hs__tt_025C_1v80 
sky130_fd_sc_hs__mux2_4                     12     345.254                       sky130_fd_sc_hs__tt_025C_1v80 
sky130_fd_sc_hs__mux2i_1                   193    2467.930                       sky130_fd_sc_hs__tt_025C_1v80 
sky130_fd_sc_hs__mux2i_2                     3      62.338                       sky130_fd_sc_hs__tt_025C_1v80 
sky130_fd_sc_hs__mux2i_4                     4     134.266                       sky130_fd_sc_hs__tt_025C_1v80 
sky130_fd_sc_hs__mux4_2                      1      35.165                       sky130_fd_sc_hs__tt_025C_1v80 
sky130_fd_sc_hs__nand2_1                 35815  171740.088                       sky130_fd_sc_hs__tt_025C_1v80 
sky130_fd_sc_hs__nand2_2                  5850   46753.200                       sky130_fd_sc_hs__tt_025C_1v80 
sky130_fd_sc_hs__nand2_4                   402    5783.011                       sky130_fd_sc_hs__tt_025C_1v80 
sky130_fd_sc_hs__nand2_8                   156    4238.957                       sky130_fd_sc_hs__tt_025C_1v80 
sky130_fd_sc_hs__nand2b_1                 5936   47440.512                       sky130_fd_sc_hs__tt_025C_1v80 
sky130_fd_sc_hs__nand2b_2                  828    9264.326                       sky130_fd_sc_hs__tt_025C_1v80 
sky130_fd_sc_hs__nand2b_4                  320    6137.856                       sky130_fd_sc_hs__tt_025C_1v80 
sky130_fd_sc_hs__nand3_1                   782    6249.744                       sky130_fd_sc_hs__tt_025C_1v80 
sky130_fd_sc_hs__nand3_2                   321    3591.605                       sky130_fd_sc_hs__tt_025C_1v80 
sky130_fd_sc_hs__nand3_4                    87    1807.790                       sky130_fd_sc_hs__tt_025C_1v80 
sky130_fd_sc_hs__nand3b_1                  381    3653.942                       sky130_fd_sc_hs__tt_025C_1v80 
sky130_fd_sc_hs__nand3b_2                   39     561.038                       sky130_fd_sc_hs__tt_025C_1v80 
sky130_fd_sc_hs__nand3b_4                    1      25.574                       sky130_fd_sc_hs__tt_025C_1v80 
sky130_fd_sc_hs__nand4_1                  1400   13426.560                       sky130_fd_sc_hs__tt_025C_1v80 
sky130_fd_sc_hs__nand4_2                    61     975.024                       sky130_fd_sc_hs__tt_025C_1v80 
sky130_fd_sc_hs__nand4_4                    17     489.110                       sky130_fd_sc_hs__tt_025C_1v80 
sky130_fd_sc_hs__nand4b_1                   86     962.237                       sky130_fd_sc_hs__tt_025C_1v80 
sky130_fd_sc_hs__nand4b_2                   33     632.966                       sky130_fd_sc_hs__tt_025C_1v80 
sky130_fd_sc_hs__nand4b_4                    7     212.587                       sky130_fd_sc_hs__tt_025C_1v80 
sky130_fd_sc_hs__nand4bb_1                   8     115.085                       sky130_fd_sc_hs__tt_025C_1v80 
sky130_fd_sc_hs__nor2_1                   6371   30550.219                       sky130_fd_sc_hs__tt_025C_1v80 
sky130_fd_sc_hs__nor2_2                    664    5306.688                       sky130_fd_sc_hs__tt_025C_1v80 
sky130_fd_sc_hs__nor2_4                    248    3567.629                       sky130_fd_sc_hs__tt_025C_1v80 
sky130_fd_sc_hs__nor2_8                     18     489.110                       sky130_fd_sc_hs__tt_025C_1v80 
sky130_fd_sc_hs__nor2b_1                  1873   14969.016                       sky130_fd_sc_hs__tt_025C_1v80 
sky130_fd_sc_hs__nor2b_2                   167    1868.530                       sky130_fd_sc_hs__tt_025C_1v80 
sky130_fd_sc_hs__nor2b_4                    15     263.736                       sky130_fd_sc_hs__tt_025C_1v80 
sky130_fd_sc_hs__nor3_1                    159    1016.582                       sky130_fd_sc_hs__tt_025C_1v80 
sky130_fd_sc_hs__nor3_2                     32     358.042                       sky130_fd_sc_hs__tt_025C_1v80 
sky130_fd_sc_hs__nor3_4                      2      44.755                       sky130_fd_sc_hs__tt_025C_1v80 
sky130_fd_sc_hs__nor3b_1                    47     450.749                       sky130_fd_sc_hs__tt_025C_1v80 
sky130_fd_sc_hs__nor3b_2                     3      47.952                       sky130_fd_sc_hs__tt_025C_1v80 
sky130_fd_sc_hs__nor4_1                     24     230.170                       sky130_fd_sc_hs__tt_025C_1v80 
sky130_fd_sc_hs__nor4_2                      2      28.771                       sky130_fd_sc_hs__tt_025C_1v80 
sky130_fd_sc_hs__nor4b_1                     7      78.322                       sky130_fd_sc_hs__tt_025C_1v80 
sky130_fd_sc_hs__o2111a_1                   77     984.614                       sky130_fd_sc_hs__tt_025C_1v80 
sky130_fd_sc_hs__o2111a_2                   13     207.792                       sky130_fd_sc_hs__tt_025C_1v80 
sky130_fd_sc_hs__o2111ai_1                 110    1230.768                       sky130_fd_sc_hs__tt_025C_1v80 
sky130_fd_sc_hs__o2111ai_2                  21     402.797                       sky130_fd_sc_hs__tt_025C_1v80 
sky130_fd_sc_hs__o2111ai_4                   5     167.832                       sky130_fd_sc_hs__tt_025C_1v80 
sky130_fd_sc_hs__o211a_2                    54     690.509                       sky130_fd_sc_hs__tt_025C_1v80 
sky130_fd_sc_hs__o211a_4                     7     156.643                       sky130_fd_sc_hs__tt_025C_1v80 
sky130_fd_sc_hs__o211ai_1                  542    5197.997                       sky130_fd_sc_hs__tt_025C_1v80 
sky130_fd_sc_hs__o211ai_2                   31     495.504                       sky130_fd_sc_hs__tt_025C_1v80 
sky130_fd_sc_hs__o211ai_4                   22     597.802                       sky130_fd_sc_hs__tt_025C_1v80 
sky130_fd_sc_hs__o21a_1                   1889   18116.266                       sky130_fd_sc_hs__tt_025C_1v80 
sky130_fd_sc_hs__o21a_2                     47     600.998                       sky130_fd_sc_hs__tt_025C_1v80 
sky130_fd_sc_hs__o21a_4                     30     575.424                       sky130_fd_sc_hs__tt_025C_1v80 
sky130_fd_sc_hs__o21ai_1                  2996   23944.032                       sky130_fd_sc_hs__tt_025C_1v80 
sky130_fd_sc_hs__o21ai_2                  2604   29135.635                       sky130_fd_sc_hs__tt_025C_1v80 
sky130_fd_sc_hs__o21ai_4                   316    6061.133                       sky130_fd_sc_hs__tt_025C_1v80 
sky130_fd_sc_hs__o21ba_1                    69     882.317                       sky130_fd_sc_hs__tt_025C_1v80 
sky130_fd_sc_hs__o21ba_2                    50     639.360                       sky130_fd_sc_hs__tt_025C_1v80 
sky130_fd_sc_hs__o21ba_4                     5     103.896                       sky130_fd_sc_hs__tt_025C_1v80 
sky130_fd_sc_hs__o21bai_1                  757    7259.933                       sky130_fd_sc_hs__tt_025C_1v80 
sky130_fd_sc_hs__o21bai_2                  292    4200.595                       sky130_fd_sc_hs__tt_025C_1v80 
sky130_fd_sc_hs__o21bai_4                   34     815.184                       sky130_fd_sc_hs__tt_025C_1v80 
sky130_fd_sc_hs__o221a_1                   135    1942.056                       sky130_fd_sc_hs__tt_025C_1v80 
sky130_fd_sc_hs__o221a_2                     2      31.968                       sky130_fd_sc_hs__tt_025C_1v80 
sky130_fd_sc_hs__o221a_4                     2      51.149                       sky130_fd_sc_hs__tt_025C_1v80 
sky130_fd_sc_hs__o221ai_1                  228    2915.482                       sky130_fd_sc_hs__tt_025C_1v80 
sky130_fd_sc_hs__o221ai_2                   21     402.797                       sky130_fd_sc_hs__tt_025C_1v80 
sky130_fd_sc_hs__o22a_1                    131    1675.123                       sky130_fd_sc_hs__tt_025C_1v80 
sky130_fd_sc_hs__o22a_2                    400    5114.880                       sky130_fd_sc_hs__tt_025C_1v80 
sky130_fd_sc_hs__o22a_4                     47    1051.747                       sky130_fd_sc_hs__tt_025C_1v80 
sky130_fd_sc_hs__o22ai_1                  5348   51289.459                       sky130_fd_sc_hs__tt_025C_1v80 
sky130_fd_sc_hs__o22ai_2                   421    6729.264                       sky130_fd_sc_hs__tt_025C_1v80 
sky130_fd_sc_hs__o22ai_4                    23     624.974                       sky130_fd_sc_hs__tt_025C_1v80 
sky130_fd_sc_hs__o2bb2a_1                   55     791.208                       sky130_fd_sc_hs__tt_025C_1v80 
sky130_fd_sc_hs__o2bb2a_2                  420    6041.952                       sky130_fd_sc_hs__tt_025C_1v80 
sky130_fd_sc_hs__o2bb2a_4                    8     191.808                       sky130_fd_sc_hs__tt_025C_1v80 
sky130_fd_sc_hs__o2bb2ai_1                2024   22646.131                       sky130_fd_sc_hs__tt_025C_1v80 
sky130_fd_sc_hs__o2bb2ai_2                 370    7096.896                       sky130_fd_sc_hs__tt_025C_1v80 
sky130_fd_sc_hs__o2bb2ai_4                 157    5269.925                       sky130_fd_sc_hs__tt_025C_1v80 
sky130_fd_sc_hs__o311a_2                     5      71.928                       sky130_fd_sc_hs__tt_025C_1v80 
sky130_fd_sc_hs__o311ai_1                   12     134.266                       sky130_fd_sc_hs__tt_025C_1v80 
sky130_fd_sc_hs__o31a_1                     53     593.006                       sky130_fd_sc_hs__tt_025C_1v80 
sky130_fd_sc_hs__o31a_2                      1      12.787                       sky130_fd_sc_hs__tt_025C_1v80 
sky130_fd_sc_hs__o31a_4                      2      44.755                       sky130_fd_sc_hs__tt_025C_1v80 
sky130_fd_sc_hs__o31ai_1                    40     383.616                       sky130_fd_sc_hs__tt_025C_1v80 
sky130_fd_sc_hs__o31ai_2                     2      31.968                       sky130_fd_sc_hs__tt_025C_1v80 
sky130_fd_sc_hs__o31ai_4                     1      28.771                       sky130_fd_sc_hs__tt_025C_1v80 
sky130_fd_sc_hs__o32a_1                     30     383.616                       sky130_fd_sc_hs__tt_025C_1v80 
sky130_fd_sc_hs__o32ai_1                    82     917.482                       sky130_fd_sc_hs__tt_025C_1v80 
sky130_fd_sc_hs__o32ai_2                    29     602.597                       sky130_fd_sc_hs__tt_025C_1v80 
sky130_fd_sc_hs__o41a_1                      2      28.771                       sky130_fd_sc_hs__tt_025C_1v80 
sky130_fd_sc_hs__o41ai_1                     7      78.322                       sky130_fd_sc_hs__tt_025C_1v80 
sky130_fd_sc_hs__or2_1                    1194    9542.448                       sky130_fd_sc_hs__tt_025C_1v80 
sky130_fd_sc_hs__or2_2                    1097    8767.224                       sky130_fd_sc_hs__tt_025C_1v80 
sky130_fd_sc_hs__or2_4                     187    2690.107                       sky130_fd_sc_hs__tt_025C_1v80 
sky130_fd_sc_hs__or2b_1                     58     648.950                       sky130_fd_sc_hs__tt_025C_1v80 
sky130_fd_sc_hs__or2b_2                      7      78.322                       sky130_fd_sc_hs__tt_025C_1v80 
sky130_fd_sc_hs__or2b_4                     12     230.170                       sky130_fd_sc_hs__tt_025C_1v80 
sky130_fd_sc_hs__or3_1                      21     201.398                       sky130_fd_sc_hs__tt_025C_1v80 
sky130_fd_sc_hs__or3b_1                     33     421.978                       sky130_fd_sc_hs__tt_025C_1v80 
sky130_fd_sc_hs__or3b_2                      3      38.362                       sky130_fd_sc_hs__tt_025C_1v80 
sky130_fd_sc_hs__or4_1                     128    1432.166                       sky130_fd_sc_hs__tt_025C_1v80 
sky130_fd_sc_hs__or4_2                       1      12.787                       sky130_fd_sc_hs__tt_025C_1v80 
sky130_fd_sc_hs__or4b_2                      1      14.386                       sky130_fd_sc_hs__tt_025C_1v80 
sky130_fd_sc_hs__sdfxtp_1                 6264  230284.685                       sky130_fd_sc_hs__tt_025C_1v80 
sky130_fd_sc_hs__sdfxtp_2                   31    1238.760                       sky130_fd_sc_hs__tt_025C_1v80 
sky130_fd_sc_hs__sdfxtp_4                   14     581.818                       sky130_fd_sc_hs__tt_025C_1v80 
sky130_fd_sc_hs__xnor2_1                 15140  169398.432                       sky130_fd_sc_hs__tt_025C_1v80 
sky130_fd_sc_hs__xnor2_2                   110    1934.064                       sky130_fd_sc_hs__tt_025C_1v80 
sky130_fd_sc_hs__xnor2_4                    15     455.544                       sky130_fd_sc_hs__tt_025C_1v80 
sky130_fd_sc_hs__xnor3_1                  1154   31357.411                       sky130_fd_sc_hs__tt_025C_1v80 
sky130_fd_sc_hs__xnor3_2                   796   22901.875                       sky130_fd_sc_hs__tt_025C_1v80 
sky130_fd_sc_hs__xor2_1                    711    9091.699                       sky130_fd_sc_hs__tt_025C_1v80 
sky130_fd_sc_hs__xor2_2                     84    1342.656                       sky130_fd_sc_hs__tt_025C_1v80 
sky130_fd_sc_hs__xor2_4                      4     115.085                       sky130_fd_sc_hs__tt_025C_1v80 
sky130_fd_sc_hs__xor3_1                    774   23506.070                       sky130_fd_sc_hs__tt_025C_1v80 
sky130_fd_sc_hs__xor3_2                    393   12563.424                       sky130_fd_sc_hs__tt_025C_1v80 
sky130_sram_0kbytes_1rw1r_128x16_16          1  216684.656 sky130_sram_0kbytes_1rw1r_128x16_16_TT_1p8V_25C_lib 
sky130_sram_0kbytes_1rw1r_64x32_8           36 4235171.119   sky130_sram_0kbytes_1rw1r_64x32_8_TT_1p8V_25C_lib 
---------------------------------------------------------------------------------------------------------------
total                                   194506 6766908.006                                                     



                                                                                      
                      Library                       Instances     Area    Instances % 
--------------------------------------------------------------------------------------
sky130_fd_sc_hs__tt_025C_1v80                          194469 2315052.230       100.0 
sky130_sram_0kbytes_1rw1r_128x16_16_TT_1p8V_25C_lib         1  216684.656         0.0 
sky130_sram_0kbytes_1rw1r_64x32_8_TT_1p8V_25C_lib          36 4235171.119         0.0 


                                            
     Type      Instances     Area    Area % 
--------------------------------------------
timing_model          37 4451855.775   65.8 
sequential         18665  574022.203    8.5 
inverter           19265  116475.408    1.7 
buffer             13361  152616.830    2.3 
logic             143178 1471937.789   21.8 
physical_cells         0       0.000    0.0 
--------------------------------------------
total             194506 6766908.006  100.0 

