============================================================
  Generated by:           Genus(TM) Synthesis Solution 25.12-s067_1
  Generated on:           Jul 06 2026  11:28:34 am
  Module:                 fa_top
  Technology libraries:   sky130_fd_sc_hs__tt_025C_1v80 1.0000000000
                          sky130_sram_0kbytes_1rw1r_64x32_8_TT_1p8V_25C_lib 
                          sky130_sram_0kbytes_1rw1r_64x64_8_TT_1p8V_25C_lib 
                          sky130_sram_0kbytes_1rw1r_128x16_16_TT_1p8V_25C_lib 
                          physical_cells 
  Operating conditions:   typ 
  Interconnect mode:      global
  Area mode:              physical library
============================================================

 
  Hierarchy Report Format : 
 
    level instance ( module ) <status>
 
    status :    preserve_<value> -- indicating preserve hierachy or inherited_preserve value
           :    blackbox --  indicating  unresolved instance
 
==================================================================

 0 fa_top
  1 u_regs ( axi_lite_regs ) 
     2 mux_error_latched_reg_147_36 ( bmux_5_36 ) 
     2 mux_error_latched_reg_152_36 ( bmux_5_36 ) 
     2 mux_error_latched_reg_162_36 ( bmux_5_36 ) 
     2 ctl_awaddr_reg_144_19 ( case_box ) 
     2 mux_error_latched_reg_144_19 ( mux ) 
     2 mux_error_latched_reg_143_13 ( bmux_5_36 ) 
     2 mux_done_latched_reg_160_36 ( bmux_5_36 ) 
     2 mux_done_latched_reg_144_19 ( mux ) 
     2 mux_done_latched_reg_143_13 ( bmux_5_36 ) 
     2 mux_soft_reset_pulse_144_19 ( mux_29 ) 
     2 mux_soft_reset_pulse_143_13 ( bmux_5_36 ) 
     2 mux_start_pulse_144_19 ( mux_29 ) 
     2 mux_start_pulse_143_13 ( bmux_5_36 ) 
     2 ctl_s_araddr_189_19 ( case_box_38 ) 
     2 mux_s_rdata_189_19 ( mux_37 ) 
     2 mux_aw_hold_reg_143_13 ( bmux_5_36 ) 
     2 apply_wstrb_165_37:mux_apply_wstrb_104_17 ( bmux ) 
     2 apply_wstrb_165_37:mux_apply_wstrb_104_5 ( bmux ) 
     2 apply_wstrb_165_37:mux_apply_wstrb_104_6 ( bmux ) 
     2 apply_wstrb_165_37:mux_apply_wstrb_104_7 ( bmux ) 
     2 apply_wstrb_166_39:mux_apply_wstrb_104_17 ( bmux ) 
     2 apply_wstrb_166_39:mux_apply_wstrb_104_5 ( bmux ) 
     2 apply_wstrb_166_39:mux_apply_wstrb_104_6 ( bmux ) 
     2 apply_wstrb_166_39:mux_apply_wstrb_104_7 ( bmux ) 
     2 apply_wstrb_167_39:mux_apply_wstrb_104_17 ( bmux ) 
     2 apply_wstrb_167_39:mux_apply_wstrb_104_5 ( bmux ) 
     2 apply_wstrb_167_39:mux_apply_wstrb_104_6 ( bmux ) 
     2 apply_wstrb_167_39:mux_apply_wstrb_104_7 ( bmux ) 
     2 apply_wstrb_168_39:mux_apply_wstrb_104_17 ( bmux ) 
     2 apply_wstrb_168_39:mux_apply_wstrb_104_5 ( bmux ) 
     2 apply_wstrb_168_39:mux_apply_wstrb_104_6 ( bmux ) 
     2 apply_wstrb_168_39:mux_apply_wstrb_104_7 ( bmux ) 
     2 apply_wstrb_169_39:mux_apply_wstrb_104_17 ( bmux ) 
     2 apply_wstrb_169_39:mux_apply_wstrb_104_5 ( bmux ) 
     2 apply_wstrb_169_39:mux_apply_wstrb_104_6 ( bmux ) 
     2 apply_wstrb_169_39:mux_apply_wstrb_104_7 ( bmux ) 
     2 apply_wstrb_170_39:mux_apply_wstrb_104_17 ( bmux ) 
     2 apply_wstrb_170_39:mux_apply_wstrb_104_5 ( bmux ) 
     2 apply_wstrb_170_39:mux_apply_wstrb_104_6 ( bmux ) 
     2 apply_wstrb_170_39:mux_apply_wstrb_104_7 ( bmux ) 
     2 apply_wstrb_171_39:mux_apply_wstrb_104_17 ( bmux ) 
     2 apply_wstrb_171_39:mux_apply_wstrb_104_5 ( bmux ) 
     2 apply_wstrb_171_39:mux_apply_wstrb_104_6 ( bmux ) 
     2 apply_wstrb_171_39:mux_apply_wstrb_104_7 ( bmux ) 
     2 apply_wstrb_172_39:mux_apply_wstrb_104_17 ( bmux ) 
     2 apply_wstrb_172_39:mux_apply_wstrb_104_5 ( bmux ) 
     2 apply_wstrb_172_39:mux_apply_wstrb_104_6 ( bmux ) 
     2 apply_wstrb_172_39:mux_apply_wstrb_104_7 ( bmux ) 
     2 apply_wstrb_173_39:mux_apply_wstrb_104_17 ( bmux ) 
     2 apply_wstrb_173_39:mux_apply_wstrb_104_5 ( bmux ) 
     2 apply_wstrb_173_39:mux_apply_wstrb_104_6 ( bmux ) 
     2 apply_wstrb_173_39:mux_apply_wstrb_104_7 ( bmux ) 
     2 apply_wstrb_174_43:mux_apply_wstrb_104_17 ( bmux ) 
     2 apply_wstrb_174_43:mux_apply_wstrb_104_5 ( bmux ) 
     2 apply_wstrb_174_43:mux_apply_wstrb_104_6 ( bmux ) 
     2 apply_wstrb_174_43:mux_apply_wstrb_104_7 ( bmux ) 
     2 apply_wstrb_175_49:mux_apply_wstrb_104_17 ( bmux ) 
     2 apply_wstrb_175_49:mux_apply_wstrb_104_5 ( bmux ) 
     2 apply_wstrb_175_49:mux_apply_wstrb_104_6 ( bmux ) 
     2 apply_wstrb_175_49:mux_apply_wstrb_104_7 ( bmux ) 
     2 apply_wstrb_176_41:mux_apply_wstrb_104_17 ( bmux ) 
     2 apply_wstrb_176_41:mux_apply_wstrb_104_5 ( bmux ) 
     2 apply_wstrb_176_41:mux_apply_wstrb_104_6 ( bmux ) 
     2 apply_wstrb_176_41:mux_apply_wstrb_104_7 ( bmux ) 
  1 u_task ( task_ctrl ) 
     2 ctl_state_reg_43_15 ( case_box_58 ) 
     2 mux_task_busy_43_15 ( mux_43 ) 
     2 mux_state_reg_60_21 ( bmux_44_59 ) 
     2 mux_state_reg_71_21 ( bmux_45_60 ) 
     2 mux_state_reg_82_21 ( bmux_5_36 ) 
     2 mux_state_reg_43_15 ( mux_47 ) 
     2 mux_init_start_47_21 ( bmux_5_36 ) 
     2 mux_init_start_43_15 ( mux_29 ) 
     2 mux_run_enable_75_30 ( bmux_5_36 ) 
     2 mux_run_enable_71_21 ( bmux_5_36 ) 
     2 mux_run_enable_43_15 ( mux_55 ) 
     2 mux_task_error_43_15 ( mux_60 ) 
     2 mux_task_done_pulse_43_15 ( mux_29 ) 
     2 ctl_43_15 ( case_box_61 ) 
     2 mux_task_busy_43_18 ( mux_29 ) 
  1 u_perf ( perf_counters ) 
     2 add_46_38 ( add_unsigned ) 
     2 add_47_53 ( add_unsigned ) 
     2 add_48_74 ( add_unsigned ) 
     2 add_49_77 ( add_unsigned ) 
     2 add_50_65 ( add_unsigned ) 
     2 add_51_65 ( add_unsigned ) 
     2 add_52_71 ( add_unsigned ) 
     2 add_53_58 ( add_unsigned ) 
     2 add_54_61 ( add_unsigned ) 
     2 add_55_62 ( add_unsigned ) 
     2 ctl_read_index_60_11 ( case_box_75 ) 
     2 mux_read_data_60_11 ( mux_95 ) 
  1 u_page ( page_manager ) 
     2 lt_210_41 ( lt_unsigned ) 
     2 add_211_61 ( add_unsigned_99 ) 
     2 add_312_58 ( add_unsigned_99 ) 
     2 mux_cmd_valid_173_21 ( bmux_5_36 ) 
     2 mux_cmd_valid_210_59 ( bmux_5_36 ) 
     2 ctl_prefetch_state_reg_209_21 ( case_box_131 ) 
     2 mux_cmd_valid_209_21 ( mux ) 
     2 mux_state_reg_254_21 ( bmux_45_60 ) 
     2 mux_state_reg_309_40 ( bmux_44_59 ) 
     2 mux_next_tile_pending_reg_254_21 ( bmux_5_36 ) 
     2 ctl_state_reg_134_15 ( case_box_132 ) 
     2 mux_next_tile_pending_reg_134_15 ( mux_60 ) 
     2 mux_active_k_page_134_15 ( mux_55 ) 
     2 mux_prefetch_page_reg_134_15 ( mux_29 ) 
     2 mux_kv_ready_reg_134_15 ( mux_124 ) 
     2 mux_q_ready_reg_134_15 ( mux ) 
     2 mux_finalize_start_254_21 ( bmux_5_36 ) 
     2 mux_finalize_start_134_15 ( mux_29 ) 
     2 mux_o_store_start_134_15 ( mux_29 ) 
     2 mux_v_load_start_209_21 ( mux_29 ) 
     2 mux_v_load_start_134_15 ( mux_55 ) 
     2 mux_k_load_start_209_21 ( mux_29 ) 
     2 mux_k_load_start_134_15 ( mux ) 
     2 mux_q_load_start_134_15 ( mux_29 ) 
     2 mux_active_q_page_134_15 ( mux_29 ) 
     2 mux_cmd_base_addr_209_21 ( mux_155 ) 
     2 mux_cmd_base_addr_134_15 ( mux_156 ) 
     2 mux_cmd_page_209_21 ( mux_29 ) 
     2 mux_cmd_page_134_15 ( mux_124 ) 
     2 mux_cmd_kind_209_21 ( mux_161 ) 
     2 mux_cmd_kind_134_15 ( mux_43 ) 
     2 mux_error_140_27 ( bmux_5_36 ) 
     2 mux_error_134_15 ( mux_29 ) 
     2 mux_done_134_15 ( mux_29 ) 
     2 mux_prefetch_tile_reg_134_15 ( mux_170 ) 
     2 mux_active_q_group_134_15 ( mux_170 ) 
     2 mux_active_kv_tile_134_15 ( mux_176 ) 
     2 mux_prefetch_state_reg_209_21 ( mux_181 ) 
     2 mux_prefetch_state_reg_254_21 ( bmux_44_59 ) 
     2 mux_prefetch_state_reg_134_15 ( mux_183 ) 
     2 mux_cmd_valid_134_15 ( mux_185 ) 
     2 mux_state_reg_134_15 ( mux_187 ) 
     2 add_group_offset_158_38:add_87_33 ( add_unsigned_97 ) 
     2 add_group_offset_177_38:add_87_33 ( add_unsigned_97 ) 
     2 add_group_offset_194_38:add_87_33 ( add_unsigned_97 ) 
     2 add_group_offset_216_42:add_87_33 ( add_unsigned_97 ) 
     2 add_group_offset_231_42:add_87_33 ( add_unsigned_97 ) 
     2 add_group_offset_299_38:add_87_33 ( add_unsigned_97 ) 
     2 mux_expect_tag_reg_134_15 ( mux_1153 ) 
     2 mux_cmd_tag_209_21 ( mux_1154 ) 
     2 mux_cmd_tag_134_15 ( mux_1155 ) 
     2 mux_prefetch_expect_tag_reg_134_15 ( mux_1156 ) 
  1 u_dma ( dma_engine ) 
     2 u_read ( dma_read_master_ADDR_WIDTH64_DATA_WIDTH128_TAG_WIDTH8 ) 
        3 sub_111_48 ( sub_unsigned ) 
        3 eq_69_34 ( equal_unsigned_194 ) 
        3 sub_122_54 ( sub_unsigned_196 ) 
        3 lt_61_42 ( lt_unsigned_199 ) 
        3 lt_60_44 ( lt_unsigned_202 ) 
        3 eq_59_48 ( equal_unsigned_204 ) 
        3 sub_58_36 ( sub_unsigned_206 ) 
        3 gt_129_74 ( gt_unsigned ) 
        3 sub_129_115 ( sub_unsigned ) 
        3 add_123_60 ( add_unsigned_211 ) 
        3 add_125_46 ( add_unsigned_97 ) 
        3 mux_59_48 ( bmux_218 ) 
        3 mux_60_44 ( bmux_218 ) 
        3 mux_129_74 ( bmux ) 
        3 mux_state_reg_126_44 ( bmux_5_36 ) 
        3 ctl_state_reg_94_15 ( case_box_156 ) 
        3 mux_addr_reg_94_15 ( mux_155 ) 
        3 mux_done_valid_94_15 ( mux_29 ) 
        3 mux_m_axi_arvalid_112_35 ( bmux_5_36 ) 
        3 mux_m_axi_arvalid_94_15 ( mux_29 ) 
        3 mux_beat_in_burst_reg_94_15 ( mux_239 ) 
        3 mux_beats_left_reg_94_15 ( mux_241 ) 
        3 mux_burst_beats_reg_94_15 ( mux_152 ) 
        3 mux_state_reg_94_15 ( mux_245 ) 
        3 mux_61_42 ( bmux_1147 ) 
     2 u_write ( dma_write_master_ADDR_WIDTH64_DATA_WIDTH128_TAG_WIDTH8 ) 
        3 sub_118_56 ( sub_unsigned ) 
        3 eq_145_40 ( equal_unsigned_194 ) 
        3 sub_127_54 ( sub_unsigned_196 ) 
        3 add_56_14 ( add_unsigned_97 ) 
        3 add_126_60 ( add_unsigned_271 ) 
        3 sub_128_79 ( sub_unsigned_277 ) 
        3 mux_state_reg_145_40 ( bmux_5_36 ) 
        3 mux_done_valid_145_40 ( bmux_5_36 ) 
        3 mux_done_valid_141_21 ( bmux_5_36 ) 
        3 ctl_state_reg_101_15 ( case_box_167 ) 
        3 mux_done_valid_101_15 ( mux_29 ) 
        3 mux_m_axi_awvalid_119_35 ( bmux_5_36 ) 
        3 mux_beats_left_reg_101_15 ( mux_241 ) 
        3 mux_addr_reg_101_15 ( mux_155 ) 
        3 mux_burst_beats_reg_101_15 ( mux_170 ) 
        3 mux_beat_in_burst_reg_101_15 ( bmux_302 ) 
        3 mux_m_axi_wlast_reg_101_15 ( mux_29 ) 
        3 mux_state_reg_101_15 ( mux_55 ) 
        3 mux_state_reg_101_28 ( bmux_307 ) 
        3 select_burst_beats_106_40:gt_69_45 ( gt_unsigned ) 
        3 select_burst_beats_106_40:lt_67_42 ( lt_unsigned_252 ) 
        3 select_burst_beats_106_40:eq_65_39 ( equal_unsigned_204 ) 
        3 select_burst_beats_106_40:sub_66_35 ( sub_unsigned_256 ) 
        3 select_burst_beats_106_40:mux_65_39 ( bmux_218 ) 
        3 select_burst_beats_106_40:mux_69_45 ( bmux_171 ) 
        3 select_burst_beats_150_44:gt_69_45 ( gt_unsigned ) 
        3 select_burst_beats_150_44:lt_67_42 ( lt_unsigned_252 ) 
        3 select_burst_beats_150_44:eq_65_39 ( equal_unsigned_204 ) 
        3 select_burst_beats_150_44:sub_66_35 ( sub_unsigned_256 ) 
        3 select_burst_beats_150_44:mux_65_39 ( bmux_218 ) 
        3 select_burst_beats_150_44:mux_67_42 ( bmux_242 ) 
        3 select_burst_beats_150_44:mux_69_45 ( bmux_171 ) 
        3 select_burst_beats_106_40:mux_67_42 ( bmux_1157 ) 
     2 mux_83_19 ( bmux ) 
     2 mux_82_20 ( bmux_5_36 ) 
     2 mux_81_20 ( bmux_45_60 ) 
     2 mux_79_20 ( bmux_5_36 ) 
  1 u_q_adapter ( q_load_store_adapter ) 
     2 u_store ( o_store_adapter ) 
        3 add_37_52 ( add_unsigned_320 ) 
        3 lt_39_34 ( lt_unsigned_323 ) 
        3 add_78_44 ( add_unsigned_325 ) 
        3 add_88_44 ( add_unsigned_325 ) 
        3 add_102_55 ( add_unsigned_329 ) 
        3 sub_103_55 ( sub_unsigned_331 ) 
        3 add_87_48 ( add_unsigned_329 ) 
        3 add_92_48 ( add_unsigned_329 ) 
        3 add_96_53 ( add_unsigned_339 ) 
        3 sub_97_53 ( sub_unsigned_341 ) 
        3 mux_rsp_fifo_count_95_9 ( bmux_342 ) 
        3 mux_rsp_fifo_last[rsp_fifo_rd_ptr]_47_18 ( bmux_307 ) 
        3 mux_rsp_fifo_rd_ptr_91_13 ( bmux_45_60 ) 
        3 mux_outstanding_reg_101_9 ( bmux_347 ) 
        3 mux_rsp_fifo_data[rsp_fifo_rd_ptr]_46_18 ( bmux_351 ) 
        3 mux_rsp_fifo_wr_ptr_84_13 ( bmux_45_60 ) 
        3 mux_rsp_count_reg_84_13 ( bmux_354 ) 
        3 mux_busy_106_22 ( bmux_5_36 ) 
        3 mux_req_count_reg_74_13 ( bmux_354 ) 
        3 ctl_rsp_fifo_wr_ptr_85_13 ( case_box_190 ) 
     2 add_103_50 ( add_unsigned_369 ) 
     2 mux_q_load_busy_reg_104_34 ( bmux_5_36 ) 
     2 mux_q_load_busy_reg_96_22 ( bmux_5_36 ) 
     2 mux_q_load_busy_reg_89_32 ( bmux_5_36 ) 
     2 mux_q_load_busy_reg_82_13 ( bmux_5_36 ) 
     2 ctl_62_9 ( case_box_204 ) 
     2 mux_q_load_count_reg_62_9 ( mux_375 ) 
     2 ctl_62_24 ( case_box_205 ) 
     2 mux_q_rw_wdata_62_9 ( mux_376 ) 
     2 mux_q_rw_addr_62_9 ( mux_377 ) 
     2 mux_q_rw_pair_62_9 ( mux_245 ) 
     2 mux_q_rw_write_62_9 ( mux_55 ) 
     2 mux_q_rw_valid_62_9 ( mux_60 ) 
     2 ctl_62_29 ( case_box_220 ) 
     2 mux_q_load_done_62_9 ( mux_124 ) 
  1 u_k_adapter ( k_load_adapter ) 
     2 add_53_46 ( add_unsigned_369 ) 
     2 mux_busy_54_32 ( bmux_5_36 ) 
     2 mux_beat_count_reg_48_13 ( bmux_387 ) 
     2 mux_done_54_32 ( bmux_5_36 ) 
     2 mux_done_48_13 ( bmux_5_36 ) 
     2 mux_busy_48_13 ( bmux_5_36 ) 
  1 u_v_adapter ( v_load_adapter ) 
     2 add_53_46 ( add_unsigned_369 ) 
     2 mux_busy_54_32 ( bmux_5_36 ) 
     2 mux_beat_count_reg_48_13 ( bmux_387 ) 
     2 mux_done_54_32 ( bmux_5_36 ) 
     2 mux_done_48_13 ( bmux_5_36 ) 
     2 mux_busy_48_13 ( bmux_5_36 ) 
  1 u_sched ( score_scheduler ) 
     2 mux_pending_reg_147_17 ( bmux_418 ) 
     2 dcd_pending_reg_148_17 ( Decoder_3_7_0 ) 
     2 mux_pending_reg_148_17 ( bmux_5_36 ) 
     2 mux_pending_reg_148_6 ( bmux_5_36 ) 
     2 mux_pending_reg_148_7 ( bmux_5_36 ) 
     2 mux_pending_reg_148_8 ( bmux_5_36 ) 
     2 mux_pending_reg_148_9 ( bmux_5_36 ) 
     2 mux_pending_reg_148_10 ( bmux_5_36 ) 
     2 mux_pending_reg_148_11 ( bmux_5_36 ) 
     2 mux_pending_reg_148_12 ( bmux_5_36 ) 
     2 dcd_fin_pending_reg_153_13 ( Decoder_3_7_0_247 ) 
     2 mux_fin_pending_reg_153_13 ( bmux_5_36 ) 
     2 mux_fin_pending_reg_153_14 ( bmux_5_36 ) 
     2 mux_fin_pending_reg_153_15 ( bmux_5_36 ) 
     2 mux_fin_pending_reg_153_16 ( bmux_5_36 ) 
     2 mux_fin_pending_reg_153_17 ( bmux_5_36 ) 
     2 mux_fin_pending_reg_153_18 ( bmux_5_36 ) 
     2 mux_fin_pending_reg_153_19 ( bmux_5_36 ) 
     2 mux_fin_pending_reg_153_20 ( bmux_5_36 ) 
     2 mux_pending_reg_202_38 ( bmux_418 ) 
     2 dcd_pending_reg_227_21 ( Decoder_3_7_0_261 ) 
     2 mux_pending_reg_227_21 ( bmux_5_36 ) 
     2 mux_pending_reg_227_32 ( bmux_5_36 ) 
     2 mux_pending_reg_227_33 ( bmux_5_36 ) 
     2 mux_pending_reg_227_34 ( bmux_5_36 ) 
     2 mux_pending_reg_227_35 ( bmux_5_36 ) 
     2 mux_pending_reg_227_36 ( bmux_5_36 ) 
     2 mux_pending_reg_227_37 ( bmux_5_36 ) 
     2 mux_pending_reg_227_38 ( bmux_5_36 ) 
     2 dcd_fin_pending_reg_263_21 ( Decoder_3_7_0_265 ) 
     2 mux_fin_pending_reg_263_21 ( bmux_5_36 ) 
     2 mux_fin_pending_reg_263_40 ( bmux_5_36 ) 
     2 mux_fin_pending_reg_263_41 ( bmux_5_36 ) 
     2 mux_fin_pending_reg_263_42 ( bmux_5_36 ) 
     2 mux_fin_pending_reg_263_43 ( bmux_5_36 ) 
     2 mux_fin_pending_reg_263_44 ( bmux_5_36 ) 
     2 mux_fin_pending_reg_263_45 ( bmux_5_36 ) 
     2 mux_fin_pending_reg_263_46 ( bmux_5_36 ) 
     2 lte_86_32 ( leq_unsigned ) 
     2 add_186_54 ( add_unsigned_339 ) 
     2 add_229_52 ( add_unsigned_339 ) 
     2 add_232_50 ( add_unsigned_339 ) 
     2 add_266_48 ( add_unsigned_339 ) 
     2 add_228_60 ( add_unsigned_211 ) 
     2 mux_fin_pending_reg_152_13 ( bmux ) 
     2 mux_fin_pending_reg_157_27 ( bmux ) 
     2 mux_pending_reg_147_106 ( bmux ) 
     2 mux_pending_reg_144_13 ( bmux ) 
     2 mux_pending_reg_157_27 ( bmux ) 
     2 mux_ctx_issue_reg_230_39 ( bmux_44_59 ) 
     2 mux_score_valid_203_25 ( bmux_5_36 ) 
     2 mux_score_valid_202_34 ( bmux_5_36 ) 
     2 mux_pending_reg_226_21 ( bmux ) 
     2 mux_fin_pending_reg_256_21 ( bmux ) 
     2 mux_state_reg_240_41 ( bmux_44_59 ) 
     2 mux_state_reg_274_40 ( bmux_45_60 ) 
     2 ctl_state_reg_155_15 ( case_box_311 ) 
     2 mux_token_counter_reg_155_15 ( mux_152 ) 
     2 mux_l_mem[0]_157_27 ( bmux_499 ) 
     2 mux_l_mem[0]_155_15 ( mux_500 ) 
     2 mux_m_mem[0]_157_27 ( bmux_17_37 ) 
     2 mux_m_mem[0]_155_15 ( mux_524 ) 
     2 mux_l_mem[fin_idx_reg]_262_39 ( bmux_547 ) 
     2 mux_m_mem[fin_idx_reg]_261_39 ( bmux_549 ) 
     2 mux_m_mem[ctx_issue_reg]_211_40 ( bmux_549 ) 
     2 mux_group_done_272_37 ( bmux_5_36 ) 
     2 mux_group_done_155_15 ( mux_29 ) 
     2 mux_tile_done_244_34 ( bmux_5_36 ) 
     2 mux_tile_done_240_41 ( bmux_5_36 ) 
     2 mux_tile_done_239_33 ( bmux_5_36 ) 
     2 mux_tile_done_155_15 ( mux_29 ) 
     2 mux_done_155_15 ( mux_29 ) 
     2 mux_finalize_req_valid_256_21 ( bmux_5_36 ) 
     2 mux_finalize_req_valid_155_15 ( mux_29 ) 
     2 mux_kv_row_reg_155_15 ( mux_578 ) 
     2 mux_ctx_issue_reg_226_21 ( bmux_44_59 ) 
     2 mux_ctx_issue_reg_155_15 ( mux_578 ) 
     2 mux_score_valid_155_15 ( mux_29 ) 
     2 mux_pending_reg_155_15 ( mux_239 ) 
     2 mux_fin_idx_reg_155_15 ( mux_578 ) 
     2 mux_fin_pending_reg_155_15 ( mux_239 ) 
     2 mux_group_wait_drop_reg_155_15 ( mux ) 
     2 mux_init_valid_184_36 ( bmux_5_36 ) 
     2 mux_init_valid_172_21 ( bmux_5_36 ) 
     2 mux_init_idx_reg_155_15 ( mux_578 ) 
     2 mux_state_reg_155_15 ( mux_600 ) 
     2 ctl_complete_context_145_13 ( case_box_312 ) 
  1 u_core ( packed_compute_core ) 
     2 u_dot ( dot_frontend_TOKEN_WIDTH16 ) 
        3 u_q_sram ( qk_sram_cluster ) 
           4 g_bank[0].u_bank ( sky130_sram_0kbytes_1rw1r_64x64_8_wrapper ) 
           4 g_bank[1].u_bank ( sky130_sram_0kbytes_1rw1r_64x64_8_wrapper ) 
           4 g_bank[2].u_bank ( sky130_sram_0kbytes_1rw1r_64x64_8_wrapper ) 
           4 g_bank[3].u_bank ( sky130_sram_0kbytes_1rw1r_64x64_8_wrapper ) 
           4 g_bank[4].u_bank ( sky130_sram_0kbytes_1rw1r_64x64_8_wrapper ) 
           4 g_bank[5].u_bank ( sky130_sram_0kbytes_1rw1r_64x64_8_wrapper ) 
           4 g_bank[6].u_bank ( sky130_sram_0kbytes_1rw1r_64x64_8_wrapper ) 
           4 g_bank[7].u_bank ( sky130_sram_0kbytes_1rw1r_64x64_8_wrapper ) 
           4 g24 ( and_op_345 ) 
           4 mux_rw_rdata_86_11 ( bmux_351 ) 
           4 mux_rw_rvalid_86_11 ( bmux_307 ) 
        3 u_k_sram ( qk_sram_cluster ) 
           4 g_bank[0].u_bank ( sky130_sram_0kbytes_1rw1r_64x64_8_wrapper ) 
           4 g_bank[1].u_bank ( sky130_sram_0kbytes_1rw1r_64x64_8_wrapper ) 
           4 g_bank[2].u_bank ( sky130_sram_0kbytes_1rw1r_64x64_8_wrapper ) 
           4 g_bank[3].u_bank ( sky130_sram_0kbytes_1rw1r_64x64_8_wrapper ) 
           4 g_bank[4].u_bank ( sky130_sram_0kbytes_1rw1r_64x64_8_wrapper ) 
           4 g_bank[5].u_bank ( sky130_sram_0kbytes_1rw1r_64x64_8_wrapper ) 
           4 g_bank[6].u_bank ( sky130_sram_0kbytes_1rw1r_64x64_8_wrapper ) 
           4 g_bank[7].u_bank ( sky130_sram_0kbytes_1rw1r_64x64_8_wrapper ) 
           4 g24 ( and_op_345 ) 
           4 mux_rw_rdata_86_11 ( bmux_351 ) 
           4 mux_rw_rvalid_86_11 ( bmux_307 ) 
        3 eq_264_76 ( equal_unsigned_627 ) 
        3 add_135_77 ( add_signed_629 ) 
        3 mul_221_45_I32 ( mult_signed ) 
        3 mul_221_45_I31 ( mult_signed ) 
        3 mul_221_45_I30 ( mult_signed ) 
        3 mul_221_45_I29 ( mult_signed ) 
        3 mul_221_45_I28 ( mult_signed ) 
        3 mul_221_45_I27 ( mult_signed ) 
        3 mul_221_45_I26 ( mult_signed ) 
        3 mul_221_45_I25 ( mult_signed ) 
        3 mul_221_45_I24 ( mult_signed ) 
        3 mul_221_45_I23 ( mult_signed ) 
        3 mul_221_45_I22 ( mult_signed ) 
        3 mul_221_45_I21 ( mult_signed ) 
        3 mul_221_45_I20 ( mult_signed ) 
        3 mul_221_45_I19 ( mult_signed ) 
        3 mul_221_45_I18 ( mult_signed ) 
        3 mul_221_45_I17 ( mult_signed ) 
        3 mul_221_45_I16 ( mult_signed ) 
        3 mul_221_45_I15 ( mult_signed ) 
        3 mul_221_45_I14 ( mult_signed ) 
        3 mul_221_45_I13 ( mult_signed ) 
        3 mul_221_45_I12 ( mult_signed ) 
        3 mul_221_45_I11 ( mult_signed ) 
        3 mul_221_45_I10 ( mult_signed ) 
        3 mul_221_45_I9 ( mult_signed ) 
        3 mul_221_45_I8 ( mult_signed ) 
        3 mul_221_45_I7 ( mult_signed ) 
        3 mul_221_45_I6 ( mult_signed ) 
        3 mul_221_45_I5 ( mult_signed ) 
        3 mul_221_45_I4 ( mult_signed ) 
        3 mul_221_45_I3 ( mult_signed ) 
        3 mul_221_45_I2 ( mult_signed ) 
        3 mul_221_45_I1 ( mult_signed ) 
        3 add_239_69_I4 ( add_signed_3989 ) 
        3 add_239_69_I3 ( add_signed_3989 ) 
        3 add_239_69_I2 ( add_signed_3989 ) 
        3 add_239_69_I1 ( add_signed_3989 ) 
        3 add_248_75_I2 ( add_signed_3997 ) 
        3 add_248_75_I1 ( add_signed_3997 ) 
        3 add_255_79 ( add_signed_4001 ) 
        3 mux_101_21 ( bmux_5_36 ) 
        3 mux_102_26 ( bmux_45_60 ) 
        3 mux_103_26 ( bmux_387 ) 
        3 mux_104_28 ( bmux_242 ) 
        3 mux_105_29 ( bmux_390 ) 
        3 mux_127_20 ( bmux_171 ) 
        3 mux_130_20 ( bmux_171 ) 
        3 mux_213_29 ( bmux_242 ) 
        3 mux_saved_half_valid_reg_259_17 ( bmux_5_36 ) 
        3 mux_out_valid_259_17 ( bmux_5_36 ) 
        3 mux_out_valid_258_13 ( bmux_5_36 ) 
        3 sum_four_products_229_32_I1:add_117_39 ( add_signed ) 
        3 sum_four_products_229_32_I1:add_119_57 ( add_signed_623 ) 
        3 sum_four_products_229_32_I1:add_118_39 ( add_signed ) 
        3 sum_four_products_229_32_I2:add_117_39 ( add_signed ) 
        3 sum_four_products_229_32_I2:add_119_57 ( add_signed_623 ) 
        3 sum_four_products_229_32_I2:add_118_39 ( add_signed ) 
        3 sum_four_products_229_32_I3:add_117_39 ( add_signed ) 
        3 sum_four_products_229_32_I3:add_119_57 ( add_signed_623 ) 
        3 sum_four_products_229_32_I3:add_118_39 ( add_signed ) 
        3 sum_four_products_229_32_I4:add_117_39 ( add_signed ) 
        3 sum_four_products_229_32_I4:add_119_57 ( add_signed_623 ) 
        3 sum_four_products_229_32_I4:add_118_39 ( add_signed ) 
        3 sum_four_products_229_32_I5:add_117_39 ( add_signed ) 
        3 sum_four_products_229_32_I5:add_119_57 ( add_signed_623 ) 
        3 sum_four_products_229_32_I5:add_118_39 ( add_signed ) 
        3 sum_four_products_229_32_I6:add_117_39 ( add_signed ) 
        3 sum_four_products_229_32_I6:add_119_57 ( add_signed_623 ) 
        3 sum_four_products_229_32_I6:add_118_39 ( add_signed ) 
        3 sum_four_products_229_32_I7:add_117_39 ( add_signed ) 
        3 sum_four_products_229_32_I7:add_119_57 ( add_signed_623 ) 
        3 sum_four_products_229_32_I7:add_118_39 ( add_signed ) 
        3 sum_four_products_229_32_I8:add_117_39 ( add_signed ) 
        3 sum_four_products_229_32_I8:add_119_57 ( add_signed_623 ) 
        3 sum_four_products_229_32_I8:add_118_39 ( add_signed ) 
     2 u_score_exp ( score_exp_pipe_TOKEN_WIDTH16 ) 
        3 u_exp_rom ( score_exp_banked_rom ) 
           4 mux_out_data_2146_11 ( bmux_4058 ) 
           4 ctl_addr_10_61 ( case_box_457 ) 
           4 bank0_lookup_2130_22:mux_bank0_lookup_10_61 ( mux_4043 ) 
           4 bank1_lookup_2131_22:mux_bank1_lookup_141_61 ( mux_4042 ) 
           4 bank2_lookup_2132_22:mux_bank2_lookup_272_61 ( mux_4041 ) 
           4 bank3_lookup_2133_22:mux_bank3_lookup_403_61 ( mux_4040 ) 
           4 bank4_lookup_2134_22:mux_bank4_lookup_534_61 ( mux_4033 ) 
           4 bank5_lookup_2135_22:mux_bank5_lookup_665_61 ( mux_4038 ) 
           4 bank6_lookup_2136_22:mux_bank6_lookup_796_61 ( mux_4037 ) 
           4 bank7_lookup_2137_22:mux_bank7_lookup_927_61 ( mux_4036 ) 
           4 bank8_lookup_2138_22:mux_bank8_lookup_1058_61 ( mux_4035 ) 
           4 bank9_lookup_2139_22:mux_bank9_lookup_1189_61 ( mux_4034 ) 
           4 bank11_lookup_2141_23:mux_bank11_lookup_1451_62 ( mux_4039 ) 
        3 lte_72_42 ( leq_signed ) 
        3 minus_73_52 ( sub_unsigned_4068 ) 
        3 mul_103_43 ( mult_signed_4444 ) 
        3 gt_66_34 ( gt_signed ) 
        3 lt_67_34 ( lt_signed ) 
        3 gt_69_31 ( gt_signed_4449 ) 
        3 sub_71_37 ( sub_signed_4451 ) 
        3 sub_71_61 ( sub_signed_4451 ) 
        3 mux_67_34 ( bmux_17_37 ) 
        3 mux_66_34 ( bmux_17_37 ) 
        3 mux_70_37 ( bmux_17_37 ) 
        3 mux_69_31 ( bmux_17_37 ) 
        3 mux_73_24 ( bmux_4052 ) 
        3 mux_134_53 ( bmux_242 ) 
        3 mux_134_25 ( bmux_242 ) 
        3 mux_133_26 ( bmux_242 ) 
        3 round_shift16_109_26:gte_56_19 ( geq_signed ) 
        3 round_shift16_109_26:add_57_36 ( add_signed_4062 ) 
        3 round_shift16_109_26:minus_60_29 ( sub_signed ) 
        3 round_shift16_109_26:sub0048572 ( sub_signed_4064 ) 
        3 round_shift16_109_26:mux_round_shift16_56_19 ( bmux_4065 ) 
     2 u_fifo ( update_token_fifo_DEPTH8_TOKEN_WIDTH16 ) 
        3 add_56_38 ( add_unsigned_339 ) 
        3 add_59_38 ( add_unsigned_339 ) 
        3 add_61_43 ( add_unsigned_271 ) 
        3 sub_62_43 ( sub_unsigned_4484 ) 
        3 mux_count_reg_60_9 ( bmux_4485 ) 
        3 mux_token_mem[rd_ptr_reg]_42_20 ( bmux_4489 ) 
        3 mux_beta_mem[rd_ptr_reg]_41_19 ( bmux_4489 ) 
        3 mux_alpha_mem[rd_ptr_reg]_40_20 ( bmux_4489 ) 
        3 mux_m_mem[rd_ptr_reg]_39_20 ( bmux_549 ) 
        3 ctl_wr_ptr_reg_52_13 ( case_box_536 ) 
     2 u_update ( update_state_cluster_TOKEN_WIDTH16 ) 
        3 u_v_sram ( v_sram_cluster ) 
           4 g_bank[0].u_bank_p0 ( sky130_sram_0kbytes_1rw1r_64x64_8_wrapper ) 
           4 g_bank[0].u_bank_p1 ( sky130_sram_0kbytes_1rw1r_64x64_8_wrapper ) 
           4 g_bank[1].u_bank_p0 ( sky130_sram_0kbytes_1rw1r_64x64_8_wrapper ) 
           4 g_bank[1].u_bank_p1 ( sky130_sram_0kbytes_1rw1r_64x64_8_wrapper ) 
           4 g_bank[2].u_bank_p0 ( sky130_sram_0kbytes_1rw1r_64x64_8_wrapper ) 
           4 g_bank[2].u_bank_p1 ( sky130_sram_0kbytes_1rw1r_64x64_8_wrapper ) 
           4 g_bank[3].u_bank_p0 ( sky130_sram_0kbytes_1rw1r_64x64_8_wrapper ) 
           4 g_bank[3].u_bank_p1 ( sky130_sram_0kbytes_1rw1r_64x64_8_wrapper ) 
           4 g84 ( and_op_624 ) 
           4 g85 ( and_op_625 ) 
           4 g87 ( and_op_627 ) 
           4 g88 ( and_op_628 ) 
           4 add_71_90_I2 ( add_unsigned_369 ) 
           4 mux_85_37 ( bmux_5_36 ) 
           4 mux_87_36 ( bmux_387 ) 
           4 mux_69_37 ( bmux_5_36 ) 
           4 mux_71_36 ( bmux_387 ) 
           4 mux_153_24 ( bmux_85 ) 
           4 mux_152_24 ( bmux_85 ) 
           4 mux_151_24 ( bmux_85 ) 
           4 mux_150_24 ( bmux_85 ) 
           4 mux_149_24 ( bmux_85 ) 
           4 mux_148_24 ( bmux_85 ) 
           4 mux_147_24 ( bmux_85 ) 
           4 mux_146_24 ( bmux_85 ) 
           4 mux_143_24 ( bmux_5_36 ) 
           4 mux_rw_rdata_134_18 ( bmux_390 ) 
           4 mux_rw_rdata_131_18 ( bmux_390 ) 
           4 mux_rw_rdata_128_21 ( bmux_390 ) 
           4 mux_rw_rvalid_134_18 ( bmux_5_36 ) 
           4 mux_rw_rvalid_131_18 ( bmux_5_36 ) 
           4 mux_rw_rvalid_128_21 ( bmux_5_36 ) 
        3 u_acc_sram ( acc_sram_cluster ) 
           4 g_bank[0].u_bank ( sky130_sram_0kbytes_1rw1r_64x64_8_wrapper ) 
           4 g_bank[1].u_bank ( sky130_sram_0kbytes_1rw1r_64x64_8_wrapper ) 
           4 g_bank[2].u_bank ( sky130_sram_0kbytes_1rw1r_64x64_8_wrapper ) 
           4 g_bank[3].u_bank ( sky130_sram_0kbytes_1rw1r_64x64_8_wrapper ) 
           4 g_bank[4].u_bank ( sky130_sram_0kbytes_1rw1r_64x64_8_wrapper ) 
           4 g_bank[5].u_bank ( sky130_sram_0kbytes_1rw1r_64x64_8_wrapper ) 
           4 g_bank[6].u_bank ( sky130_sram_0kbytes_1rw1r_64x64_8_wrapper ) 
           4 g_bank[7].u_bank ( sky130_sram_0kbytes_1rw1r_64x64_8_wrapper ) 
           4 g_bank[8].u_bank ( sky130_sram_0kbytes_1rw1r_64x64_8_wrapper ) 
           4 g_bank[9].u_bank ( sky130_sram_0kbytes_1rw1r_64x64_8_wrapper ) 
           4 g_bank[10].u_bank ( sky130_sram_0kbytes_1rw1r_64x64_8_wrapper ) 
           4 g_bank[11].u_bank ( sky130_sram_0kbytes_1rw1r_64x64_8_wrapper ) 
           4 g4 ( and_op ) 
        3 u_meta_sram ( meta_sram_cluster ) 
           4 u_lo ( sky130_sram_0kbytes_1rw1r_64x64_8_wrapper ) 
           4 u_hi ( sky130_sram_0kbytes_1rw1r_64x64_8_wrapper ) 
        3 add_390_54 ( add_unsigned_329 ) 
        3 add_409_56 ( add_unsigned_329 ) 
        3 mul_478_68_I16 ( mult_signed_4444 ) 
        3 mul_478_68_I15 ( mult_signed_4444 ) 
        3 mul_478_68_I14 ( mult_signed_4444 ) 
        3 mul_478_68_I13 ( mult_signed_4444 ) 
        3 mul_478_68_I12 ( mult_signed_4444 ) 
        3 mul_478_68_I11 ( mult_signed_4444 ) 
        3 mul_478_68_I10 ( mult_signed_4444 ) 
        3 mul_478_68_I9 ( mult_signed_4444 ) 
        3 mul_478_68_I8 ( mult_signed_4444 ) 
        3 mul_478_68_I7 ( mult_signed_4444 ) 
        3 mul_478_68_I6 ( mult_signed_4444 ) 
        3 mul_478_68_I5 ( mult_signed_4444 ) 
        3 mul_478_68_I4 ( mult_signed_4444 ) 
        3 mul_478_68_I3 ( mult_signed_4444 ) 
        3 mul_478_68_I2 ( mult_signed_4444 ) 
        3 mul_478_68_I1 ( mult_signed_4444 ) 
        3 mul_480_64_I16 ( mult_signed_10698 ) 
        3 mul_480_64_I15 ( mult_signed_10698 ) 
        3 mul_480_64_I14 ( mult_signed_10698 ) 
        3 mul_480_64_I13 ( mult_signed_10698 ) 
        3 mul_480_64_I12 ( mult_signed_10698 ) 
        3 mul_480_64_I11 ( mult_signed_10698 ) 
        3 mul_480_64_I10 ( mult_signed_10698 ) 
        3 mul_480_64_I9 ( mult_signed_10698 ) 
        3 mul_480_64_I8 ( mult_signed_10698 ) 
        3 mul_480_64_I7 ( mult_signed_10698 ) 
        3 mul_480_64_I6 ( mult_signed_10698 ) 
        3 mul_480_64_I5 ( mult_signed_10698 ) 
        3 mul_480_64_I4 ( mult_signed_10698 ) 
        3 mul_480_64_I3 ( mult_signed_10698 ) 
        3 mul_480_64_I2 ( mult_signed_10698 ) 
        3 mul_480_64_I1 ( mult_signed_10698 ) 
        3 add_523_37_I16 ( add_signed_12380 ) 
        3 add_523_37_I15 ( add_signed_12380 ) 
        3 add_523_37_I14 ( add_signed_12380 ) 
        3 add_523_37_I13 ( add_signed_12380 ) 
        3 add_523_37_I12 ( add_signed_12380 ) 
        3 add_523_37_I11 ( add_signed_12380 ) 
        3 add_523_37_I10 ( add_signed_12380 ) 
        3 add_523_37_I9 ( add_signed_12380 ) 
        3 add_523_37_I8 ( add_signed_12380 ) 
        3 add_523_37_I7 ( add_signed_12380 ) 
        3 add_523_37_I6 ( add_signed_12380 ) 
        3 add_523_37_I5 ( add_signed_12380 ) 
        3 add_523_37_I4 ( add_signed_12380 ) 
        3 add_523_37_I3 ( add_signed_12380 ) 
        3 add_523_37_I2 ( add_signed_12380 ) 
        3 add_523_37_I1 ( add_signed_12380 ) 
        3 mul_450_59 ( mult_signed_4444 ) 
        3 add_457_46 ( add_signed_12790 ) 
        3 mux_179_22 ( bmux_171 ) 
        3 mux_185_17 ( bmux_12826 ) 
        3 mux_191_40 ( bmux_85 ) 
        3 mux_191_280 ( bmux_85 ) 
        3 mux_191_281 ( bmux_85 ) 
        3 mux_191_282 ( bmux_85 ) 
        3 mux_191_283 ( bmux_85 ) 
        3 mux_191_284 ( bmux_85 ) 
        3 mux_191_285 ( bmux_85 ) 
        3 mux_191_286 ( bmux_85 ) 
        3 mux_191_287 ( bmux_85 ) 
        3 mux_191_288 ( bmux_85 ) 
        3 mux_191_289 ( bmux_85 ) 
        3 mux_191_290 ( bmux_85 ) 
        3 mux_173_22 ( bmux_171 ) 
        3 mux_meta_wr_en_376_24 ( bmux_5_36 ) 
        3 mux_meta_wr_addr_528_27 ( bmux_44_59 ) 
        3 ctl_l_mul_context_reg_455_13 ( case_box_887 ) 
        3 mux_pending_m[0]_455_13 ( mux_524 ) 
        3 mux_pending_m[0]_454_13 ( bmux_17_37 ) 
        3 mux_pending_m[1]_455_13 ( mux_524 ) 
        3 mux_pending_m[1]_454_13 ( bmux_17_37 ) 
        3 mux_pending_m[2]_455_13 ( mux_524 ) 
        3 mux_pending_m[2]_454_13 ( bmux_17_37 ) 
        3 mux_pending_m[3]_455_13 ( mux_524 ) 
        3 mux_pending_m[3]_454_13 ( bmux_17_37 ) 
        3 mux_pending_m[4]_455_13 ( mux_524 ) 
        3 mux_pending_m[4]_454_13 ( bmux_17_37 ) 
        3 mux_pending_m[5]_455_13 ( mux_524 ) 
        3 mux_pending_m[5]_454_13 ( bmux_17_37 ) 
        3 mux_pending_m[6]_455_13 ( mux_524 ) 
        3 mux_pending_m[6]_454_13 ( bmux_17_37 ) 
        3 mux_pending_m[7]_455_13 ( mux_524 ) 
        3 mux_pending_m[7]_454_13 ( bmux_17_37 ) 
        3 mux_pending_m[sum_context_reg]_531_65 ( bmux_549 ) 
        3 mux_pending_l[0]_456_13 ( mux_500 ) 
        3 mux_pending_l[0]_454_13 ( bmux_499 ) 
        3 mux_pending_l[1]_456_13 ( mux_500 ) 
        3 mux_pending_l[1]_454_13 ( bmux_499 ) 
        3 mux_pending_l[2]_456_13 ( mux_500 ) 
        3 mux_pending_l[2]_454_13 ( bmux_499 ) 
        3 mux_pending_l[3]_456_13 ( mux_500 ) 
        3 mux_pending_l[3]_454_13 ( bmux_499 ) 
        3 mux_pending_l[4]_456_13 ( mux_500 ) 
        3 mux_pending_l[4]_454_13 ( bmux_499 ) 
        3 mux_pending_l[5]_456_13 ( mux_500 ) 
        3 mux_pending_l[5]_454_13 ( bmux_499 ) 
        3 mux_pending_l[6]_456_13 ( mux_500 ) 
        3 mux_pending_l[6]_454_13 ( bmux_499 ) 
        3 mux_pending_l[7]_456_13 ( mux_500 ) 
        3 mux_pending_l[7]_454_13 ( bmux_499 ) 
        3 mux_pending_l[sum_context_reg]_531_37 ( bmux_547 ) 
        3 mux_meta_wr_data_528_27 ( bmux_12950 ) 
        3 mux_fin_acc_rsp_data_555_19 ( bmux_12970 ) 
        3 mux_issue_quarter_reg_393_13 ( bmux_45_60 ) 
        3 mux_init_quarter_reg_376_24 ( bmux_45_60 ) 
        3 ctl_init_context_380_13 ( case_box_891 ) 
        3 sat_acc_456_45:gt_209_19 ( gt_signed_4555 ) 
        3 sat_acc_456_45:lt_211_24 ( lt_signed_4558 ) 
        3 sat_acc_456_45:mux_sat_acc_211_24 ( bmux_499 ) 
        3 sat_acc_456_45:mux_sat_acc_209_19 ( bmux_499 ) 
        3 round_shift15_457_17:gte_222_19 ( geq_signed ) 
        3 round_shift15_457_17:add_223_36 ( add_signed_4547 ) 
        3 round_shift15_457_17:minus_226_29 ( sub_signed_4549 ) 
        3 round_shift15_457_17:sub0060385 ( sub_signed_4551 ) 
        3 round_shift15_457_17:mux_round_shift15_222_19 ( bmux_4552 ) 
        3 round_shift15_510_36_I1:gte_222_19 ( geq_signed ) 
        3 round_shift15_510_36_I1:add_223_36 ( add_signed_4547 ) 
        3 round_shift15_510_36_I1:minus_226_29 ( sub_signed_4549 ) 
        3 round_shift15_510_36_I1:sub0060385 ( sub_signed_4551 ) 
        3 round_shift15_510_36_I1:mux_round_shift15_222_19 ( bmux_4552 ) 
        3 round_shift15_510_36_I2:gte_222_19 ( geq_signed ) 
        3 round_shift15_510_36_I2:add_223_36 ( add_signed_4547 ) 
        3 round_shift15_510_36_I2:minus_226_29 ( sub_signed_4549 ) 
        3 round_shift15_510_36_I2:sub0060385 ( sub_signed_4551 ) 
        3 round_shift15_510_36_I2:mux_round_shift15_222_19 ( bmux_4552 ) 
        3 round_shift15_510_36_I3:gte_222_19 ( geq_signed ) 
        3 round_shift15_510_36_I3:add_223_36 ( add_signed_4547 ) 
        3 round_shift15_510_36_I3:minus_226_29 ( sub_signed_4549 ) 
        3 round_shift15_510_36_I3:sub0060385 ( sub_signed_4551 ) 
        3 round_shift15_510_36_I3:mux_round_shift15_222_19 ( bmux_4552 ) 
        3 round_shift15_510_36_I4:gte_222_19 ( geq_signed ) 
        3 round_shift15_510_36_I4:add_223_36 ( add_signed_4547 ) 
        3 round_shift15_510_36_I4:minus_226_29 ( sub_signed_4549 ) 
        3 round_shift15_510_36_I4:sub0060385 ( sub_signed_4551 ) 
        3 round_shift15_510_36_I4:mux_round_shift15_222_19 ( bmux_4552 ) 
        3 round_shift15_510_36_I5:gte_222_19 ( geq_signed ) 
        3 round_shift15_510_36_I5:add_223_36 ( add_signed_4547 ) 
        3 round_shift15_510_36_I5:minus_226_29 ( sub_signed_4549 ) 
        3 round_shift15_510_36_I5:sub0060385 ( sub_signed_4551 ) 
        3 round_shift15_510_36_I5:mux_round_shift15_222_19 ( bmux_4552 ) 
        3 round_shift15_510_36_I6:gte_222_19 ( geq_signed ) 
        3 round_shift15_510_36_I6:add_223_36 ( add_signed_4547 ) 
        3 round_shift15_510_36_I6:minus_226_29 ( sub_signed_4549 ) 
        3 round_shift15_510_36_I6:sub0060385 ( sub_signed_4551 ) 
        3 round_shift15_510_36_I6:mux_round_shift15_222_19 ( bmux_4552 ) 
        3 round_shift15_510_36_I7:gte_222_19 ( geq_signed ) 
        3 round_shift15_510_36_I7:add_223_36 ( add_signed_4547 ) 
        3 round_shift15_510_36_I7:minus_226_29 ( sub_signed_4549 ) 
        3 round_shift15_510_36_I7:sub0060385 ( sub_signed_4551 ) 
        3 round_shift15_510_36_I7:mux_round_shift15_222_19 ( bmux_4552 ) 
        3 round_shift15_510_36_I8:gte_222_19 ( geq_signed ) 
        3 round_shift15_510_36_I8:add_223_36 ( add_signed_4547 ) 
        3 round_shift15_510_36_I8:minus_226_29 ( sub_signed_4549 ) 
        3 round_shift15_510_36_I8:sub0060385 ( sub_signed_4551 ) 
        3 round_shift15_510_36_I8:mux_round_shift15_222_19 ( bmux_4552 ) 
        3 round_shift15_510_36_I9:gte_222_19 ( geq_signed ) 
        3 round_shift15_510_36_I9:add_223_36 ( add_signed_4547 ) 
        3 round_shift15_510_36_I9:minus_226_29 ( sub_signed_4549 ) 
        3 round_shift15_510_36_I9:sub0060385 ( sub_signed_4551 ) 
        3 round_shift15_510_36_I9:mux_round_shift15_222_19 ( bmux_4552 ) 
        3 round_shift15_510_36_I10:gte_222_19 ( geq_signed ) 
        3 round_shift15_510_36_I10:add_223_36 ( add_signed_4547 ) 
        3 round_shift15_510_36_I10:minus_226_29 ( sub_signed_4549 ) 
        3 round_shift15_510_36_I10:sub0060385 ( sub_signed_4551 ) 
        3 round_shift15_510_36_I10:mux_round_shift15_222_19 ( bmux_4552 ) 
        3 round_shift15_510_36_I11:gte_222_19 ( geq_signed ) 
        3 round_shift15_510_36_I11:add_223_36 ( add_signed_4547 ) 
        3 round_shift15_510_36_I11:minus_226_29 ( sub_signed_4549 ) 
        3 round_shift15_510_36_I11:sub0060385 ( sub_signed_4551 ) 
        3 round_shift15_510_36_I11:mux_round_shift15_222_19 ( bmux_4552 ) 
        3 round_shift15_510_36_I12:gte_222_19 ( geq_signed ) 
        3 round_shift15_510_36_I12:add_223_36 ( add_signed_4547 ) 
        3 round_shift15_510_36_I12:minus_226_29 ( sub_signed_4549 ) 
        3 round_shift15_510_36_I12:sub0060385 ( sub_signed_4551 ) 
        3 round_shift15_510_36_I12:mux_round_shift15_222_19 ( bmux_4552 ) 
        3 round_shift15_510_36_I13:gte_222_19 ( geq_signed ) 
        3 round_shift15_510_36_I13:add_223_36 ( add_signed_4547 ) 
        3 round_shift15_510_36_I13:minus_226_29 ( sub_signed_4549 ) 
        3 round_shift15_510_36_I13:sub0060385 ( sub_signed_4551 ) 
        3 round_shift15_510_36_I13:mux_round_shift15_222_19 ( bmux_4552 ) 
        3 round_shift15_510_36_I14:gte_222_19 ( geq_signed ) 
        3 round_shift15_510_36_I14:add_223_36 ( add_signed_4547 ) 
        3 round_shift15_510_36_I14:minus_226_29 ( sub_signed_4549 ) 
        3 round_shift15_510_36_I14:sub0060385 ( sub_signed_4551 ) 
        3 round_shift15_510_36_I14:mux_round_shift15_222_19 ( bmux_4552 ) 
        3 round_shift15_510_36_I15:gte_222_19 ( geq_signed ) 
        3 round_shift15_510_36_I15:add_223_36 ( add_signed_4547 ) 
        3 round_shift15_510_36_I15:minus_226_29 ( sub_signed_4549 ) 
        3 round_shift15_510_36_I15:sub0060385 ( sub_signed_4551 ) 
        3 round_shift15_510_36_I15:mux_round_shift15_222_19 ( bmux_4552 ) 
        3 round_shift15_510_36_I16:gte_222_19 ( geq_signed ) 
        3 round_shift15_510_36_I16:add_223_36 ( add_signed_4547 ) 
        3 round_shift15_510_36_I16:minus_226_29 ( sub_signed_4549 ) 
        3 round_shift15_510_36_I16:sub0060385 ( sub_signed_4551 ) 
        3 round_shift15_510_36_I16:mux_round_shift15_222_19 ( bmux_4552 ) 
        3 sat_acc_522_36_I1:gt_209_19 ( gt_signed_4555 ) 
        3 sat_acc_522_36_I1:lt_211_24 ( lt_signed_4558 ) 
        3 sat_acc_522_36_I1:mux_sat_acc_211_24 ( bmux_499 ) 
        3 sat_acc_522_36_I1:mux_sat_acc_209_19 ( bmux_499 ) 
        3 sat_acc_522_36_I2:gt_209_19 ( gt_signed_4555 ) 
        3 sat_acc_522_36_I2:lt_211_24 ( lt_signed_4558 ) 
        3 sat_acc_522_36_I2:mux_sat_acc_211_24 ( bmux_499 ) 
        3 sat_acc_522_36_I2:mux_sat_acc_209_19 ( bmux_499 ) 
        3 sat_acc_522_36_I3:gt_209_19 ( gt_signed_4555 ) 
        3 sat_acc_522_36_I3:lt_211_24 ( lt_signed_4558 ) 
        3 sat_acc_522_36_I3:mux_sat_acc_211_24 ( bmux_499 ) 
        3 sat_acc_522_36_I3:mux_sat_acc_209_19 ( bmux_499 ) 
        3 sat_acc_522_36_I4:gt_209_19 ( gt_signed_4555 ) 
        3 sat_acc_522_36_I4:lt_211_24 ( lt_signed_4558 ) 
        3 sat_acc_522_36_I4:mux_sat_acc_211_24 ( bmux_499 ) 
        3 sat_acc_522_36_I4:mux_sat_acc_209_19 ( bmux_499 ) 
        3 sat_acc_522_36_I5:gt_209_19 ( gt_signed_4555 ) 
        3 sat_acc_522_36_I5:lt_211_24 ( lt_signed_4558 ) 
        3 sat_acc_522_36_I5:mux_sat_acc_211_24 ( bmux_499 ) 
        3 sat_acc_522_36_I5:mux_sat_acc_209_19 ( bmux_499 ) 
        3 sat_acc_522_36_I6:gt_209_19 ( gt_signed_4555 ) 
        3 sat_acc_522_36_I6:lt_211_24 ( lt_signed_4558 ) 
        3 sat_acc_522_36_I6:mux_sat_acc_211_24 ( bmux_499 ) 
        3 sat_acc_522_36_I6:mux_sat_acc_209_19 ( bmux_499 ) 
        3 sat_acc_522_36_I7:gt_209_19 ( gt_signed_4555 ) 
        3 sat_acc_522_36_I7:lt_211_24 ( lt_signed_4558 ) 
        3 sat_acc_522_36_I7:mux_sat_acc_211_24 ( bmux_499 ) 
        3 sat_acc_522_36_I7:mux_sat_acc_209_19 ( bmux_499 ) 
        3 sat_acc_522_36_I8:gt_209_19 ( gt_signed_4555 ) 
        3 sat_acc_522_36_I8:lt_211_24 ( lt_signed_4558 ) 
        3 sat_acc_522_36_I8:mux_sat_acc_211_24 ( bmux_499 ) 
        3 sat_acc_522_36_I8:mux_sat_acc_209_19 ( bmux_499 ) 
        3 sat_acc_522_36_I9:gt_209_19 ( gt_signed_4555 ) 
        3 sat_acc_522_36_I9:lt_211_24 ( lt_signed_4558 ) 
        3 sat_acc_522_36_I9:mux_sat_acc_211_24 ( bmux_499 ) 
        3 sat_acc_522_36_I9:mux_sat_acc_209_19 ( bmux_499 ) 
        3 sat_acc_522_36_I10:gt_209_19 ( gt_signed_4555 ) 
        3 sat_acc_522_36_I10:lt_211_24 ( lt_signed_4558 ) 
        3 sat_acc_522_36_I10:mux_sat_acc_211_24 ( bmux_499 ) 
        3 sat_acc_522_36_I10:mux_sat_acc_209_19 ( bmux_499 ) 
        3 sat_acc_522_36_I11:gt_209_19 ( gt_signed_4555 ) 
        3 sat_acc_522_36_I11:lt_211_24 ( lt_signed_4558 ) 
        3 sat_acc_522_36_I11:mux_sat_acc_211_24 ( bmux_499 ) 
        3 sat_acc_522_36_I11:mux_sat_acc_209_19 ( bmux_499 ) 
        3 sat_acc_522_36_I12:gt_209_19 ( gt_signed_4555 ) 
        3 sat_acc_522_36_I12:lt_211_24 ( lt_signed_4558 ) 
        3 sat_acc_522_36_I12:mux_sat_acc_211_24 ( bmux_499 ) 
        3 sat_acc_522_36_I12:mux_sat_acc_209_19 ( bmux_499 ) 
        3 sat_acc_522_36_I13:gt_209_19 ( gt_signed_4555 ) 
        3 sat_acc_522_36_I13:lt_211_24 ( lt_signed_4558 ) 
        3 sat_acc_522_36_I13:mux_sat_acc_211_24 ( bmux_499 ) 
        3 sat_acc_522_36_I13:mux_sat_acc_209_19 ( bmux_499 ) 
        3 sat_acc_522_36_I14:gt_209_19 ( gt_signed_4555 ) 
        3 sat_acc_522_36_I14:lt_211_24 ( lt_signed_4558 ) 
        3 sat_acc_522_36_I14:mux_sat_acc_211_24 ( bmux_499 ) 
        3 sat_acc_522_36_I14:mux_sat_acc_209_19 ( bmux_499 ) 
        3 sat_acc_522_36_I15:gt_209_19 ( gt_signed_4555 ) 
        3 sat_acc_522_36_I15:lt_211_24 ( lt_signed_4558 ) 
        3 sat_acc_522_36_I15:mux_sat_acc_211_24 ( bmux_499 ) 
        3 sat_acc_522_36_I15:mux_sat_acc_209_19 ( bmux_499 ) 
        3 sat_acc_522_36_I16:gt_209_19 ( gt_signed_4555 ) 
        3 sat_acc_522_36_I16:lt_211_24 ( lt_signed_4558 ) 
        3 sat_acc_522_36_I16:mux_sat_acc_211_24 ( bmux_499 ) 
        3 sat_acc_522_36_I16:mux_sat_acc_209_19 ( bmux_499 ) 
     2 add_115_55 ( add_unsigned_13070 ) 
     2 lt_116_51 ( lt_unsigned_13073 ) 
     2 lt_116_84 ( lt_unsigned_13076 ) 
     2 add_128_67 ( add_unsigned_271 ) 
     2 sub_129_67 ( sub_unsigned_4484 ) 
     2 add_135_60 ( add_unsigned_339 ) 
     2 add_138_60 ( add_unsigned_339 ) 
     2 add_140_65 ( add_unsigned_271 ) 
     2 sub_141_65 ( sub_unsigned_4484 ) 
     2 mux_issue_scale_mem[issue_meta_rd_ptr_reg]_180_35 ( bmux_4489 ) 
     2 mux_issue_m_mem[issue_meta_rd_ptr_reg]_181_15 ( bmux_549 ) 
     2 mux_pipeline_reserved_reg_127_9 ( bmux_4485 ) 
     2 mux_issue_meta_count_reg_139_9 ( bmux_4485 ) 
     2 ctl_issue_meta_wr_ptr_reg_133_13 ( case_box_950 ) 
  1 u_finalize ( finalize_cluster ) 
     2 u_recip ( reciprocal_approx_TOKEN_WIDTH3 ) 
        3 eq_70_42 ( equal_unsigned_13098 ) 
        3 add_89_44 ( add_unsigned_369 ) 
        3 minus_38_46 ( sub_signed_13104 ) 
        3 gte_42_32 ( geq_unsigned ) 
        3 sub_43_50 ( sub_unsigned_13107 ) 
        3 neq_91_54 ( nequal_unsigned_13109 ) 
        3 mux_38_35 ( bmux_499 ) 
        3 mux_state_reg_77_31 ( bmux_45_60 ) 
        3 ctl_state_reg_66_15 ( case_box_956 ) 
        3 mux_dividend_reg_66_15 ( mux_13117 ) 
        3 mux_91_54 ( bmux_17_37 ) 
        3 mux_inv_reg_66_15 ( mux_524 ) 
        3 mux_bit_idx_reg_66_15 ( mux_13124 ) 
        3 mux_state_reg_66_15 ( bmux_347 ) 
        3 mux_rem_reg_66_15 ( mux_1148 ) 
        3 mux_43_24 ( bmux_1149 ) 
        3 mux_quotient_reg_66_15 ( mux_1150 ) 
     2 u_norm ( output_norm_pipe_TOKEN_WIDTH5_LANES2 ) 
        3 mul_121_54_I2 ( mult_signed_13897 ) 
        3 mul_121_54_I1 ( mult_signed_13897 ) 
        3 round_shift_product_128_31_I1:add0076511 ( add_unsigned_13142 ) 
        3 round_shift_product_128_31_I1:add_65_28 ( add_signed_13144 ) 
        3 round_shift_product_128_31_I2:add0076511 ( add_unsigned_13142 ) 
        3 round_shift_product_128_31_I2:add_65_28 ( add_signed_13144 ) 
        3 sat_q8_8_135_27_I1:gt_79_19 ( gt_signed_13135 ) 
        3 sat_q8_8_135_27_I1:lt_81_24 ( lt_signed_13138 ) 
        3 sat_q8_8_135_27_I1:mux_sat_q8_8_81_24 ( bmux_242 ) 
        3 sat_q8_8_135_27_I1:mux_sat_q8_8_79_19 ( bmux_242 ) 
        3 sat_q8_8_135_27_I2:gt_79_19 ( gt_signed_13135 ) 
        3 sat_q8_8_135_27_I2:lt_81_24 ( lt_signed_13138 ) 
        3 sat_q8_8_135_27_I2:mux_sat_q8_8_81_24 ( bmux_242 ) 
        3 sat_q8_8_135_27_I2:mux_sat_q8_8_79_19 ( bmux_242 ) 
        3 round_shift_product_128_31_I1:mux_biased_62_13 ( bmux_1151 ) 
        3 round_shift_product_128_31_I2:mux_biased_62_13 ( bmux_1152 ) 
     2 add_91_43 ( add_unsigned_99 ) 
     2 add_239_50 ( add_unsigned_99 ) 
     2 add_260_86 ( add_unsigned_339 ) 
     2 add_255_62 ( add_unsigned_339 ) 
     2 add_172_46 ( add_unsigned_339 ) 
     2 add_181_46 ( add_unsigned_339 ) 
     2 add_186_51 ( add_unsigned_271 ) 
     2 sub_187_51 ( sub_unsigned_4484 ) 
     2 add_197_46 ( add_unsigned_339 ) 
     2 add_210_54 ( add_unsigned_339 ) 
     2 add_283_44 ( add_unsigned_271 ) 
     2 sub_211_52 ( sub_unsigned_4484 ) 
     2 mux_req_l_mem[req_rd_ptr_reg]_177_29 ( bmux_547 ) 
     2 mux_req_ctx_mem[req_rd_ptr_reg]_178_33 ( bmux_14717 ) 
     2 mux_norm_in_valid_reg_235_35 ( bmux_5_36 ) 
     2 mux_inv_value_mem[inv_rd_ptr_reg]_208_32 ( bmux_549 ) 
     2 mux_260_53 ( bmux_44_59 ) 
     2 mux_o_valid_247_42 ( bmux_5_36 ) 
     2 ctl_pack_slot_reg_242_27 ( case_box_1092 ) 
     2 mux_o_valid_242_27 ( mux_29 ) 
     2 mux_o_valid_241_36 ( bmux_5_36 ) 
     2 ctl_state_reg_201_15 ( case_box_1093 ) 
     2 mux_rsp_pair_reg_201_15 ( mux_170 ) 
     2 mux_req_row_mem[req_rd_ptr_reg]_180_33 ( bmux_14717 ) 
     2 mux_req_page_mem[req_rd_ptr_reg]_179_34 ( bmux_418 ) 
     2 mux_pack_reg_242_27 ( mux_14732 ) 
     2 mux_pack_reg_201_15 ( mux_14733 ) 
     2 mux_beat_idx_reg_201_15 ( mux_578 ) 
     2 mux_acc_req_valid_204_21 ( bmux_5_36 ) 
     2 mux_lane_pair_reg_201_15 ( mux_170 ) 
     2 mux_inv_row_mem[inv_rd_ptr_reg]_207_32 ( bmux_14717 ) 
     2 mux_inv_page_mem[inv_rd_ptr_reg]_206_33 ( bmux_418 ) 
     2 mux_inv_ctx_mem[inv_rd_ptr_reg]_205_32 ( bmux_14717 ) 
     2 mux_inv_zero_mem[inv_rd_ptr_reg]_209_37 ( bmux_418 ) 
     2 mux_done_valid_201_15 ( mux_29 ) 
     2 mux_acc_req_pair_201_15 ( mux_578 ) 
     2 mux_acc_req_quarter_201_15 ( mux_161 ) 
     2 mux_acc_req_context_201_15 ( mux_578 ) 
     2 mux_inv_busy_reg_191_13 ( bmux_5_36 ) 
     2 mux_req_count_reg_185_9 ( bmux_4485 ) 
     2 mux_inv_count_reg_284_33 ( bmux_188 ) 
     2 mux_inv_count_reg_282_24 ( bmux_188 ) 
     2 mux_norm_in_valid_reg_201_15 ( mux_29 ) 
     2 mux_pack_slot_reg_201_15 ( mux_578 ) 
     2 mux_o_valid_201_15 ( mux_29 ) 
     2 mux_state_reg_201_15 ( mux_245 ) 
     2 mux_acc_req_valid_201_15 ( mux_29 ) 
     2 ctl_req_wr_ptr_reg_168_13 ( case_box_1096 ) 
     2 ctl_inv_wr_ptr_reg_192_13 ( case_box_1108 ) 
  1 eq_205_47 ( equal_unsigned_14796 ) 
  1 mux_205_47 ( bmux_171 ) 
