============================================================
  Generated by:           Genus(TM) Synthesis Solution 25.12-s067_1
  Generated on:           Jul 07 2026  02:25:40 am
  Module:                 fa_top
  Technology libraries:   sky130_fd_sc_hs__tt_025C_1v80 1.0000000000
                          sky130_sram_0kbytes_1rw1r_64x32_8_TT_1p8V_25C_lib 
                          sky130_sram_0kbytes_1rw1r_64x64_8_TT_1p8V_25C_lib 
                          sky130_sram_0kbytes_1rw1r_128x16_16_TT_1p8V_25C_lib 
                          physical_cells 
  Operating conditions:   typ 
  Interconnect mode:      spatial
  Area mode:              physical library
============================================================

Timing
--------

Clock Period 
-------------
clk   3333.0 


  Cost    Critical               Violating 
 Group   Path Slack     TNS        Paths   
-------------------------------------------
clk          -282.0   -134392.1        815 
default    No paths         0.0            
-------------------------------------------
Total                 -134392.1        815 

Instance Count
--------------
Leaf Instance Count             176701 
Physical Instance count              0 
Sequential Instance Count        18702 
Combinational Instance Count    157999 
Hierarchical Instance Count          3 

Area
----
Cell Area                          6555350.175
Physical Cell Area                 0.000
Total Cell Area (Cell+Physical)    6555350.175
Net Area                           887169.921
Total Area (Cell+Physical+Net)     7442520.096

Floorplan Utilization              32.50%
Max Fanout                         18739 (clk)
Min Fanout                         0 (m_axis_tready)
Average Fanout                     2.3
Terms to net ratio                 3.2706
Terms to instance ratio            3.5446
Runtime                            2521.933969000002 seconds
Elapsed Runtime                    7089 seconds
Genus peak memory usage            5084.97 
Innovus peak memory usage          3581.988281 
Hostname                           sh02lo01
