============================================================
  Generated by:           Genus(TM) Synthesis Solution 25.12-s067_1
  Generated on:           Jul 07 2026  01:52:08 am
  Module:                 fa_top
  Technology libraries:   sky130_fd_sc_hs__tt_025C_1v80 1.0000000000
                          sky130_sram_0kbytes_1rw1r_64x32_8_TT_1p8V_25C_lib 
                          sky130_sram_0kbytes_1rw1r_64x64_8_TT_1p8V_25C_lib 
                          sky130_sram_0kbytes_1rw1r_128x16_16_TT_1p8V_25C_lib 
                          physical_cells 
  Operating conditions:   typ 
  Interconnect mode:      spatial
  Area mode:              physical library
============================================================

Timing
--------

Clock Period 
-------------
clk   3333.0 


  Cost    Critical              Violating 
 Group   Path Slack     TNS       Paths   
------------------------------------------
clk          -645.6   -83953.0        651 
default    No paths        0.0            
------------------------------------------
Total                 -83953.0        651 

Instance Count
--------------
Leaf Instance Count             174412 
Physical Instance count              0 
Sequential Instance Count        18702 
Combinational Instance Count    155710 
Hierarchical Instance Count        173 

Area
----
Cell Area                          7473971.170
Physical Cell Area                 0.000
Total Cell Area (Cell+Physical)    7473971.170
Net Area                           6900.359
Total Area (Cell+Physical+Net)     7480871.529

Floorplan Utilization              28.75%
Max Fanout                         18739 (clk)
Min Fanout                         0 (complete_last)
Average Fanout                     2.5
Terms to net ratio                 4.0477
Terms to instance ratio            4.2132
Runtime                            4469.712378 seconds
Elapsed Runtime                    5074 seconds
Genus peak memory usage            5084.97 
Innovus peak memory usage          3581.988281 
Hostname                           sh02lo01
