============================================================
  Generated by:           Genus(TM) Synthesis Solution 25.12-s067_1
  Generated on:           Jul 06 2026  01:30:48 pm
  Module:                 fa_top
  Operating conditions:   typ 
  Interconnect mode:      placement
  Area mode:              physical library
============================================================

Timing
--------

Clock Period 
-------------
clk   3333.0 


  Cost    Critical         Violating 
 Group   Path Slack  TNS     Paths   
-------------------------------------
clk             0.6   0.0          0 
default    No paths   0.0            
-------------------------------------
Total                 0.0          0 

Instance Count
--------------
Leaf Instance Count             187525 
Physical Instance count              0 
Sequential Instance Count        19256 
Combinational Instance Count    168269 
Hierarchical Instance Count          2 

Area
----
Cell Area                          8032217.894
Physical Cell Area                 0.000
Total Cell Area (Cell+Physical)    8032217.894
Net Area                           2880370.853
Total Area (Cell+Physical+Net)     10912588.747

Floorplan Utilization              32.47%
Max Fanout                         19294 (clk)
Min Fanout                         0 (UNCONNECTED296)
Average Fanout                     2.2
Terms to net ratio                 3.1600
Terms to instance ratio            3.4092
Runtime                            2785.5665120000003 seconds
Elapsed Runtime                    7404 seconds
Genus peak memory usage            6145.85 
Innovus peak memory usage          4786.480469 
Hostname                           sh02lo01

Physical Data
-------------
Total Net Length                   13092594.79 um
Average Net Length                 64.73 um
Routing Congestion                 H: 12.09% V: 6.46%
