============================================================
  Generated by:           Genus(TM) Synthesis Solution 25.12-s067_1
  Generated on:           Jul 07 2026  03:18:38 am
  Module:                 fa_top
  Operating conditions:   typ 
  Interconnect mode:      placement
  Area mode:              physical library
============================================================


Path 1: MET (1 ps) Setup Check with Pin u_regs_task_v_hi_reg[16]/CLK->D
          Group: clk
     Startpoint: (R) rst_n
          Clock: (R) clk
       Endpoint: (R) u_regs_task_v_hi_reg[16]/D
          Clock: (R) clk

                     Capture       Launch     
        Clock Edge:+    3333            0     
        Drv Adjust:+       0            0     
       Src Latency:+       0            0     
       Net Latency:+       0 (I)        0 (I) 
           Arrival:=    3333            0     
                                              
             Setup:-     110                  
     Required Time:=    3223                  
      Launch Clock:-       0                  
       Input Delay:-     500                  
         Data Path:-    2721                  
             Slack:=       1                  

Exceptions/Constraints:
  input_delay             500             default_emulate_cons_line_338   

#----------------------------------------------------------------------------------------------------------------------------------
#        Timing Point          Flags   Arc   Edge           Cell             Fanout  Load Trans Delay Arrival       Instance       
#                                                                                    (fF)  (ps)  (ps)   (ps)        Location       
#----------------------------------------------------------------------------------------------------------------------------------
  rst_n                        (@)     -     R     (arrival)                     20 683.8     3     0     500                (-,-) 
  FE_OCPC27445_rst_n/X         (@)     A->X  R     sky130_fd_sc_hs__buf_8         1  94.5   119   214     714  (2594.880,1661.670) 
  FE_OFC12137_rst_n/Y          (@)     A->Y  F     sky130_fd_sc_hs__inv_16       37 413.9    72    67     782  (2366.880,1661.670) 
  FE_OCPC26774_FE_OFN1_rst_n/X (@)     A->X  F     sky130_fd_sc_hs__clkbuf_2      1  16.5    66   359    1140  (1948.800,1961.370) 
  FE_OFC12147_rst_n/X          (@)     A->X  F     sky130_fd_sc_hs__buf_16       65 385.8    65   114    1254  (1941.120,1961.370) 
  g110455/Y                    (@)     A->Y  R     sky130_fd_sc_hs__nor2_1        3  14.0   208   398    1653  (1901.280,1298.700) 
  g108303/Y                    (@)     B->Y  F     sky130_fd_sc_hs__nand2_1       4  15.3   108   127    1780  (1928.160,1295.370) 
  g107981/Y                    (@)     B->Y  R     sky130_fd_sc_hs__nor2_1        1   9.2   140   138    1918  (1938.240,1302.030) 
  FE_OFC12337_n_91/X           (@)     A->X  R     sky130_fd_sc_hs__buf_8        69 396.5   494   306    2223  (1941.600,1302.030) 
  FE_OFC12340_n_91/X           (@)     A->X  R     sky130_fd_sc_hs__buf_4        56 310.1   659   661    2884  (2080.800,1571.760) 
  g103704/Y                    (@)     B1->Y F     sky130_fd_sc_hs__a222oi_1      1   6.7   190   224    3108  (2218.560,1764.900) 
  g103374/Y                    (@)     A->Y  R     sky130_fd_sc_hs__nand4_1       1   5.6    96   113    3221  (2217.120,1744.920) 
  u_regs_task_v_hi_reg[16]/D   <<<     -     R     sky130_fd_sc_hs__dfxtp_1       1     -     -     0    3221  (2218.080,1728.270) 
#----------------------------------------------------------------------------------------------------------------------------------

(@) : Annotated capacitance.

